<?xml version="1.0" encoding="utf-8" ?>
<result>
	<row>
		<label>site3 group1</label>
		<nb_visits>5</nb_visits>
		<nb_uniq_visitors>5</nb_uniq_visitors>
		<nb_hits>5</nb_hits>
		<sum_time_network>0</sum_time_network>
		<nb_hits_with_time_network>0</nb_hits_with_time_network>
		<min_time_network>0</min_time_network>
		<max_time_network>0</max_time_network>
		<sum_time_server>0</sum_time_server>
		<nb_hits_with_time_server>0</nb_hits_with_time_server>
		<min_time_server>0</min_time_server>
		<max_time_server>0</max_time_server>
		<sum_time_transfer>0</sum_time_transfer>
		<nb_hits_with_time_transfer>0</nb_hits_with_time_transfer>
		<min_time_transfer>0</min_time_transfer>
		<max_time_transfer>0</max_time_transfer>
		<sum_time_dom_processing>0</sum_time_dom_processing>
		<nb_hits_with_time_dom_processing>0</nb_hits_with_time_dom_processing>
		<min_time_dom_processing>0</min_time_dom_processing>
		<max_time_dom_processing>0</max_time_dom_processing>
		<sum_time_dom_completion>0</sum_time_dom_completion>
		<nb_hits_with_time_dom_completion>0</nb_hits_with_time_dom_completion>
		<min_time_dom_completion>0</min_time_dom_completion>
		<max_time_dom_completion>0</max_time_dom_completion>
		<sum_time_on_load>0</sum_time_on_load>
		<nb_hits_with_time_on_load>0</nb_hits_with_time_on_load>
		<min_time_on_load>0</min_time_on_load>
		<max_time_on_load>0</max_time_on_load>
		<sum_bandwidth>0</sum_bandwidth>
		<nb_hits_with_bandwidth>0</nb_hits_with_bandwidth>
		<min_bandwidth>0</min_bandwidth>
		<max_bandwidth>0</max_bandwidth>
		<sum_time_spent>1440</sum_time_spent>
		<bounce_count>0</bounce_count>
		<exit_nb_visits>1</exit_nb_visits>
		<avg_bandwidth>0</avg_bandwidth>
		<avg_time_on_dimension>288</avg_time_on_dimension>
		<bounce_rate>0%</bounce_rate>
		<exit_rate>20%</exit_rate>
		<segment>dimension1==site3+group1</segment>
		<subtable>
			<row>
				<label>example.com/page/1/1</label>
				<nb_visits>1</nb_visits>
				<nb_uniq_visitors>1</nb_uniq_visitors>
				<nb_hits>1</nb_hits>
				<sum_time_network>0</sum_time_network>
				<nb_hits_with_time_network>0</nb_hits_with_time_network>
				<min_time_network>0</min_time_network>
				<max_time_network>0</max_time_network>
				<sum_time_server>0</sum_time_server>
				<nb_hits_with_time_server>0</nb_hits_with_time_server>
				<min_time_server>0</min_time_server>
				<max_time_server>0</max_time_server>
				<sum_time_transfer>0</sum_time_transfer>
				<nb_hits_with_time_transfer>0</nb_hits_with_time_transfer>
				<min_time_transfer>0</min_time_transfer>
				<max_time_transfer>0</max_time_transfer>
				<sum_time_dom_processing>0</sum_time_dom_processing>
				<nb_hits_with_time_dom_processing>0</nb_hits_with_time_dom_processing>
				<min_time_dom_processing>0</min_time_dom_processing>
				<max_time_dom_processing>0</max_time_dom_processing>
				<sum_time_dom_completion>0</sum_time_dom_completion>
				<nb_hits_with_time_dom_completion>0</nb_hits_with_time_dom_completion>
				<min_time_dom_completion>0</min_time_dom_completion>
				<max_time_dom_completion>0</max_time_dom_completion>
				<sum_time_on_load>0</sum_time_on_load>
				<nb_hits_with_time_on_load>0</nb_hits_with_time_on_load>
				<min_time_on_load>0</min_time_on_load>
				<max_time_on_load>0</max_time_on_load>
				<sum_bandwidth>0</sum_bandwidth>
				<nb_hits_with_bandwidth>0</nb_hits_with_bandwidth>
				<min_bandwidth>0</min_bandwidth>
				<max_bandwidth>0</max_bandwidth>
				<sum_time_spent>360</sum_time_spent>
				<bounce_count>0</bounce_count>
				<exit_nb_visits>0</exit_nb_visits>
				<avg_time_on_dimension>360</avg_time_on_dimension>
				<bounce_rate>0%</bounce_rate>
				<exit_rate>0%</exit_rate>
				<segment>dimension1==site3+group1;actionUrl=$example.com%2Fpage%2F1%2F1</segment>
				<url>example.com%2Fpage%2F1%2F1</url>
			</row>
			<row>
				<label>example.com/page/1/2</label>
				<nb_visits>1</nb_visits>
				<nb_uniq_visitors>1</nb_uniq_visitors>
				<nb_hits>1</nb_hits>
				<sum_time_network>0</sum_time_network>
				<nb_hits_with_time_network>0</nb_hits_with_time_network>
				<min_time_network>0</min_time_network>
				<max_time_network>0</max_time_network>
				<sum_time_server>0</sum_time_server>
				<nb_hits_with_time_server>0</nb_hits_with_time_server>
				<min_time_server>0</min_time_server>
				<max_time_server>0</max_time_server>
				<sum_time_transfer>0</sum_time_transfer>
				<nb_hits_with_time_transfer>0</nb_hits_with_time_transfer>
				<min_time_transfer>0</min_time_transfer>
				<max_time_transfer>0</max_time_transfer>
				<sum_time_dom_processing>0</sum_time_dom_processing>
				<nb_hits_with_time_dom_processing>0</nb_hits_with_time_dom_processing>
				<min_time_dom_processing>0</min_time_dom_processing>
				<max_time_dom_processing>0</max_time_dom_processing>
				<sum_time_dom_completion>0</sum_time_dom_completion>
				<nb_hits_with_time_dom_completion>0</nb_hits_with_time_dom_completion>
				<min_time_dom_completion>0</min_time_dom_completion>
				<max_time_dom_completion>0</max_time_dom_completion>
				<sum_time_on_load>0</sum_time_on_load>
				<nb_hits_with_time_on_load>0</nb_hits_with_time_on_load>
				<min_time_on_load>0</min_time_on_load>
				<max_time_on_load>0</max_time_on_load>
				<sum_bandwidth>0</sum_bandwidth>
				<nb_hits_with_bandwidth>0</nb_hits_with_bandwidth>
				<min_bandwidth>0</min_bandwidth>
				<max_bandwidth>0</max_bandwidth>
				<sum_time_spent>360</sum_time_spent>
				<bounce_count>0</bounce_count>
				<exit_nb_visits>0</exit_nb_visits>
				<avg_time_on_dimension>360</avg_time_on_dimension>
				<bounce_rate>0%</bounce_rate>
				<exit_rate>0%</exit_rate>
				<segment>dimension1==site3+group1;actionUrl=$example.com%2Fpage%2F1%2F2</segment>
				<url>example.com%2Fpage%2F1%2F2</url>
			</row>
			<row>
				<label>Others</label>
				<nb_visits>3</nb_visits>
				<nb_uniq_visitors>3</nb_uniq_visitors>
				<nb_hits>3</nb_hits>
				<sum_time_network>0</sum_time_network>
				<nb_hits_with_time_network>0</nb_hits_with_time_network>
				<min_time_network>0</min_time_network>
				<max_time_network>0</max_time_network>
				<sum_time_server>0</sum_time_server>
				<nb_hits_with_time_server>0</nb_hits_with_time_server>
				<min_time_server>0</min_time_server>
				<max_time_server>0</max_time_server>
				<sum_time_transfer>0</sum_time_transfer>
				<nb_hits_with_time_transfer>0</nb_hits_with_time_transfer>
				<min_time_transfer>0</min_time_transfer>
				<max_time_transfer>0</max_time_transfer>
				<sum_time_dom_processing>0</sum_time_dom_processing>
				<nb_hits_with_time_dom_processing>0</nb_hits_with_time_dom_processing>
				<min_time_dom_processing>0</min_time_dom_processing>
				<max_time_dom_processing>0</max_time_dom_processing>
				<sum_time_dom_completion>0</sum_time_dom_completion>
				<nb_hits_with_time_dom_completion>0</nb_hits_with_time_dom_completion>
				<min_time_dom_completion>0</min_time_dom_completion>
				<max_time_dom_completion>0</max_time_dom_completion>
				<sum_time_on_load>0</sum_time_on_load>
				<nb_hits_with_time_on_load>0</nb_hits_with_time_on_load>
				<min_time_on_load>0</min_time_on_load>
				<max_time_on_load>0</max_time_on_load>
				<sum_bandwidth>0</sum_bandwidth>
				<nb_hits_with_bandwidth>0</nb_hits_with_bandwidth>
				<min_bandwidth>0</min_bandwidth>
				<max_bandwidth>0</max_bandwidth>
				<sum_time_spent>720</sum_time_spent>
				<bounce_count>0</bounce_count>
				<exit_nb_visits>1</exit_nb_visits>
				<avg_time_on_dimension>240</avg_time_on_dimension>
				<bounce_rate>0%</bounce_rate>
				<exit_rate>33%</exit_rate>
				<segment>dimension1==site3+group1;actionUrl=$-1</segment>
				<url>-1</url>
			</row>
		</subtable>
	</row>
	<row>
		<label>site3 group2</label>
		<nb_visits>5</nb_visits>
		<nb_uniq_visitors>5</nb_uniq_visitors>
		<nb_hits>5</nb_hits>
		<sum_time_network>0</sum_time_network>
		<nb_hits_with_time_network>0</nb_hits_with_time_network>
		<min_time_network>0</min_time_network>
		<max_time_network>0</max_time_network>
		<sum_time_server>0</sum_time_server>
		<nb_hits_with_time_server>0</nb_hits_with_time_server>
		<min_time_server>0</min_time_server>
		<max_time_server>0</max_time_server>
		<sum_time_transfer>0</sum_time_transfer>
		<nb_hits_with_time_transfer>0</nb_hits_with_time_transfer>
		<min_time_transfer>0</min_time_transfer>
		<max_time_transfer>0</max_time_transfer>
		<sum_time_dom_processing>0</sum_time_dom_processing>
		<nb_hits_with_time_dom_processing>0</nb_hits_with_time_dom_processing>
		<min_time_dom_processing>0</min_time_dom_processing>
		<max_time_dom_processing>0</max_time_dom_processing>
		<sum_time_dom_completion>0</sum_time_dom_completion>
		<nb_hits_with_time_dom_completion>0</nb_hits_with_time_dom_completion>
		<min_time_dom_completion>0</min_time_dom_completion>
		<max_time_dom_completion>0</max_time_dom_completion>
		<sum_time_on_load>0</sum_time_on_load>
		<nb_hits_with_time_on_load>0</nb_hits_with_time_on_load>
		<min_time_on_load>0</min_time_on_load>
		<max_time_on_load>0</max_time_on_load>
		<sum_bandwidth>0</sum_bandwidth>
		<nb_hits_with_bandwidth>0</nb_hits_with_bandwidth>
		<min_bandwidth>0</min_bandwidth>
		<max_bandwidth>0</max_bandwidth>
		<sum_time_spent>1440</sum_time_spent>
		<bounce_count>0</bounce_count>
		<exit_nb_visits>1</exit_nb_visits>
		<avg_bandwidth>0</avg_bandwidth>
		<avg_time_on_dimension>288</avg_time_on_dimension>
		<bounce_rate>0%</bounce_rate>
		<exit_rate>20%</exit_rate>
		<segment>dimension1==site3+group2</segment>
		<subtable>
			<row>
				<label>example.com/page/2/1</label>
				<nb_visits>1</nb_visits>
				<nb_uniq_visitors>1</nb_uniq_visitors>
				<nb_hits>1</nb_hits>
				<sum_time_network>0</sum_time_network>
				<nb_hits_with_time_network>0</nb_hits_with_time_network>
				<min_time_network>0</min_time_network>
				<max_time_network>0</max_time_network>
				<sum_time_server>0</sum_time_server>
				<nb_hits_with_time_server>0</nb_hits_with_time_server>
				<min_time_server>0</min_time_server>
				<max_time_server>0</max_time_server>
				<sum_time_transfer>0</sum_time_transfer>
				<nb_hits_with_time_transfer>0</nb_hits_with_time_transfer>
				<min_time_transfer>0</min_time_transfer>
				<max_time_transfer>0</max_time_transfer>
				<sum_time_dom_processing>0</sum_time_dom_processing>
				<nb_hits_with_time_dom_processing>0</nb_hits_with_time_dom_processing>
				<min_time_dom_processing>0</min_time_dom_processing>
				<max_time_dom_processing>0</max_time_dom_processing>
				<sum_time_dom_completion>0</sum_time_dom_completion>
				<nb_hits_with_time_dom_completion>0</nb_hits_with_time_dom_completion>
				<min_time_dom_completion>0</min_time_dom_completion>
				<max_time_dom_completion>0</max_time_dom_completion>
				<sum_time_on_load>0</sum_time_on_load>
				<nb_hits_with_time_on_load>0</nb_hits_with_time_on_load>
				<min_time_on_load>0</min_time_on_load>
				<max_time_on_load>0</max_time_on_load>
				<sum_bandwidth>0</sum_bandwidth>
				<nb_hits_with_bandwidth>0</nb_hits_with_bandwidth>
				<min_bandwidth>0</min_bandwidth>
				<max_bandwidth>0</max_bandwidth>
				<sum_time_spent>360</sum_time_spent>
				<bounce_count>0</bounce_count>
				<exit_nb_visits>0</exit_nb_visits>
				<avg_time_on_dimension>360</avg_time_on_dimension>
				<bounce_rate>0%</bounce_rate>
				<exit_rate>0%</exit_rate>
				<segment>dimension1==site3+group2;actionUrl=$example.com%2Fpage%2F2%2F1</segment>
				<url>example.com%2Fpage%2F2%2F1</url>
			</row>
			<row>
				<label>example.com/page/2/2</label>
				<nb_visits>1</nb_visits>
				<nb_uniq_visitors>1</nb_uniq_visitors>
				<nb_hits>1</nb_hits>
				<sum_time_network>0</sum_time_network>
				<nb_hits_with_time_network>0</nb_hits_with_time_network>
				<min_time_network>0</min_time_network>
				<max_time_network>0</max_time_network>
				<sum_time_server>0</sum_time_server>
				<nb_hits_with_time_server>0</nb_hits_with_time_server>
				<min_time_server>0</min_time_server>
				<max_time_server>0</max_time_server>
				<sum_time_transfer>0</sum_time_transfer>
				<nb_hits_with_time_transfer>0</nb_hits_with_time_transfer>
				<min_time_transfer>0</min_time_transfer>
				<max_time_transfer>0</max_time_transfer>
				<sum_time_dom_processing>0</sum_time_dom_processing>
				<nb_hits_with_time_dom_processing>0</nb_hits_with_time_dom_processing>
				<min_time_dom_processing>0</min_time_dom_processing>
				<max_time_dom_processing>0</max_time_dom_processing>
				<sum_time_dom_completion>0</sum_time_dom_completion>
				<nb_hits_with_time_dom_completion>0</nb_hits_with_time_dom_completion>
				<min_time_dom_completion>0</min_time_dom_completion>
				<max_time_dom_completion>0</max_time_dom_completion>
				<sum_time_on_load>0</sum_time_on_load>
				<nb_hits_with_time_on_load>0</nb_hits_with_time_on_load>
				<min_time_on_load>0</min_time_on_load>
				<max_time_on_load>0</max_time_on_load>
				<sum_bandwidth>0</sum_bandwidth>
				<nb_hits_with_bandwidth>0</nb_hits_with_bandwidth>
				<min_bandwidth>0</min_bandwidth>
				<max_bandwidth>0</max_bandwidth>
				<sum_time_spent>360</sum_time_spent>
				<bounce_count>0</bounce_count>
				<exit_nb_visits>0</exit_nb_visits>
				<avg_time_on_dimension>360</avg_time_on_dimension>
				<bounce_rate>0%</bounce_rate>
				<exit_rate>0%</exit_rate>
				<segment>dimension1==site3+group2;actionUrl=$example.com%2Fpage%2F2%2F2</segment>
				<url>example.com%2Fpage%2F2%2F2</url>
			</row>
			<row>
				<label>Others</label>
				<nb_visits>3</nb_visits>
				<nb_uniq_visitors>3</nb_uniq_visitors>
				<nb_hits>3</nb_hits>
				<sum_time_network>0</sum_time_network>
				<nb_hits_with_time_network>0</nb_hits_with_time_network>
				<min_time_network>0</min_time_network>
				<max_time_network>0</max_time_network>
				<sum_time_server>0</sum_time_server>
				<nb_hits_with_time_server>0</nb_hits_with_time_server>
				<min_time_server>0</min_time_server>
				<max_time_server>0</max_time_server>
				<sum_time_transfer>0</sum_time_transfer>
				<nb_hits_with_time_transfer>0</nb_hits_with_time_transfer>
				<min_time_transfer>0</min_time_transfer>
				<max_time_transfer>0</max_time_transfer>
				<sum_time_dom_processing>0</sum_time_dom_processing>
				<nb_hits_with_time_dom_processing>0</nb_hits_with_time_dom_processing>
				<min_time_dom_processing>0</min_time_dom_processing>
				<max_time_dom_processing>0</max_time_dom_processing>
				<sum_time_dom_completion>0</sum_time_dom_completion>
				<nb_hits_with_time_dom_completion>0</nb_hits_with_time_dom_completion>
				<min_time_dom_completion>0</min_time_dom_completion>
				<max_time_dom_completion>0</max_time_dom_completion>
				<sum_time_on_load>0</sum_time_on_load>
				<nb_hits_with_time_on_load>0</nb_hits_with_time_on_load>
				<min_time_on_load>0</min_time_on_load>
				<max_time_on_load>0</max_time_on_load>
				<sum_bandwidth>0</sum_bandwidth>
				<nb_hits_with_bandwidth>0</nb_hits_with_bandwidth>
				<min_bandwidth>0</min_bandwidth>
				<max_bandwidth>0</max_bandwidth>
				<sum_time_spent>720</sum_time_spent>
				<bounce_count>0</bounce_count>
				<exit_nb_visits>1</exit_nb_visits>
				<avg_time_on_dimension>240</avg_time_on_dimension>
				<bounce_rate>0%</bounce_rate>
				<exit_rate>33%</exit_rate>
				<segment>dimension1==site3+group2;actionUrl=$-1</segment>
				<url>-1</url>
			</row>
		</subtable>
	</row>
	<row>
		<label>site3 group3</label>
		<nb_visits>5</nb_visits>
		<nb_uniq_visitors>5</nb_uniq_visitors>
		<nb_hits>5</nb_hits>
		<sum_time_network>0</sum_time_network>
		<nb_hits_with_time_network>0</nb_hits_with_time_network>
		<min_time_network>0</min_time_network>
		<max_time_network>0</max_time_network>
		<sum_time_server>0</sum_time_server>
		<nb_hits_with_time_server>0</nb_hits_with_time_server>
		<min_time_server>0</min_time_server>
		<max_time_server>0</max_time_server>
		<sum_time_transfer>0</sum_time_transfer>
		<nb_hits_with_time_transfer>0</nb_hits_with_time_transfer>
		<min_time_transfer>0</min_time_transfer>
		<max_time_transfer>0</max_time_transfer>
		<sum_time_dom_processing>0</sum_time_dom_processing>
		<nb_hits_with_time_dom_processing>0</nb_hits_with_time_dom_processing>
		<min_time_dom_processing>0</min_time_dom_processing>
		<max_time_dom_processing>0</max_time_dom_processing>
		<sum_time_dom_completion>0</sum_time_dom_completion>
		<nb_hits_with_time_dom_completion>0</nb_hits_with_time_dom_completion>
		<min_time_dom_completion>0</min_time_dom_completion>
		<max_time_dom_completion>0</max_time_dom_completion>
		<sum_time_on_load>0</sum_time_on_load>
		<nb_hits_with_time_on_load>0</nb_hits_with_time_on_load>
		<min_time_on_load>0</min_time_on_load>
		<max_time_on_load>0</max_time_on_load>
		<sum_bandwidth>0</sum_bandwidth>
		<nb_hits_with_bandwidth>0</nb_hits_with_bandwidth>
		<min_bandwidth>0</min_bandwidth>
		<max_bandwidth>0</max_bandwidth>
		<sum_time_spent>1440</sum_time_spent>
		<bounce_count>0</bounce_count>
		<exit_nb_visits>1</exit_nb_visits>
		<avg_bandwidth>0</avg_bandwidth>
		<avg_time_on_dimension>288</avg_time_on_dimension>
		<bounce_rate>0%</bounce_rate>
		<exit_rate>20%</exit_rate>
		<segment>dimension1==site3+group3</segment>
		<subtable>
			<row>
				<label>example.com/page/3/1</label>
				<nb_visits>1</nb_visits>
				<nb_uniq_visitors>1</nb_uniq_visitors>
				<nb_hits>1</nb_hits>
				<sum_time_network>0</sum_time_network>
				<nb_hits_with_time_network>0</nb_hits_with_time_network>
				<min_time_network>0</min_time_network>
				<max_time_network>0</max_time_network>
				<sum_time_server>0</sum_time_server>
				<nb_hits_with_time_server>0</nb_hits_with_time_server>
				<min_time_server>0</min_time_server>
				<max_time_server>0</max_time_server>
				<sum_time_transfer>0</sum_time_transfer>
				<nb_hits_with_time_transfer>0</nb_hits_with_time_transfer>
				<min_time_transfer>0</min_time_transfer>
				<max_time_transfer>0</max_time_transfer>
				<sum_time_dom_processing>0</sum_time_dom_processing>
				<nb_hits_with_time_dom_processing>0</nb_hits_with_time_dom_processing>
				<min_time_dom_processing>0</min_time_dom_processing>
				<max_time_dom_processing>0</max_time_dom_processing>
				<sum_time_dom_completion>0</sum_time_dom_completion>
				<nb_hits_with_time_dom_completion>0</nb_hits_with_time_dom_completion>
				<min_time_dom_completion>0</min_time_dom_completion>
				<max_time_dom_completion>0</max_time_dom_completion>
				<sum_time_on_load>0</sum_time_on_load>
				<nb_hits_with_time_on_load>0</nb_hits_with_time_on_load>
				<min_time_on_load>0</min_time_on_load>
				<max_time_on_load>0</max_time_on_load>
				<sum_bandwidth>0</sum_bandwidth>
				<nb_hits_with_bandwidth>0</nb_hits_with_bandwidth>
				<min_bandwidth>0</min_bandwidth>
				<max_bandwidth>0</max_bandwidth>
				<sum_time_spent>360</sum_time_spent>
				<bounce_count>0</bounce_count>
				<exit_nb_visits>0</exit_nb_visits>
				<avg_time_on_dimension>360</avg_time_on_dimension>
				<bounce_rate>0%</bounce_rate>
				<exit_rate>0%</exit_rate>
				<segment>dimension1==site3+group3;actionUrl=$example.com%2Fpage%2F3%2F1</segment>
				<url>example.com%2Fpage%2F3%2F1</url>
			</row>
			<row>
				<label>example.com/page/3/2</label>
				<nb_visits>1</nb_visits>
				<nb_uniq_visitors>1</nb_uniq_visitors>
				<nb_hits>1</nb_hits>
				<sum_time_network>0</sum_time_network>
				<nb_hits_with_time_network>0</nb_hits_with_time_network>
				<min_time_network>0</min_time_network>
				<max_time_network>0</max_time_network>
				<sum_time_server>0</sum_time_server>
				<nb_hits_with_time_server>0</nb_hits_with_time_server>
				<min_time_server>0</min_time_server>
				<max_time_server>0</max_time_server>
				<sum_time_transfer>0</sum_time_transfer>
				<nb_hits_with_time_transfer>0</nb_hits_with_time_transfer>
				<min_time_transfer>0</min_time_transfer>
				<max_time_transfer>0</max_time_transfer>
				<sum_time_dom_processing>0</sum_time_dom_processing>
				<nb_hits_with_time_dom_processing>0</nb_hits_with_time_dom_processing>
				<min_time_dom_processing>0</min_time_dom_processing>
				<max_time_dom_processing>0</max_time_dom_processing>
				<sum_time_dom_completion>0</sum_time_dom_completion>
				<nb_hits_with_time_dom_completion>0</nb_hits_with_time_dom_completion>
				<min_time_dom_completion>0</min_time_dom_completion>
				<max_time_dom_completion>0</max_time_dom_completion>
				<sum_time_on_load>0</sum_time_on_load>
				<nb_hits_with_time_on_load>0</nb_hits_with_time_on_load>
				<min_time_on_load>0</min_time_on_load>
				<max_time_on_load>0</max_time_on_load>
				<sum_bandwidth>0</sum_bandwidth>
				<nb_hits_with_bandwidth>0</nb_hits_with_bandwidth>
				<min_bandwidth>0</min_bandwidth>
				<max_bandwidth>0</max_bandwidth>
				<sum_time_spent>360</sum_time_spent>
				<bounce_count>0</bounce_count>
				<exit_nb_visits>0</exit_nb_visits>
				<avg_time_on_dimension>360</avg_time_on_dimension>
				<bounce_rate>0%</bounce_rate>
				<exit_rate>0%</exit_rate>
				<segment>dimension1==site3+group3;actionUrl=$example.com%2Fpage%2F3%2F2</segment>
				<url>example.com%2Fpage%2F3%2F2</url>
			</row>
			<row>
				<label>Others</label>
				<nb_visits>3</nb_visits>
				<nb_uniq_visitors>3</nb_uniq_visitors>
				<nb_hits>3</nb_hits>
				<sum_time_network>0</sum_time_network>
				<nb_hits_with_time_network>0</nb_hits_with_time_network>
				<min_time_network>0</min_time_network>
				<max_time_network>0</max_time_network>
				<sum_time_server>0</sum_time_server>
				<nb_hits_with_time_server>0</nb_hits_with_time_server>
				<min_time_server>0</min_time_server>
				<max_time_server>0</max_time_server>
				<sum_time_transfer>0</sum_time_transfer>
				<nb_hits_with_time_transfer>0</nb_hits_with_time_transfer>
				<min_time_transfer>0</min_time_transfer>
				<max_time_transfer>0</max_time_transfer>
				<sum_time_dom_processing>0</sum_time_dom_processing>
				<nb_hits_with_time_dom_processing>0</nb_hits_with_time_dom_processing>
				<min_time_dom_processing>0</min_time_dom_processing>
				<max_time_dom_processing>0</max_time_dom_processing>
				<sum_time_dom_completion>0</sum_time_dom_completion>
				<nb_hits_with_time_dom_completion>0</nb_hits_with_time_dom_completion>
				<min_time_dom_completion>0</min_time_dom_completion>
				<max_time_dom_completion>0</max_time_dom_completion>
				<sum_time_on_load>0</sum_time_on_load>
				<nb_hits_with_time_on_load>0</nb_hits_with_time_on_load>
				<min_time_on_load>0</min_time_on_load>
				<max_time_on_load>0</max_time_on_load>
				<sum_bandwidth>0</sum_bandwidth>
				<nb_hits_with_bandwidth>0</nb_hits_with_bandwidth>
				<min_bandwidth>0</min_bandwidth>
				<max_bandwidth>0</max_bandwidth>
				<sum_time_spent>720</sum_time_spent>
				<bounce_count>0</bounce_count>
				<exit_nb_visits>1</exit_nb_visits>
				<avg_time_on_dimension>240</avg_time_on_dimension>
				<bounce_rate>0%</bounce_rate>
				<exit_rate>33%</exit_rate>
				<segment>dimension1==site3+group3;actionUrl=$-1</segment>
				<url>-1</url>
			</row>
		</subtable>
	</row>
	<row>
		<label>site3 group4</label>
		<nb_visits>5</nb_visits>
		<nb_uniq_visitors>5</nb_uniq_visitors>
		<nb_hits>5</nb_hits>
		<sum_time_network>0</sum_time_network>
		<nb_hits_with_time_network>0</nb_hits_with_time_network>
		<min_time_network>0</min_time_network>
		<max_time_network>0</max_time_network>
		<sum_time_server>0</sum_time_server>
		<nb_hits_with_time_server>0</nb_hits_with_time_server>
		<min_time_server>0</min_time_server>
		<max_time_server>0</max_time_server>
		<sum_time_transfer>0</sum_time_transfer>
		<nb_hits_with_time_transfer>0</nb_hits_with_time_transfer>
		<min_time_transfer>0</min_time_transfer>
		<max_time_transfer>0</max_time_transfer>
		<sum_time_dom_processing>0</sum_time_dom_processing>
		<nb_hits_with_time_dom_processing>0</nb_hits_with_time_dom_processing>
		<min_time_dom_processing>0</min_time_dom_processing>
		<max_time_dom_processing>0</max_time_dom_processing>
		<sum_time_dom_completion>0</sum_time_dom_completion>
		<nb_hits_with_time_dom_completion>0</nb_hits_with_time_dom_completion>
		<min_time_dom_completion>0</min_time_dom_completion>
		<max_time_dom_completion>0</max_time_dom_completion>
		<sum_time_on_load>0</sum_time_on_load>
		<nb_hits_with_time_on_load>0</nb_hits_with_time_on_load>
		<min_time_on_load>0</min_time_on_load>
		<max_time_on_load>0</max_time_on_load>
		<sum_bandwidth>0</sum_bandwidth>
		<nb_hits_with_bandwidth>0</nb_hits_with_bandwidth>
		<min_bandwidth>0</min_bandwidth>
		<max_bandwidth>0</max_bandwidth>
		<sum_time_spent>1440</sum_time_spent>
		<bounce_count>0</bounce_count>
		<exit_nb_visits>1</exit_nb_visits>
		<avg_bandwidth>0</avg_bandwidth>
		<avg_time_on_dimension>288</avg_time_on_dimension>
		<bounce_rate>0%</bounce_rate>
		<exit_rate>20%</exit_rate>
		<segment>dimension1==site3+group4</segment>
		<subtable>
			<row>
				<label>example.com/page/4/1</label>
				<nb_visits>1</nb_visits>
				<nb_uniq_visitors>1</nb_uniq_visitors>
				<nb_hits>1</nb_hits>
				<sum_time_network>0</sum_time_network>
				<nb_hits_with_time_network>0</nb_hits_with_time_network>
				<min_time_network>0</min_time_network>
				<max_time_network>0</max_time_network>
				<sum_time_server>0</sum_time_server>
				<nb_hits_with_time_server>0</nb_hits_with_time_server>
				<min_time_server>0</min_time_server>
				<max_time_server>0</max_time_server>
				<sum_time_transfer>0</sum_time_transfer>
				<nb_hits_with_time_transfer>0</nb_hits_with_time_transfer>
				<min_time_transfer>0</min_time_transfer>
				<max_time_transfer>0</max_time_transfer>
				<sum_time_dom_processing>0</sum_time_dom_processing>
				<nb_hits_with_time_dom_processing>0</nb_hits_with_time_dom_processing>
				<min_time_dom_processing>0</min_time_dom_processing>
				<max_time_dom_processing>0</max_time_dom_processing>
				<sum_time_dom_completion>0</sum_time_dom_completion>
				<nb_hits_with_time_dom_completion>0</nb_hits_with_time_dom_completion>
				<min_time_dom_completion>0</min_time_dom_completion>
				<max_time_dom_completion>0</max_time_dom_completion>
				<sum_time_on_load>0</sum_time_on_load>
				<nb_hits_with_time_on_load>0</nb_hits_with_time_on_load>
				<min_time_on_load>0</min_time_on_load>
				<max_time_on_load>0</max_time_on_load>
				<sum_bandwidth>0</sum_bandwidth>
				<nb_hits_with_bandwidth>0</nb_hits_with_bandwidth>
				<min_bandwidth>0</min_bandwidth>
				<max_bandwidth>0</max_bandwidth>
				<sum_time_spent>360</sum_time_spent>
				<bounce_count>0</bounce_count>
				<exit_nb_visits>0</exit_nb_visits>
				<avg_time_on_dimension>360</avg_time_on_dimension>
				<bounce_rate>0%</bounce_rate>
				<exit_rate>0%</exit_rate>
				<segment>dimension1==site3+group4;actionUrl=$example.com%2Fpage%2F4%2F1</segment>
				<url>example.com%2Fpage%2F4%2F1</url>
			</row>
			<row>
				<label>example.com/page/4/2</label>
				<nb_visits>1</nb_visits>
				<nb_uniq_visitors>1</nb_uniq_visitors>
				<nb_hits>1</nb_hits>
				<sum_time_network>0</sum_time_network>
				<nb_hits_with_time_network>0</nb_hits_with_time_network>
				<min_time_network>0</min_time_network>
				<max_time_network>0</max_time_network>
				<sum_time_server>0</sum_time_server>
				<nb_hits_with_time_server>0</nb_hits_with_time_server>
				<min_time_server>0</min_time_server>
				<max_time_server>0</max_time_server>
				<sum_time_transfer>0</sum_time_transfer>
				<nb_hits_with_time_transfer>0</nb_hits_with_time_transfer>
				<min_time_transfer>0</min_time_transfer>
				<max_time_transfer>0</max_time_transfer>
				<sum_time_dom_processing>0</sum_time_dom_processing>
				<nb_hits_with_time_dom_processing>0</nb_hits_with_time_dom_processing>
				<min_time_dom_processing>0</min_time_dom_processing>
				<max_time_dom_processing>0</max_time_dom_processing>
				<sum_time_dom_completion>0</sum_time_dom_completion>
				<nb_hits_with_time_dom_completion>0</nb_hits_with_time_dom_completion>
				<min_time_dom_completion>0</min_time_dom_completion>
				<max_time_dom_completion>0</max_time_dom_completion>
				<sum_time_on_load>0</sum_time_on_load>
				<nb_hits_with_time_on_load>0</nb_hits_with_time_on_load>
				<min_time_on_load>0</min_time_on_load>
				<max_time_on_load>0</max_time_on_load>
				<sum_bandwidth>0</sum_bandwidth>
				<nb_hits_with_bandwidth>0</nb_hits_with_bandwidth>
				<min_bandwidth>0</min_bandwidth>
				<max_bandwidth>0</max_bandwidth>
				<sum_time_spent>360</sum_time_spent>
				<bounce_count>0</bounce_count>
				<exit_nb_visits>0</exit_nb_visits>
				<avg_time_on_dimension>360</avg_time_on_dimension>
				<bounce_rate>0%</bounce_rate>
				<exit_rate>0%</exit_rate>
				<segment>dimension1==site3+group4;actionUrl=$example.com%2Fpage%2F4%2F2</segment>
				<url>example.com%2Fpage%2F4%2F2</url>
			</row>
			<row>
				<label>Others</label>
				<nb_visits>3</nb_visits>
				<nb_uniq_visitors>3</nb_uniq_visitors>
				<nb_hits>3</nb_hits>
				<sum_time_network>0</sum_time_network>
				<nb_hits_with_time_network>0</nb_hits_with_time_network>
				<min_time_network>0</min_time_network>
				<max_time_network>0</max_time_network>
				<sum_time_server>0</sum_time_server>
				<nb_hits_with_time_server>0</nb_hits_with_time_server>
				<min_time_server>0</min_time_server>
				<max_time_server>0</max_time_server>
				<sum_time_transfer>0</sum_time_transfer>
				<nb_hits_with_time_transfer>0</nb_hits_with_time_transfer>
				<min_time_transfer>0</min_time_transfer>
				<max_time_transfer>0</max_time_transfer>
				<sum_time_dom_processing>0</sum_time_dom_processing>
				<nb_hits_with_time_dom_processing>0</nb_hits_with_time_dom_processing>
				<min_time_dom_processing>0</min_time_dom_processing>
				<max_time_dom_processing>0</max_time_dom_processing>
				<sum_time_dom_completion>0</sum_time_dom_completion>
				<nb_hits_with_time_dom_completion>0</nb_hits_with_time_dom_completion>
				<min_time_dom_completion>0</min_time_dom_completion>
				<max_time_dom_completion>0</max_time_dom_completion>
				<sum_time_on_load>0</sum_time_on_load>
				<nb_hits_with_time_on_load>0</nb_hits_with_time_on_load>
				<min_time_on_load>0</min_time_on_load>
				<max_time_on_load>0</max_time_on_load>
				<sum_bandwidth>0</sum_bandwidth>
				<nb_hits_with_bandwidth>0</nb_hits_with_bandwidth>
				<min_bandwidth>0</min_bandwidth>
				<max_bandwidth>0</max_bandwidth>
				<sum_time_spent>720</sum_time_spent>
				<bounce_count>0</bounce_count>
				<exit_nb_visits>1</exit_nb_visits>
				<avg_time_on_dimension>240</avg_time_on_dimension>
				<bounce_rate>0%</bounce_rate>
				<exit_rate>33%</exit_rate>
				<segment>dimension1==site3+group4;actionUrl=$-1</segment>
				<url>-1</url>
			</row>
		</subtable>
	</row>
	<row>
		<label>site3 group5</label>
		<nb_visits>5</nb_visits>
		<nb_uniq_visitors>5</nb_uniq_visitors>
		<nb_hits>5</nb_hits>
		<sum_time_network>0</sum_time_network>
		<nb_hits_with_time_network>0</nb_hits_with_time_network>
		<min_time_network>0</min_time_network>
		<max_time_network>0</max_time_network>
		<sum_time_server>0</sum_time_server>
		<nb_hits_with_time_server>0</nb_hits_with_time_server>
		<min_time_server>0</min_time_server>
		<max_time_server>0</max_time_server>
		<sum_time_transfer>0</sum_time_transfer>
		<nb_hits_with_time_transfer>0</nb_hits_with_time_transfer>
		<min_time_transfer>0</min_time_transfer>
		<max_time_transfer>0</max_time_transfer>
		<sum_time_dom_processing>0</sum_time_dom_processing>
		<nb_hits_with_time_dom_processing>0</nb_hits_with_time_dom_processing>
		<min_time_dom_processing>0</min_time_dom_processing>
		<max_time_dom_processing>0</max_time_dom_processing>
		<sum_time_dom_completion>0</sum_time_dom_completion>
		<nb_hits_with_time_dom_completion>0</nb_hits_with_time_dom_completion>
		<min_time_dom_completion>0</min_time_dom_completion>
		<max_time_dom_completion>0</max_time_dom_completion>
		<sum_time_on_load>0</sum_time_on_load>
		<nb_hits_with_time_on_load>0</nb_hits_with_time_on_load>
		<min_time_on_load>0</min_time_on_load>
		<max_time_on_load>0</max_time_on_load>
		<sum_bandwidth>0</sum_bandwidth>
		<nb_hits_with_bandwidth>0</nb_hits_with_bandwidth>
		<min_bandwidth>0</min_bandwidth>
		<max_bandwidth>0</max_bandwidth>
		<sum_time_spent>1440</sum_time_spent>
		<bounce_count>0</bounce_count>
		<exit_nb_visits>1</exit_nb_visits>
		<avg_bandwidth>0</avg_bandwidth>
		<avg_time_on_dimension>288</avg_time_on_dimension>
		<bounce_rate>0%</bounce_rate>
		<exit_rate>20%</exit_rate>
		<segment>dimension1==site3+group5</segment>
		<subtable>
			<row>
				<label>example.com/page/5/1</label>
				<nb_visits>1</nb_visits>
				<nb_uniq_visitors>1</nb_uniq_visitors>
				<nb_hits>1</nb_hits>
				<sum_time_network>0</sum_time_network>
				<nb_hits_with_time_network>0</nb_hits_with_time_network>
				<min_time_network>0</min_time_network>
				<max_time_network>0</max_time_network>
				<sum_time_server>0</sum_time_server>
				<nb_hits_with_time_server>0</nb_hits_with_time_server>
				<min_time_server>0</min_time_server>
				<max_time_server>0</max_time_server>
				<sum_time_transfer>0</sum_time_transfer>
				<nb_hits_with_time_transfer>0</nb_hits_with_time_transfer>
				<min_time_transfer>0</min_time_transfer>
				<max_time_transfer>0</max_time_transfer>
				<sum_time_dom_processing>0</sum_time_dom_processing>
				<nb_hits_with_time_dom_processing>0</nb_hits_with_time_dom_processing>
				<min_time_dom_processing>0</min_time_dom_processing>
				<max_time_dom_processing>0</max_time_dom_processing>
				<sum_time_dom_completion>0</sum_time_dom_completion>
				<nb_hits_with_time_dom_completion>0</nb_hits_with_time_dom_completion>
				<min_time_dom_completion>0</min_time_dom_completion>
				<max_time_dom_completion>0</max_time_dom_completion>
				<sum_time_on_load>0</sum_time_on_load>
				<nb_hits_with_time_on_load>0</nb_hits_with_time_on_load>
				<min_time_on_load>0</min_time_on_load>
				<max_time_on_load>0</max_time_on_load>
				<sum_bandwidth>0</sum_bandwidth>
				<nb_hits_with_bandwidth>0</nb_hits_with_bandwidth>
				<min_bandwidth>0</min_bandwidth>
				<max_bandwidth>0</max_bandwidth>
				<sum_time_spent>360</sum_time_spent>
				<bounce_count>0</bounce_count>
				<exit_nb_visits>0</exit_nb_visits>
				<avg_time_on_dimension>360</avg_time_on_dimension>
				<bounce_rate>0%</bounce_rate>
				<exit_rate>0%</exit_rate>
				<segment>dimension1==site3+group5;actionUrl=$example.com%2Fpage%2F5%2F1</segment>
				<url>example.com%2Fpage%2F5%2F1</url>
			</row>
			<row>
				<label>example.com/page/5/2</label>
				<nb_visits>1</nb_visits>
				<nb_uniq_visitors>1</nb_uniq_visitors>
				<nb_hits>1</nb_hits>
				<sum_time_network>0</sum_time_network>
				<nb_hits_with_time_network>0</nb_hits_with_time_network>
				<min_time_network>0</min_time_network>
				<max_time_network>0</max_time_network>
				<sum_time_server>0</sum_time_server>
				<nb_hits_with_time_server>0</nb_hits_with_time_server>
				<min_time_server>0</min_time_server>
				<max_time_server>0</max_time_server>
				<sum_time_transfer>0</sum_time_transfer>
				<nb_hits_with_time_transfer>0</nb_hits_with_time_transfer>
				<min_time_transfer>0</min_time_transfer>
				<max_time_transfer>0</max_time_transfer>
				<sum_time_dom_processing>0</sum_time_dom_processing>
				<nb_hits_with_time_dom_processing>0</nb_hits_with_time_dom_processing>
				<min_time_dom_processing>0</min_time_dom_processing>
				<max_time_dom_processing>0</max_time_dom_processing>
				<sum_time_dom_completion>0</sum_time_dom_completion>
				<nb_hits_with_time_dom_completion>0</nb_hits_with_time_dom_completion>
				<min_time_dom_completion>0</min_time_dom_completion>
				<max_time_dom_completion>0</max_time_dom_completion>
				<sum_time_on_load>0</sum_time_on_load>
				<nb_hits_with_time_on_load>0</nb_hits_with_time_on_load>
				<min_time_on_load>0</min_time_on_load>
				<max_time_on_load>0</max_time_on_load>
				<sum_bandwidth>0</sum_bandwidth>
				<nb_hits_with_bandwidth>0</nb_hits_with_bandwidth>
				<min_bandwidth>0</min_bandwidth>
				<max_bandwidth>0</max_bandwidth>
				<sum_time_spent>360</sum_time_spent>
				<bounce_count>0</bounce_count>
				<exit_nb_visits>0</exit_nb_visits>
				<avg_time_on_dimension>360</avg_time_on_dimension>
				<bounce_rate>0%</bounce_rate>
				<exit_rate>0%</exit_rate>
				<segment>dimension1==site3+group5;actionUrl=$example.com%2Fpage%2F5%2F2</segment>
				<url>example.com%2Fpage%2F5%2F2</url>
			</row>
			<row>
				<label>Others</label>
				<nb_visits>3</nb_visits>
				<nb_uniq_visitors>3</nb_uniq_visitors>
				<nb_hits>3</nb_hits>
				<sum_time_network>0</sum_time_network>
				<nb_hits_with_time_network>0</nb_hits_with_time_network>
				<min_time_network>0</min_time_network>
				<max_time_network>0</max_time_network>
				<sum_time_server>0</sum_time_server>
				<nb_hits_with_time_server>0</nb_hits_with_time_server>
				<min_time_server>0</min_time_server>
				<max_time_server>0</max_time_server>
				<sum_time_transfer>0</sum_time_transfer>
				<nb_hits_with_time_transfer>0</nb_hits_with_time_transfer>
				<min_time_transfer>0</min_time_transfer>
				<max_time_transfer>0</max_time_transfer>
				<sum_time_dom_processing>0</sum_time_dom_processing>
				<nb_hits_with_time_dom_processing>0</nb_hits_with_time_dom_processing>
				<min_time_dom_processing>0</min_time_dom_processing>
				<max_time_dom_processing>0</max_time_dom_processing>
				<sum_time_dom_completion>0</sum_time_dom_completion>
				<nb_hits_with_time_dom_completion>0</nb_hits_with_time_dom_completion>
				<min_time_dom_completion>0</min_time_dom_completion>
				<max_time_dom_completion>0</max_time_dom_completion>
				<sum_time_on_load>0</sum_time_on_load>
				<nb_hits_with_time_on_load>0</nb_hits_with_time_on_load>
				<min_time_on_load>0</min_time_on_load>
				<max_time_on_load>0</max_time_on_load>
				<sum_bandwidth>0</sum_bandwidth>
				<nb_hits_with_bandwidth>0</nb_hits_with_bandwidth>
				<min_bandwidth>0</min_bandwidth>
				<max_bandwidth>0</max_bandwidth>
				<sum_time_spent>720</sum_time_spent>
				<bounce_count>0</bounce_count>
				<exit_nb_visits>1</exit_nb_visits>
				<avg_time_on_dimension>240</avg_time_on_dimension>
				<bounce_rate>0%</bounce_rate>
				<exit_rate>33%</exit_rate>
				<segment>dimension1==site3+group5;actionUrl=$-1</segment>
				<url>-1</url>
			</row>
		</subtable>
	</row>
</result>