<?xml version="1.0" encoding="utf-8" ?>
<result>
	<row>
		<label>Others</label>
		<nb_visits>15</nb_visits>
		<nb_uniq_visitors>15</nb_uniq_visitors>
		<nb_hits>310</nb_hits>
		<sum_time_network>0</sum_time_network>
		<nb_hits_with_time_network>0</nb_hits_with_time_network>
		<min_time_network>0</min_time_network>
		<max_time_network>0</max_time_network>
		<sum_time_server>0</sum_time_server>
		<nb_hits_with_time_server>0</nb_hits_with_time_server>
		<min_time_server>0</min_time_server>
		<max_time_server>0</max_time_server>
		<sum_time_transfer>0</sum_time_transfer>
		<nb_hits_with_time_transfer>0</nb_hits_with_time_transfer>
		<min_time_transfer>0</min_time_transfer>
		<max_time_transfer>0</max_time_transfer>
		<sum_time_dom_processing>0</sum_time_dom_processing>
		<nb_hits_with_time_dom_processing>0</nb_hits_with_time_dom_processing>
		<min_time_dom_processing>0</min_time_dom_processing>
		<max_time_dom_processing>0</max_time_dom_processing>
		<sum_time_dom_completion>0</sum_time_dom_completion>
		<nb_hits_with_time_dom_completion>0</nb_hits_with_time_dom_completion>
		<min_time_dom_completion>0</min_time_dom_completion>
		<max_time_dom_completion>0</max_time_dom_completion>
		<sum_time_on_load>0</sum_time_on_load>
		<nb_hits_with_time_on_load>0</nb_hits_with_time_on_load>
		<min_time_on_load>0</min_time_on_load>
		<max_time_on_load>0</max_time_on_load>
		<sum_bandwidth>0</sum_bandwidth>
		<nb_hits_with_bandwidth>0</nb_hits_with_bandwidth>
		<min_bandwidth>0</min_bandwidth>
		<max_bandwidth>0</max_bandwidth>
		<sum_time_spent>0</sum_time_spent>
		<bounce_count>0</bounce_count>
		<exit_nb_visits>15</exit_nb_visits>
		<avg_bandwidth>0</avg_bandwidth>
		<avg_time_on_dimension>0</avg_time_on_dimension>
		<bounce_rate>0%</bounce_rate>
		<exit_rate>100%</exit_rate>
		<segment>dimension1==-1</segment>
	</row>
</result>