<html style="background-color:#edecec">

<head>
    <meta charset="utf-8">
    <meta name="robots" content="noindex,nofollow">
    <meta name="generator" content="Matomo Analytics">
</head>

<body style="color:#212121;font-family:-apple-system, BlinkMacSystemFont, 'Segoe UI', Roboto, Oxygen-Sans, Cantarell, 'Helvetica Neue', sans-serif; line-height: 24px; margin:0 auto; max-width:1000px; background-color:rgb(255, 255, 255);box-shadow: 0px 0px 5px 1px rgba(0,0,0,0.75);">

<a name="reportTop"></a>

<table style="width:100%; background-color: &#x23;3450A3; color: &#x23;fff; padding:10px 0; margin: 0 0 25px 0; height:64px;">
    <tr>
        <td>
            <a style="color:#212121;font-family:-apple-system, BlinkMacSystemFont, 'Segoe UI', Roboto, Oxygen-Sans, Cantarell, 'Helvetica Neue', sans-serif;; font-size:16px;padding:0 15px;padding-bottom: 8px;color: &#x23;fff;height: 22px;display: inline-block;vertical-align: inherit;" rel="noreferrer noopener" target="_blank" href="http://example.com/piwik/tests/PHPUnit/proxy/">
                                    <img src="http://example.com/piwik/tests/PHPUnit/proxy//plugins/Morpheus/images/logo-email.png" height="30px" width="auto" alt="Matomo,&#x20;free&#x2F;libre&#x20;analytics&#x20;platform" />
                            </a>
        </td>
        <td align="right">
                        <a style="color:#212121;font-family:-apple-system, BlinkMacSystemFont, 'Segoe UI', Roboto, Oxygen-Sans, Cantarell, 'Helvetica Neue', sans-serif;; font-size:16px; padding:0 15px; color: &#x23;fff" title="View Web Analytics reports for A very long name for a very tiny test site, that also reaches the 90 character limit fully." target="_blank" href="http://example.com/piwik/tests/PHPUnit/proxy/index.php?module=CoreHome&action=redirectToCoreHomeIndex&idSite=1&period=day&date=today-date-removed-in-tests">
                Dashboard
            </a>
                    </td>
    </tr>
</table>

<div style="margin:0 20px 25px 20px;">

    <h2 style='color:#212121;font-family:-apple-system, BlinkMacSystemFont, &#039;Segoe UI&#039;, Roboto, Oxygen-Sans, Cantarell, &#039;Helvetica Neue&#039;, sans-serif; color:#37474f; line-height:30px; margin:25px 0 15px 0;'>
        Hello,
    </h2>

    <p style='font-size:15px;line-height:24px;margin:0 0 16px;color:#212121;font-family:-apple-system, BlinkMacSystemFont, &#039;Segoe UI&#039;, Roboto, Oxygen-Sans, Cantarell, &#039;Helvetica Neue&#039;, sans-serif;'>
                Please find below your day report for A very long name for a very tiny test site, that also reaches the 90 character limit fully.
                <br />Mail Test report (previous default)
        <br />Date range: week April 4 – 10, 2011
        <br />Sent from http://example.com/piwik/tests/PHPUnit/proxy/.
    </p>

    
    
<h2 id="Actions_getPageTitles" style=" color:#0d0d0d;font-family:-apple-system, BlinkMacSystemFont, &#039;Segoe UI&#039;, Roboto, Oxygen-Sans, Cantarell, &#039;Helvetica Neue&#039;, sans-serif; font-size: 24pt; font-weight:normal; margin:45px 0 30px 0;">
    Page titles
</h2>

            <img alt=""
                                    src="data:image/png;base64,iVBORw0KGgoAAAANSUhEUgAAArwAAADICAIAAACF9KXqAAAACXBIWXMAAA7EAAAOxAGVKw4bAAAfIElEQVR4nO3dfYweR33A8bnL+c6+8/kuvvezfbZzScw5LxjZgYDlBHAUXAgY8qKjhAaRFoeCEkhbSqq24pD6IhUqaFCRwh9I8E9rlSaKolYRiJYoQmqJA2kJtQk9gq/E5HrBPI658704vv6x7mazOzM7+zI7s899P7Ks5/Z2Zn47u8/u75nZfa5ldXVVAAAApGl1HQAAAKgHkgYAAGCEpAEAABghaQAAAEZIGgAAgBGSBgAAYISkAQAAGCFpAAAARspJGsbHx0upBwAAeKuteBUVZAzP/mTOdhMApK6+YsB1CAB8UXSkYXx8fHp6upRQAACAzwolDWQMORw+dH31tR0+dH3wr8Smq1HHmGuHTgZgKH/S4DBjkJ7jgoWc/pIOH7r+0cf/LfinX62ykAwFkasC0wdse3PCPKzKbMxSQ5pOBoCoQvc0RO9mCHOIp556KrrOiRMndu/eXaQVIcTJFxdjS5577rnkas8999znHvy69FdeyRHhp+6763MPfj13bdF1VFVV3HWaLYquEISkCkwTcAWbE43/8KHr9ZtTVouWNupzD35dtQlLL8/YaBGAQ3v37s1XMH/SEB1miI46XHfdddHVYj/GzM/Pz8zMTExM6NvqeO2NkMEHo+jn5tiPnrvyyitLLGVSW2ydfAGULgyjcaaxuLg0PDSkWqHIttsTbT15TNaRtD8ruxHy5MmTnZ2dAwPcd7mmHT9+fGxsrKury3UgkCvh6QmvJJOJ4EW4MLqC6nWsNlUlwXJ9c7HlqjiTwUTric28GM4yJMuGMUurSvZGNGxNo9L+iRWM9VgsjK8dfTxZp+EFWBWq6kjQrCO0eyETVddJw0i2pQqslMNbFVtz5D0ArGq2pCEqNScoUknq9Ua1ZurkcbKs+dk8tWy+qpI/alpUFdSE0TjTSI2nSKhZd4EodvCY9EA0jHxtFS+VqSAAiLK+3Kn6OyKjHy41gwTS9aMrpF4/VJXoL0vRD9NFrjcFyxa5uy1HYhG8VhW0d3FKHXrJ2nSOnoylROZhSNuKtZiaBpVyeANAqiYfaUgulH7UbprPW57cA+9JGEUYjkaEr1MnpAq2ZVgq9fCWTqsBgCEHScOt9z+SWHZCtfLDX3hf7obW4GnRh03OMRfgIZOeVK2TtQek9USHHFQrpEaoaY7UAUAOvv/BqqmpKdWvgvNpvkGCsFTBMXzENM2YTW4+9IDJ4R3e71JtaADqzUHS8PAX3ndtz38c3vPy4T0v/8bul9449OPgtfRf7laks7zhr5Irm9SpuR6oJqGTy1U1q+oxCUxaNmvxHFKjLSUA6bXN/Nps3qWqvaAvpZe6Z/UHqmaYId/hTZYAoAg39zSE4weG39OQT+zEmu/zn3kNqtskY8vDYeFYzdKrSHIqWh+GySYbVmUoWZtquzQFk49cxq6XyXoyRa7pXpO9kKk58z1bsK3SS/kwRgLAcy2rq6sOmzdMGlz9lUtOo9WQfrmTvc73ZLd6EkZIFQ9f7oQq8eVOnvP9ngasWc03465/itIt3+IB4KdmfuQSdaeZ1K+jcieGStRMnQzAKqYn4J7qb0/AB0xPoEpMT3iuHiMNlZ224MTcnFhYWNi+nb0MAF7jngYAAGCkHiMN53/+hOsQYFFro9G2uHT+kp+5DmQNadt6o+sQANQPIw0AAMAIScNr7Lrxbtch6Hgenrmm2RCf0ckASleP6QmV4LT44ye+6joQudhZ29s4K7brxrt//MRXg/9Vv9WXtRpb9MdqdpmljdJ0MgDkU++koRRWT6zRml2dwb26chQMpoINqX6XWT38vNr7AOquxtMTwdkwOC26jsVIjUJFgF0GAFHNNtIQDn2HS2IfHGMLgyWxC0Om4mFz5p/npKWSlSeDiRZXLYnVE9vA5MdoVbtC0Q+qAXxNPZrI9WsmA4jVIA0mU/9kkqlDkm2pAlNtVOwwS30tjYHBBgAlarakQciuK8lTdvg6dkrddePdmYonmysYpL7y1E+9ybL6a4a+LWmGIY2neIfoY5NWm7VzCsaZqUNyt1W8VKaCAJBJjacnVExur9MMO2ctnnWAIVlKVXnBq5pJWU2fSAceCvZtJvr4c1wXc8Sp2mWpMUjbirWYmgYlI0xWIkXGAMCSuo40xM7mFXy0ynch1F+GPWe+yXWZ+DccjQhfp04VFWzLsJT0CE++BUQNjzEA9eIgaTj7N+ujP24V4uw3lSt3f2JR9auKL1T5Tsf1PYlnGvyvy2ZmHX2JyjobIq0nOuSgWiE1Qk1zpA4ArPJ9pGFqampqakr6q6zz2TDHpHiMDx0SuxFHuo7qjksAKIWDexq6P7H417964OHehx7ufejvO7/0t+emgtfSf9IakufE1Ine1OlkPenssnnxTJWrrg2qFqN3V5isr6KfodfUn69zpLvMfL+Yb2zBODV1amLQtKUfZtCUSq4sbRoA7HEz0hAOHszPz8/MzExMTFTQqOruRcMb91LvE7QdW3TeWnV9ktajuW1TtUWqJjRtmXRO7HqZ7PncmZw+mKxx6tsSBh2Su63SSzHqAKBELaurqw6bN0wa+CuXNhS/nBR/hCFwptFYXFwaGh6qOJjS+RBDjCokD//K5cmTJzs7OwcGBlwHApeOHz8+NjbW1dXlOhDINeEjl7CnyBRPoKwHMj1RvEOs8jAkALXm+42Q8IpmpiNrJc1xMSulQyxpmk4G4A+mJ+BeKdMTyITpCfiJ6QnP1WOkwcMTHEp0oWPu/MJC29btrgMBAOhwTwMAADBSj5GGs8dOuQ4BFi02GstLS2fn1rkOBC4tz55u7Zg/27viOhDfde8bdR0C1i5GGgAAgBGShtfYM3nAdQg6nodnSQVbXaSJtblTVOgNoLnVO2nYM3nA55NUEF74z3U4vvOwizwMqXQlbuOeyQPPHH1SU6e+rUP33V5WJNKmq38zroXjB2tNvZOGUlh9Yz9z9Mnwn6szSF3OXMH1JuAw5mjT0ZCcqKAfytrGMGPI7fEHv1FKJCrVvxmdHz9A6WqcNAQnKYcX46xqFCrQ3Hgzolndev8jt97/yD9884Sl+uvx9IS5IJNQfVgMl4cLgyWx00em4mFz5p8qpKWSlSeDiRZXLYnVE9vA2OZE+yoZv7QfYvGkxq8KMvr6Ow89Fl2Yaackm5D2gPj/64Sm66RNS/e1Pgb9CqrVko1K953hcaLZL7HDT9oDQnHkq7bLfJhB8w49dN/twZGg2qJMR34mqW/52K9UvZqsM7VvARue/3nDUs3NljQI2WUgPNsm3+GxM1Ew32lePNlcwSD1lad+NkqWlZ5qU9tV/aiKp3iHRJnvlNQtEup0x7BpTeXSNMukH5KrSTdQtTy1rdT9oopNuo555xsyqbD4kV88nnKP9nLfI4DetbsGLdVc4+kJFZNPQprByazFsw4wJEupKi947jMpq+mT1PO4pl39KT75WTNTnJnWLPfUrN9Mw36Q7iaTOLMeJ1kPWsP4i3dpag3Fj/xMSUamsRNVW7FG9YlR1uMfMHTr/Y8IIca39owNb7LURF1HGmLv+Qoy93xv8tRxXZ+Zb3KOD/FhwWeOPtlo2BpJq1iRK4FJWdtXGlWWkBxp903W3kseh+W2VVYpIIezC8vbmilpeHrfV+JLhPJktPfYEdWvKn4T5jtj+nye1cs0PlzfzSxX7n4w7G3b/ayqPxyuryCGfLKOq0VlnQrR9JJ0ssk8QqAUHe1t3V3tlir3faRhampqampK+qtM73NkYm/kJqyZEdpQXWa4pTP9dddkmwMIIbYOddur3ME9DXuPHXnsllPP3tvx7L0d37+n5Vu3nw5eS/9Ja0i+z1OvQPoZx1TSCWzz4pkqV11WVS1GJ6pN1lfR37inqd+8c3z7+FVwNiH1INSP9qvW0fSetH7D/ZJ6zKvqz9FL0vej+Zuu4JGvKZIq9d2kb0szzKApZf4rwMSWwY32Kncz0hAOHszPz8/MzExMTFTQqOpGMMOPvKn3CdqOTXXLlXSdaD2aO+BUW6RqQtNWuZ1jaRxC03UmTaduo2E/JPeI4Q5V1W+yXwwH8JP1m2xU8mKZ7MbcaXrWIz9TW+bvpoJtWT2BAFHbhmzd0CCEaFldXbVXeyrDpIG/cmlD8YHZsoZ2G43G4tLS8NBQ8arsqdE4tpNQizf64uzs+o6O3t5eG5UX50MMgeb+K5fHjx8fGxvr6upyHUj9BI9O7Npx6Udu23PZVsn7qBRN+Mgl7CkyxQN7fNgvzXeTig+9CmS1cO681XsafL8REl7JOtyNaniyX1Qz+jXlSa8CmfR0d7Svu8Re/SQNa1e+8+CaPXt6vuGehGcpDFdb50mvAuaG++zO7NQjaWjuOTwszq27sLDQvZ29vKadPrmyvrOze2DAdSBAjY0MWHx0QnBPAwAATWOLzRsaRF1GGk4dO+s6BFjUaCwuLS2vm2Mvr2mnZ5fnO1pXeut6GIzus3uyBjSCRycmLuuzehekYKQBAIDmsLLyiu17GkgaXuPA5B7XIeh4Hp4la3Ors6KXKkAnw3N9vRtaW1usNlHvpOHA5B6f38ZBeOE/1+H4ji7K7cDkniePPqPqQH3H2u52J+8CSw1pOhnwwZDlYQZR96ShFFbPAk8efSb85+p0U5fT3JNHnwlfex6zV+EFGUPu4kXKmjdR8bvA3kaRN8BnQ/0kDWrBubJG7+EahQpYwrsAsGerzT9VFajH0xPmkuO00s+v4cJgSewslql42Jz5hxtpqWTlyWCixVVLYvXENjC2OdG+SsYv7YdYPKnxq4KMvn7soe9EF2baKarNSW6sPjzVOskKpV2aWlYfT/KQ0O9l/ULV1kn7J1aDNOZMh1wm0ea+8eDjmhikbakCU22U6ghUvZbGkKwfcCt4dOKqy/u3DFp/hKfZkgYhOwkmzy/h69j7P5h2NS+ebK5gkPrKUz+iJcvqT3D6tqQZhjSe4h0SZb5TNJsjDPadqqy0oFB3qWHZTOvbkNqNWY83UWzXJ5t77KHvZO03SxEaHnKAP1pbWjb3bLDeiu0GqmdyOdGMkWYtnnWAIVlKVXnBU7BJWU2fmH+oNe/b6PomFyRNMOarmYSn6jqTdqX1GyZq0Xhi68fiLOWipa8hRxNZd71QvwsC777nrZn6LbWXUiM0PBrJGOC/vp71FbRS15GG2Kmnmk9pBUvV7rxjvskma0p3U7Ck0Wjkia8Shp+2K4jET1n7J3kAlNuWYSnN0RhdQdTwbYs1a3BzZwWtOEgavrLv6diSJ0V8SejIsb2qX1V8ps537qjvGSfTSHV9N1PPsBOkozLFW49+mPa2h7MOaEVlnQ2R1pPaS7m7Lpw2KlIJUBnbX+sU8H2kYWpqampqSvqrrJOvMGfvKhXWnHWGono+X6qbgA/da3I0VnbHCVDQqOUvkA44uKfhyLG9p255rOPeZzvufbblnu+fvv1bwWvpP2kNyTdw6hWo4AyxdCrUvHimylUnMlWL0bsrTNZX0U/Da+o375xk/RWciE12vUnXaTYqdZo8Nj5vfihmGmYwuV3DvLjm+Mmx61MFBYMbIaW1adrSDzNoSiVXljYN+Cx4dOLaK/pH+q0/bylcjTSEgwfz8/MzMzMTExMVNKq6e9HwI2/qfYK2Y4tOsqpOptJ6VJUL9WSzqglNW+V2TrnjEJoe0Kxj3s/Szdf3T2o8mTZNuq9z1G++f4vv+qzHWO62Si/FqAM81N7e1t3VXkFDLaurqxU0o2KYNPBXLm0ofu4r6+zZaDSWlhaHhoaLV+Wt3H2VWrCCuaRqzM6+2NGxvre312EMJlQh8VcuS3H8+PGxsbGuriqm55tDMNJwaP/OI7dXMTzWhI9cwp4iUzxrTSl9ZVLQ/7tDMvH8GPMwJEAI0X9pFY9OCP9vhIRXShxXb3pV9lWmWx885/Mx1jSdjOZTzaMTgukJ+GAtTE8glXR6okaYnigF0xNZBdMTX/zDg2Mjmyporh4jDbwbm9u6ucWFhQuj29nLa9rKydOdnesHBjgMAFNBxvD6XQNDfRVNT3BPAwAANda1ob2jvaIhgHqMNPzsxWOuQ4BFjUZjcXFptWPOdSDW7Rje5zoEAM2mz/7fqQoVShrGx8fD19PT04WDAQAA2QxWNTchikxPjI+PT0dEE4gmc3D/ZOoS/fLSA3BbD/ToZwBVGqnq0QlRJGlwOLTg5KRsu9GC9acWP7h/8tvfPapZU1+D7c2/87b7Du6fDP9ZbStgr5Vvf/coeQOAymwZquILpAO1vBEyuPg1R6Ph1SVWf7lXnTBjyK2CPv/2d4+G/yq46FrdIvIGALaFj05s7qnD9ERUMFVRSlWA4KILAGZ6Nq5f11bd5/+iT08EtzJEM4YXXnghusLs7OzwsPJLe5aXl5eXl0+dOqVv5aXTv4z+OHn4Y0cf/XL4YvLwx8JfBcuja4bLoytHV4uuk1x4MYCXfhk2Gl2SLPjSS6+GKl0hGV54dQxXiy03rDa6TqyVo49+Ofpb1ZoH90+q+jO2+bH+Cbs32a4+5sDi4jlpVMES1f5NxqBqSxpbMphYwVj8qtfS2IIfg/6MLmy/kHKor2Xz8/PLy8srKyuuA4FLy8vLc3NzZ86ccR1IbaxveyX1Gpo0Ojqar7miT084H2BIXsw0J/fUC1vyaiESFyd9Q+YriNdea2OXH9WVyaTaIjT9qVnHvM6sMaviUcWQu60cBU36CgCs6u/tqLK5/EmDKmPYsmWL5seY+fn5c+fOpaY8y63xNKq/vy94kZyZDn4Vm8UPhruT9w0k19HUGTYaWydauXnryW2J1h/70aTaWHFVVfo1VduuiiH6q2S1/f19Jl3RaDRixcN1pG2pYlC1FWs0eH1w/2TYoupIiG6ytKtVh0SsZ0Kjwzmz+7VgZWWls7NzYGDAdSBw6cyZMwMDA3yNtLndV2wdHe2vrLnSvqdB1POrGuxNnHv++GWVDGOOrha9AGfa5Nz9kyyYmmhqskwAsCq4C1IIsXWo0m9ez5805E4RPvu1xJfifU+58mc+ZPe7IJOn+7KuypYuJHW8PhnGLF0tdtlO3TuqtsIMQDXkk69jo0+x1nHXAKi11185sLGzvcoWfX/kcmpqynUI9dCUV6ziT4qWGIPmgY7KHhMFgKjNPRtaW1uqbNFB0vCZDx1bff6WHeLeHeLe0eV7On5xe/Ba+i93K7GTuPSEnjzRhx9G9QVjktc2ac2GkWtoqjWvX3p5M788G/ZP9PsnyuoKVZ2GbemHGaQFkyvnnjcBgNINbK7uGxoCbv5gVTh+MD8/PzMzMzExYaOV6JVA9UEwtjz5mVJVUDUBr685dbWsy02u9MmLZbLyTB/opf2TDEzVh+ZtGdZpqa2CRXwYJgHQ3Eb6q75jtGV1dbXiJqMMkwb+ymVBVi9gxSsP/srl8PCQwxhKJw2Jv3KpcfLkSZ6ewPHjx8fGxnh6IlVwI+Tnf++tl227tMp2fb+nAaVovhn32PRELTIGAChF+OjElmofnRCupidQPf13RdRObErCbTAxzdTPALx1zRX9He1VX8RJGtaQJnsK1NsLs7eBAWgmg5sdTOLUI2lgJri5zV0yt7CwsH14u+tAAKA2hvscJA3c0wAAQP2MDm6svlGSBgAA6mfrcNV3QQqSBgAAaiR8dGK4j5EGAACQ5urL+9e1ObiCkzQAAFAzI/0OhhkESQMAALXj5C5IQdIAAEDtbK38uyADJA0AANTM9pFNTtolaQAAoB7CRyc292xwEgBJAwAAdTJxWV9ra4uTpkkaAACok21Dbu6CFCQNAADUy47RXldNkzQAAFAn24bd3AUpSBoAAKiXHaMkDQAAQC14dGK4r7Ors91VDCQNAADUxthIj8PWSRoAAKiNLY6+CzJA0gAAQG2MDZM0AAAAAw4fnRAkDQAA+O+VVy4EL1z9qaoASQMAAL674w8eFUK8bmdf+7pLHIZB0gAAQD2MDnS5DYCkAQCAehgdcDk3IUgaAACoiy3u/lRVgKQBAACvXbiwGrxwexekIGkAAMBzC4srwYuRfkYaAACA2l1//E9CiH1XDbe2triNhKQBAIAaGO5z/OiEEKLNdQAAACDdyED63MRnv7ZPCPFHtz3RvtFKhsFIAwAANTCaljQEGYMQ4sEv/o6lGEgaAADwV/gF0tvM/lTVhp/vPHjFrZaCIWkAAMBfwRdICyE292zQrBYOM2w61/eGyTssBUPSAACA727Yu81ktdaXe95x8532wiBpAADAd0N9nZrfhsMMm2cv23nDAXthkDQAAOC7YYOvdWp9uffWyfushkHSAACA7zSPToTDDFtmrxq55hqrYZA0AADgqZXzFx+dSH3esnNm/B3vvct2PCQNAAB4avJTFx+d6O5ql64QDjMML2/bsm+v7XhIGgAA8NrNb96hX2HjyV1vP/ybFURC0gAAgNcGNssfnXj1bobzYxUMMwiSBgAAPKf/qxPtv9h2012/XU0kJA0AAHht66AkaQiHGXaem+i//PJqIiFpAADAR+eWzgcvBjYr/2Rl+9zo+z/7F1VFRNIAAICX7nzgseDFho622K/CYYZrX3lLlSGRNAAA4K933ziu+lXX/1zxrk8/UGUwJA0AAPhrqC8+N/HqMEPnGysOhqQBAAB/DSeShkDvT69+65EjFQdD0gAAgHcuXFgNXowOdkeXh8MMbxh+U/tG5Q2SlpA0AADgnbMLy8GLvt4Nyd9u/OnrrvvAB6qNSAiSBgAAPPThP/3n4MW6tlev1OEww/4dBzf09FQfFUkDAACeuu2mK5MLe396zfUf/nD1wQiSBgAAvBV9dCIcZrhh9zsdhUPSAACAr0b647c6Dv5k7xsm73ASjCBpAADANyvnLwQvtgxdfHQiHGY4sO9dbmISQpA0AADgm9NnzgUvNnV1RJeP/uRNV7/3PS4iuoikAQAAv/zun30zeNHa2iIiwww33fx+ZzEJIUgaAADw0/sPvU4Isfzr+eDHkefetPOGA04jImkAAMBLw/1dQoi//Mcbgx8nP/4nTsMRgqQBAAA/jQ52n1+++L2Ql/3323pGR9zGI4SI/4luAADg0NLy+eDFlsHuP/+764PXt9z9cXcRvYqRBgAAPDL7y4s3MWzouPjBftf0zZfu3OEqniiSBgAAPPLJv/qX4EX40MTb7rjTXTivQdIAAIB3Pviu3cGLq0++c+iaq9wGEyJpAADAOz984eLowo0fuMttJFEkDQAA+KXnlZeDF6+feU//5Ze7DSaq0NMT4+Pj4evp6enCwQAAsKbNLywLIXbs/VLw4zvv/32n4cTlTxrGx8ejiULsRwAAkNULc78eOT8XvN5/+oPtG+N/5dItpicAAPDFA198YnDfV4LXN93/SbfBJJE0AADgi3CY4e3nPuI2EinH3wj5+W/cKIQQ33MbBQDAG2v7ijB48asZxIGP3uM0ELnyk4annnoq+uOJEyd2795deisAADSrq16YfPrpp+3Vv3fv3nwFy08arrvuOs2PMS/9+0d/OPuvPecGczf3Uv90x9nenuX+fMVXzp+fHf/PoZNX5w6gsekXLaut/We35a7hxZH/2vTi2PrVnHe7zLc25vv/d3D2ytwB0IfO+1AIcWr7DwZn8vfhr7pP0Yentv+g/2e7W1pyzro2Np1qWW3pPzuWOwD6kD4Uhftw6ZL5rlc2Hfr0kY2be3LHYI/j6Ym3/Nbk1pk3X3WVL991BSdmZ2cXFhZ27tzpOhC49Pzzz3d2dg4NDbkOBC796Ec/Ghsb6+7udh0I5PInDdPT03xPAwAAa0ehkQYSBQAA1g4euQQAAEZaVldXcxcOpifC8YbisxWxCjPVmVxTVbb0sOtL2uFF9l0gRw3JSMxDYteXrsgXvJZyJJgUz73fpUvAt/rCRFuRi0T0tobi3yodqzBTnck1heJaWHrYEIW7Mbnro7/K2rRg17tTypFgUjz3fpcuaXqxjS3xg0HuHLHcTC4Mw16iWTDCptGm6rjY+yrZTbElxfuxSA3mZdf4/k4K9nKyW2KHRHSd0q+v+guD/uTOrrctdhLQnxkq6+Qi+31tHgkFt1qaz3mSeRu2WyTRVC1cg9qEOru3ep2Az6TvLrcxwJXkSYAzQxPQf8IWlaSD0bRDOiAUbVqapogsR2DBDxgc5wHd0xNF5iMd9i/5YFaqwQbpOtI1p8t+/jbfpYhdX43UXVPxeYD9nlUtPijqs9Uobk6qUlvQ3WW93zQHnLQJkwuVeetMOOVmkjdo6Ecpc+z6WKnU2Nj19uQ4OeQ+D/CWt8ekYw17MtytpX9a0FPVn2OKhEQzt4sjDRW86/I1YT5I7jwvhkqO/ZLpLMCutyf20bN4hal7ire8JbGOzbc3Y1la8U8L4ZVbf1tViUg0C5JMTxQZGS4jpJT6VXftcRAUZHLLodt+Ztf7r8TdwVveqgpO8kV2UOnZarJa5KN8ekK1MBT+NkzcCo5TJSuMLsw0mq2Jp/Swm1LWbinYjdJdn6O4Phh2fQ5Zh3BLPA9U8JbnQ2fA5FJq73Jro1oSTXuUX+7kbf96GxhsY9dXxquu9iqYmtLfXJL86CgS1/Jk7qj5wJkvpNjCWM2aw0C6LSbzHamJZqzO5MI1qGZJg59RoQLs+ir509v+RIIa4bCxp9DXSANoMozYo+7IGKwiaQAAAEb4K5cAAMAISQMAADDyfzUE9b3C4J8GAAAAAElFTkSuQmCC"
                                height="200"
                width="700"
                margin="0 auto"/>
    
    
        <p style="width: 100%; text-align:center;">
      <a style="color:#0d0d0d;font-family:-apple-system, BlinkMacSystemFont, &#039;Segoe UI&#039;, Roboto, Oxygen-Sans, Cantarell, &#039;Helvetica Neue&#039;, sans-serif;; text-decoration:none; font-size: 9pt;" href="#reportTop">
          Back to top &#8593;
    </a></p>

    <hr style=" border: 0; margin-top: 50px;  height: 1px; background-image: linear-gradient(to right, rgba(231, 231, 231, 0), rgba(231, 231, 231, 1), rgba(2311, 2311, 231, 0));">

    <p style='font-size:15px;line-height:24px;margin:0 0 16px;color:&#x23;212121;font-family:-apple-system,&#x20;BlinkMacSystemFont,&#x20;&#x27;Segoe&#x20;UI&#x27;,&#x20;Roboto,&#x20;Oxygen-Sans,&#x20;Cantarell,&#x20;&#x27;Helvetica&#x20;Neue&#x27;,&#x20;sans-serif;text-align:center;font-size:13px; color:#666;padding-top:30px;margin-bottom:0;'>
        Powered by
        <a style="color:#439fe0;" rel="noreferrer" href="https://matomo.org/" title="Matomo Analytics">Matomo Analytics</a>
        <br />
        The leading open analytics platform that respects your privacy.
    </p>

        <p style='font-size:15px;line-height:24px;margin:0 0 16px;color:&#x23;212121;font-family:-apple-system,&#x20;BlinkMacSystemFont,&#x20;&#x27;Segoe&#x20;UI&#x27;,&#x20;Roboto,&#x20;Oxygen-Sans,&#x20;Cantarell,&#x20;&#x27;Helvetica&#x20;Neue&#x27;,&#x20;sans-serif;text-align:center;font-size:13px; color:#666;'>To unsubscribe from this report please follow this link: <a style="color:#439fe0;" href="__unsubscribeLink__">Unsubscribe</a>.</p>

</div>
</body>
</html>
