<html style="background-color:#edecec">

<head>
    <meta charset="utf-8">
    <meta name="robots" content="noindex,nofollow">
    <meta name="generator" content="Matomo Analytics">
</head>

<body style="color:#212121;font-family:-apple-system, BlinkMacSystemFont, 'Segoe UI', Roboto, Oxygen-Sans, Cantarell, 'Helvetica Neue', sans-serif; line-height: 24px; margin:0 auto; max-width:1000px; background-color:rgb(255, 255, 255);box-shadow: 0px 0px 5px 1px rgba(0,0,0,0.75);">

<a name="reportTop"></a>

<table style="width:100%; background-color: &#x23;3450A3; color: &#x23;fff; padding:10px 0; margin: 0 0 25px 0; height:64px;">
    <tr>
        <td>
            <a style="color:#212121;font-family:-apple-system, BlinkMacSystemFont, 'Segoe UI', Roboto, Oxygen-Sans, Cantarell, 'Helvetica Neue', sans-serif;; font-size:16px;padding:0 15px;padding-bottom: 8px;color: &#x23;fff;height: 22px;display: inline-block;vertical-align: inherit;" rel="noreferrer noopener" target="_blank" href="http://example.com/piwik/tests/PHPUnit/proxy/">
                                    <img src="http://example.com/piwik/tests/PHPUnit/proxy//plugins/Morpheus/images/logo-email.png" height="30px" width="auto" alt="Matomo,&#x20;free&#x2F;libre&#x20;analytics&#x20;platform" />
                            </a>
        </td>
        <td align="right">
                        <a style="color:#212121;font-family:-apple-system, BlinkMacSystemFont, 'Segoe UI', Roboto, Oxygen-Sans, Cantarell, 'Helvetica Neue', sans-serif;; font-size:16px; padding:0 15px; color: &#x23;fff" title="View Web Analytics reports for A very long name for a very tiny test site, that also reaches the 90 character limit fully." target="_blank" href="http://example.com/piwik/tests/PHPUnit/proxy/index.php?module=CoreHome&action=redirectToCoreHomeIndex&idSite=1&period=day&date=today-date-removed-in-tests">
                Dashboard
            </a>
                    </td>
    </tr>
</table>

<div style="margin:0 20px 25px 20px;">

    <h2 style='color:#212121;font-family:-apple-system, BlinkMacSystemFont, &#039;Segoe UI&#039;, Roboto, Oxygen-Sans, Cantarell, &#039;Helvetica Neue&#039;, sans-serif; color:#37474f; line-height:30px; margin:25px 0 15px 0;'>
        Hello,
    </h2>

    <p style='font-size:15px;line-height:24px;margin:0 0 16px;color:#212121;font-family:-apple-system, BlinkMacSystemFont, &#039;Segoe UI&#039;, Roboto, Oxygen-Sans, Cantarell, &#039;Helvetica Neue&#039;, sans-serif;'>
                Please find below your day report for A very long name for a very tiny test site, that also reaches the 90 character limit fully.
                <br />Mail Test report (previous10)
        <br />Date range: week April 4 – 10, 2011
        <br />Sent from http://example.com/piwik/tests/PHPUnit/proxy/.
    </p>

    
    
<h2 id="Actions_getPageTitles" style=" color:#0d0d0d;font-family:-apple-system, BlinkMacSystemFont, &#039;Segoe UI&#039;, Roboto, Oxygen-Sans, Cantarell, &#039;Helvetica Neue&#039;, sans-serif; font-size: 24pt; font-weight:normal; margin:45px 0 30px 0;">
    Page titles
</h2>

            <img alt=""
                                    src="data:image/png;base64,iVBORw0KGgoAAAANSUhEUgAAArwAAADICAIAAACF9KXqAAAACXBIWXMAAA7EAAAOxAGVKw4bAAAgAElEQVR4nO3dfXQW1Z0H8JsQkpAQCJqQECABHvIGCDEEFDEQBCFgIEXRYNXFii+1VqtWrZ7WNZa6dnVrW3aPZ3EPnrVne7ZxbRWxLT2tZ1G2u63glrZaID1RiIqJQQiEJ+SNZP8Ydhhm5t6583rvzHw/h8OZPM/Mvb+5M8/Mb+6deZ6UkZERAgAAAGAlVXQAAAAAEA5IGgAAAIALkgYAAADggqQBAAAAuCBpAAAAAC5IGgAAAIALkgYAAADggqQBAAAAuHiTNCQSCU/KAQAAAGmluS8igIzhvb92+V0FAJiaU5ovOgQAkIXbnoZEItHW1uZJKAAAACAzV0kDMgYHGusvD760xvrLlX8eVh2MMMYcOmhkAODkPGkQmDGYHuOUF3H4M2qsv3zHrt8p/9izBRYSJyVyWmDsgP1eHTUPCzIb86kiRiMDAGi5uqdBezeDmkPs3btXO8/BgwdnzZrlphZCyJGOPt0rra2txtlaW1uf3foj07ek4iDCh+/7m2e3/shxadp5aEUF3HSMNdLOoIREC4wRcACro42/sf5y9up4VaNPK/Xs1h/RVqH/VLsfNQKAQPPnz3e2oPOkQdvNoO11WLBggXY23Z/OZFx4I6RyYaRcN3d0dmZmZmxqqmdfRkulrKzMw6V4StPN4ywAhtbW1tKy0hSSYmspyzDUGdysu3+0tWv3SSG6T3b39fUXFhS4KcS0PXEjJL8DBw4UFxdnZ2eLDiS+kslke3t7ZWWl6EAiy4OnJ6SiO3Crna7qi9oZaNO60miFKK+zq9O9TovTGIy2HN3IC+cog3FZNWbTooytoQ2bUalp++gW1LWY5Rrxn4BpodL2BMY8hLkVbKE1nWkYxrpogXmye9NiE573AID8opY0aFnmBG4KsTzf0Oa0HDw2Lst/NLdc1llRxj91rys9DbQTm/FE6O35yTJUu5uAuNt5eFpAG4azunRLvdSyy01sAAA8vPlyp+DviNReXJqOTeiOhsZbvdg32WkXNC2EfVrSXky7Od+4XNbN3W0OEgtlmragfycny64Xu1U7aEldSsQfhmlduhot06Adu363qaneOIOt3RsAwFLEexqML5pe40bmekuSe+AlCcMNzt4IddpyQMplXZxLWe7epsNqAACcBCQN1z7wKv/MP/v+escVxfCwKMMqOxgLkBBPS9LmsdsCpuVouxxoM2j/VG6EtIxZXRCpAwA4IPsPVjU3N9PeUo6nd21q5BzN1VIPxC778EEnMn02jsnQAjy7t3q/S7ChAUC4CUgafvb99XPH/7Gx6hTPP8e1mN7EoL5lnJmnTMb5gDYIbXydVjKtHJ7ATJe1u7gDltF6EoDpuY3/3MzfpLStwF6KzXLLsndURjeDbin1ngb27o0sAQDcEHNPA6P/wEO6A6vjpyc4S6DdJql7Xe0W1pVsehYxDkWzw+BZZc6iOBlLo62XrTB050tjObYiZzQvz1awVR3/lnVZl26pl1p28QxPMOqSoY8EACSXMjIyIjoGa4xfuVS+3Cl3fK4f9eIwysnZlzux+df4kmxWb8Nw/+VOtHjw5U788OVOwuHLnfwm+z0NEFvRG3FnP0UplmzxAICcovzIJYQdY1A/jLwdGPJQlBoZAHyFpIEFR1Lh/NgEAjernHuUnFEBgITCkTQwRlVz0nuzsrLy8zHsKlL/qfY5M/NTUry8pwFs6eoivb29JSX4IACAj3BPAwAAAHAJR0/D0Mdv0d5K6+pMzcwY6vfl6QngNKa7dejjHvQ0CJTa3Z3W1z806jDn/GlTlvoZDgBEE3oaAAAAgAuShguUL71NdAgskofHLzIrIjM0MgB4LhzDEzTKYfGdHc+JDsSc7qh96K0XRUUilfKltx1660Xlf9q77GV9jU37ZzCbzKeVYjQyAIAz4U4aPOHrgVVbsqgjuFRnDpfBBLAiwW8yX3c/qbY+AIRdiIcnlKPh2y1PL2x8UHQsXJQjuOgowAZsMgAAraj1NKhd3+orugtH3YvKK7oTg63F1er4r+dMlzIWbgxGuzjtFV05uhU0XkbT6iWUdqB14FfUbaaVw4icPacxAF0JpsHYah9bbDWIsS5aYLSV0u1m7Glt6qwtDZ0NAOChqCUNxOy8Yjxkq9O6Q2r50ttsLW6szmWQ7MItr3qNy7LPGey6TDMM03jW3vndg7u3K49cenWKYsdjOoOtMu3GaatBHNfleKl3djzX19dfUFhga0EAAFtCPDxBw3N7HaPb2e7idjsYjEvRCnd5VuNZltEmph0PtMbZ+cKjtHIcY8fv4LzIvw+YLsLfILS6dDVapkHGCI2FmELGAAA+CWtPg/bw+s6O5wK4tHJ2ImSfhiXHv8pr7/yur5F4hbM3Qp22HCpyWRfnUqbdRbqExu4YGQCAAwKShp4fZvLPnPO1PtpbAd+h5uxwHN6DuK3O/50vPFpaVir/N0La7X3RsjsaYlqOtsuBNoNlhKaU4QmkDgDgK9mHJ5qbm2lvKQP2b7c8Le33NIQXBsV1ZGgQ3Y04pvOod7EEGxoAxIWApCHna33fO/Hoz3K38fwzLcF4BLc8UFoOJ7OZji7zL26rcNq5gVaj9u4Knvlp2CP0jPIPvfWibniCp2rTTca/XfhXltY+nHEyymTEwKiL3c3AWMo4s2nVAAD+EXNPA6P/wD+0uxc5r8ws7xP0OzbtuDXt/GRaDuO2Tdoa0aqg1bXzhUfVRy6NtejKMQ2MvSCjNPa05VsO6iIcDeK4Ls+XkqGPBAAiI2VkZER0DNYYv3LZ2dGZmZkxPhe/cmmb+9OJWkLroVbOexr8O4fJcHYUGMPJ7m71kUuekPArl344cOBAcXFxdna26EDiK5lMtre3V1ZWig4ksmS/pwGk4maIRxGxEXf3DeIrCUMCgFAL6yOXIARjpMNuIdE4mXnSID6JTCMDgDwwPAEe4B+eAJ/QhidoMDzhBwxPCIfhCb+Fo6eBcYAbOntkOCsrLT8/yHhA50zn2LQp1UgaBBrO6Brq7U2bUiI6EACIMtzTAAAAAFzC0dPQs+8o7a2BzuOpGcme3MEg4wG91p6e4aPoaRCor7t7oL+/p2u06EBi7eyR7uTnGcOZNr701oGcmiJfywdgQE8DAAAAcEHScIGqplrRIbBIHp5PAlhrN1XEc6PQoDUAoi3cSUNVU239fRtER0FV1VSr/Sc6HNlJ2EQShuQ5D9exqql2f8seRpnsunxtbSEfxjjsPxA34U4aPOHrB3t/yx71n6gjSFiOXMr5RiEwZm3V2pCECKAdvFpHNWMQHgmj/IA/jML3HwDPhThpUA5Su7a+UnfXWtGxcBGYNwCAFj6MIKeBwbPXPvDqtQ+8Ojg0LDoWc+F4eoKfkknQLhbV19UXlVd0hw9bi6vV8V9VmC5lLNwYjHZx2iu6cnQrqFsdbVsZ4zdtB1086uuXblxCK8c0SOO0rnObc6MYqzBtAfL/5wlG05lWbbqt2TGwZ6DNZqzUdNvRytelzoz9Srf7mbYAoez5tPXi72ZgfEJpkaiz2drzbbH8yBtDZQevzmPZtgBaGx95nRBSXJgjOhCqqCUNxOzQozsnaad1RyJlvJN/cWN1LoNkF255bWRc1vRQa1kv7U9aPDc8vvkPP3lbeeTSk25qzo1iuUaEnu5wVs0o3DTN4tkxjLOZriDtddPp3dt29vX3FxYUaMO2u9OykznL9eLEU6D7Pd99PLQYnNXl/qABkXfqdL8ysXF15eg0SccBJA3LDZ4rIUbnpN3F7XYwGJeiFe7y2MezLKNNLI/j2tdf3rKdVg4tTp5TOCMYzjm9PTSzdyHOfcx0M/HEaXc/sbvTcsbvvkktS3C/59tKMmz1ndDq0lXKTozs7v8QE7c+/gtCSFX5xMvnThYdC1VYexq0H8Ld23YGkLk7+5Bb9uvKjH+Vb3h8s+U8pn0eEbvkcnMm4FnW7zMNLUsw9rTLxm7rmQ4leFiXV0tBfJw41adMXLu8TGwkbAKShndrXuCfef6+O2lvBfwhdHbElPk4y2arf/jlLdtLS/GDVc43N2dr+7070cpXu+sDiMEZu/1qWnaHQhitVNVU+z8v/do0FZaz3UAem5/4JSGktnrKnFKpf0pJ9uGJ5uZm2lvKoO+ura/s3rYzwIhiwb8OALVk9NCqwtLdsl/ok8M+CUvjQ7T1JAeUiYYlCbGRWBKQNMzfd+fOhqPv3ZvB88+0BOPn3PJYxh5xtGQ6gM2/uK3CaadVWo3agWqe+WnYN+4xyt/fskc3PMF/oSz2eO1yNMFyJ2T39tPmYbSeafmM7WJrn6eV76CVTD+P/B86l3s+YxFLlp8mdl07nvm3RZuuNt3PGUvxvwWRNDw8sulbPyeErFw0rbTkItHhWBBzTwOj/8A/tBvBOC+eLO8T9Ds22i1XpvNoy2HcAUdbI1oVtLpe3rJdfeTSWIsDPl3RMpqOp2rLHYBzJzFuEc4NSiufsQj75kee+HlWynjDirEZHafpdvd8W3Xxf5pc1uXrAQRC7ZTazbBU9m4GQkjKyMiI6BisMX7lsqOzMzMjIzc3N8h4osF9x6xaQmtra+TvaZC8H7u7u1v7yGXwofpaqQyNzxPDkSNHJhYUjMGvXIqTTCbb29srKytFB2LDtQ+8SghZvrDk7qZLU1NlP4rKfk8DSMXNEA/4R4btEsnbHbTT2NvBD5981qNMbFhZLn/GQML7yCUIYbe7G4IhyXYxDlKEmiStCtF279O/IYQ0LptZcHG26Fi4IGmIL2fHwdgePSVfce03QgrkUyuJanzJNzqEXdtH3crEmtoQ3M2gCEfSwBjDO35kMDMrKydf6gdboy/l05zqomjf0yC5vq7Rw729OSUY7RZpVPbJ7OKC7OxwXDKCcA8/95+EkKb6ivwJWaJj4YV7GgAAAIJ26PBxZeKqhSViI7ElHD0NR/f10N463jmQzEgdzKXOAAHoaSVHh3vQ0yBQd3dff//A6C58EIQpqpH3lwlBNsPDI4/98C1CyC1rZ4eom4GgpwEAACBgf2r9TJlYtqBYbCR2IWm4QG1TlegQWCQPzyfxXGu71t5VJzqE6MOuCJ7oHxj69rb/JoRsWjcnN8ffb/XwXDiGJ2iUz/DObbtFB2JOd4jZ07JfVCShUNtUhSZyprapaue23WvvqjNtQHbD+t3sQj4FPq3Unpb92EvBvRu/ce73kuT/pQkj9DT4e/Wwp2W/+k/UZUpYLo+0x2LJY5YqPJensQBOgcF/CvxbKYEfZIiGgcGzysR9N80fNSp8p+DwRaxSjpWvbN0Vlo5ZHG4A8CmAmNv4yOvKRF1NyO5mUIR7eMJIySS0RyXT61f1ReUV3VHM1uJqdfwXN6ZLGQs3BqNdnPaKrhzdCupWR9tWxvhN24HW27xk46W0ckyDNE5rJ4wV0TYKbXWMK8sOjzaPsUDTJrVclh2PcZdgb2X2i7S1M20fXQmmMdva5WyxtY8Z66IFRlsp9h5IWy9dDBikAPce2rRQdAgORS1pIGYHQePxRZ3Wff5rm6psLW6szmWQ7MItL9GMy7IPcOy6TDMM03g2P37D2z/5g/LIpfvjKf9GYawO4dh2tGVNFyT0JuVc1tb8frBsRrv7G+FrW1vx2G03nyLk3OUAbFF+m2rR3KKa2YWiY3EoxMMTNDynE0Yfqd3F7XYwGJeiFe7yEMyzLKNN+C9qa5uqtm95mVYOLU6eExIjGP7ZeDY9rel46jUtnzNR08ajm18XpycnLXYJDqrg/1iZLmKr48S0LstWsoyQc29ExgDuDQ4NKxPLFhanjx4lNhjHwtrToD0W7Ny2O5irNJdLhe64w7/Kmx+/wXIe0z4P+S/gOK+2A4hETnbbx7gDeFsX51KWeyMtmQNwrOnhHYSQyy4pnFs2UXQszglIGl6oeZd/5jv3zae9FfCR2tmxI7xHHFs91du3vFxaWhq9b4TkbATTK2b3tWsvpqXdkex2aGnZHQ0xLceylRw3nTps5KYQAEV3T58ysWpxIrzdDET+4Ynm5mbaW8ro8itbd0n7PQ3h5d9ZSnc3iR9VeEXmU3UEyNC8PHvjHqHPS0Nk3Pa3vySELJxTOLc03D+vKCBpuHPf/KMNOzPufY/nn2kJxsON5afa5Qix6VAo/+K2CqcdyGg1au+u4Jmfhj2czCh/T8t+3fAE/xV5AKcNnk3P03SMlbIcJtf1z/Pvira6GV7Zusvydg0G/v2Htsuxl2Jj72PsutjdDIyljDObVg3gUteJXmXiuhXlqanh7pEVc08Do//AP7S7FzkvIyzvE/Q7Nu0gK+1galoOrXBCH2ymVUGra/uWl9VHLo21OODttR2jBRjz8Lez6b5Bm58zHlurZrqtHZTPWEeeprBVnd19zHFdni8lQx8JhMtd3/4VIeSqhSWlJReJjsWtlJGREdExWGP8ymVnZ0dGRmZubm6Q8USD+2OfWkJra2sk72nwkOPWtlxQmaG7u7u/v6+gwMvnuGQ4O8oQgw4tpKKanAMHDhQXF2dnZwcfFSiSyWR7e3tlZaXoQM7rOtGrJA3PPrgsMTX0pyrZ72kAqbgZ4okbT9qKZ8GIjbhLvo9JGBJITskYrqlNRCBjIOF95BKE8LBfPfKCbCulrle27vK1lmDIvI8hYwC7Oo+dVibW1M4QG4lXMDwBHsDwhHB+DE+ALRiekIFUwxPDwyMbvv4aIaRhyYzb1s8THY43wtHTUFSTQ3tr8MjxrKzM/HzqDBCAT1NIUXUOkgaBRnf19fYOF5XggwAgi487z13uXnd1hdhIPIR7GgAAALx3/zNvEkJuWFUxfmyG6Fg8E46ehsMd+2hvdZzozDyTkTyL4QmRjp1uPdwxjJ4GS9MKa0SHAABBOHT4uDKx5sqI3M2gcJU0JBIJdbqtrc11MAAAAFHw2A/fIoTc0jB7XIS6GYib4YlEItGmoU0gImb54ibLV9ivex6A2HKADe0MEHPKT2ATQuoWFIuNxHPOkwaBXQtCDsp+V+qyfMvFly9uevO3LYw52SUEsPraf77WpdboU8lv/rYFeQNAbA0Pn3sm8fZr504Ylyk2GM+F8kZI5eQXjUrVs4uufG/POmrG4FgAbf7mb1vUfwGcdH1dI+QNALGlPGZJCLny0iliI/GDN0mDMlThSVEABCddAAinM/1DysSXr6+K2N0MCrdPTyi3Mmgzhk8++UQ7Q2dnZ2Gh2y+cOXb8c+2fTY1fadnxvDKx/cfP3HTdfepbyuvaOdXXlaWUV7SzaecxvngugGOfq5VqXzEueOzY+VBNZzCGp54d1dl0r3MWq51HV0vLjue179LmXL64SW0iY0iM9nn+xS0rrtxobHzdGhljZsevvGIajzEGRl264NV5GHuLMX7atGlsyp9Ke2pfTB8+SvyRTCYHBwePHvWrfOAxMDDQ1dV18uRJ0YHE18DAwMDAgMAPwlef/b0yUTF1tMyfx6KiImcLun16QngHw+abHnmp5XuZmWOUP9kHd9OTh3F+9gmSXRH/DESTyhDD6Yd2ZuIp1g3jurNXjVDahza/3Zhp8dBicFyXgwV52goA4kPtZti8bmbaqFCO/ltynjTQMobJkycz/nRmIFWfr+XlXaxM/PinWzMzM7RfI628pRvFV7q7jfcNGOchZqPdSplqpbp5tIXz125cF235uj95itUtTiuKPSdt3WkxsIvNy7uYvym0i6vzmMZjWgKjLl2lyvTyxU1qjbQ9QbvKpk1N2yVobVJU6DC7t9TV1dXb2+v46gE8cfLkyfz8fHyNtEDJZPLMmTOiPgjKQxOXlOZfs+wSIQEEwLPvaSDh/KoG/wbOJX/8MkicMWtn056Aba2y4/YxLmiZaDKyTACIm4HBs8pE47JSsZH4ynnS4DhFePIlG1+K98Qm6ndBesJ4uPfqrOzTiSSM5yfOmE1n0522LbcOrS41A6D1czhrWO1TrGHcNADglY2PvE4IWTSvqLqyQHQsPpJ90KW5uVl0COEQyTOW+ydFPYyB8UBHYI+JAoCczp4dVibqo/Wl0UYCkoYnNu0b+bBhGrmX55/jWnQHcdMDuvFAr16MshfUMZ7bTEvmjJyBUSx/+aanN/7TM2f7aL9/wqumoJXJWRe7m8F0QePMjsdNACDCrn9oByGktnpyxTTqHWPRIOYHq4LpP9CeCWgXgrrXjdeUtAVpA/Dski1ns/s6z5neeLI0Fm7rgt60fX7zXz8xnqEdx0xb0LRMn+pyuYgM3SQAEIATp/qUidVXJkanyd5/71LKyMiI6BissX7lsqNT9/QEGPl6Alu+uOn5F7eUlZUK/JVLCc/QpiH59yuXytMTJSUlPpUPPA4cOFBcXIynJwRKJpPt7e2VlZVBVqo8NHFFVdGDtyxMTY34j/1GPCcCRfRG3HXDE6HIGAAgej7tOq1MXL+yIvIZAxE1PAHBY39XROjohiTEBqMTpXYGALZ7/u7XhJD6xdNLJo0XHUsQkDTEiH9PgR461OpHyZb1Bl8pD2kDAwBvfdzZo0ysWjxdbCSBCUfSwBgJTuk/kpWVlZ+fH2Q8oPP5JynTCqsF3tMAABC8+777G0LI+qtKY9LNQHBPAwAAgAPK/Y+EkKsXxaWbgSBpAAAAsEv9NqcNK8sL82L0vAySBgAAAHuUb3MihDQunSk2koAhaQAAAHDii2sqs7PSRUcRKCQNAAAANqh3M6yri/IPWppC0gAAAGDbHdfNSx89SnQUQUPSAAAAwEvtZlhSPUVsJEIgaQAAALDnnqZL43Y3gwJJAwAAABe1m+HyuUViIxEFSQMAAIC13r5BZeL+m2vi2c1AkDQAAADwuPmxNwghJZPGxbabgSBpAAAAsHTqdL8ycXPD7Bg+NKFC0gAAAGDh1sd/QQipriyYP6tQdCwiIWkAAABg6UkOKBPr6uL1pdFGSBoAAABYNn3r54SQJfOnzC2bKDoWwZA0AAAAUA0OnftBy4Ylce9mIEgaAAAAGJoe3kEIWb6wZMaUXNGxiIekAQAAwJz6bU4NSxOpqSlig5EBkgYAAACWpfOnTi0cJzoKKSBpAAAAMKF2MzTVV6KbQYGkAQAAgGpd3czCvGzRUcgCSQMAAICe2s2w6orpYiORCpIGAAAAc02rKibljxUdhUSQNAAAAFxA7Wa46rISsZHIBkkDAADAeeq3Od10zaz8CVlig5ENkgYAAIDzlG9zIoTU424GAyQNAAAA56jdDLc2zsnOShcbjISQNAAAAJyjdjOsqysVG4mckDQAAABc4J6N1ULq7Tp46MmXal5+4ltCaueRJjoAAAAAKSgPTVRXTqytnhJw1QOnk0//dKky3Zb954Br54ekAQAA4Ly6mpL00aOCrPHMyZPPvLacEJL1USJtIKNm8pVB1m4LkgYAAIBz3QyL5k2aP7swyHqffKlGmcg5XDF5uGTll+6YMH1akAHYgqQBAADirrdvUJmoqykekxHQmfEvO9/4j+PNhJD0T6dk9o5fvWhjxerVwVTtGJIGAACIu5sfe4MQMjuRN6+8IIDqkl3H/uEX9cr06M6iiqFL13/7iQDqdQ9JAwAAxJr6pdEbVpYHcDeDOh6R9dHMcX0TVq/9UvFlC/2u1CtIGgAAAMhlc4vmlU30tYrOP7//z/+7SZlO75iyYEJt3T33+Fqj55A0AABAfKndDI11M/2rRftEJenNmvpJ9W3f+YF/1fkHSQMAAMTd8stKKqZf7FPhfadP//1P65TpCR/MWTK7Yc7mdT7V5TckDQAAEFNqN8OaK2f4VMX5JyqPlE8+O23lrVI/UWkJSQMAAMTR8PCIMrF68fTpU3I9L199onL0Z5OyTl+05oqbylat9LyWgCFpAACAONrw9deUicZlHv82lfoNj4SQ9KPFFWfnrX8yHE9UWkLSAAAA8bX8spK8CVkeFqiOR2QfKc3pz61fc0vJ4is8LF8sJA0AABA76t0MtzTMTk1N8aRM7ROVozsn11x8ZeieqLSEpAEAAGLq+pXl48ZmuC/ngicqk2MnH73k9u/8o/tiJYSkAQAA4kXtZrh60XT3pWnvYJjQdsnSS9bOvr3BfbFyQtIAAABxdEvD7LzcMS4LOf+d0O0zi4cS9XfcPX7qFNehyQtJAwAAxIjazbC0ZqqbctR0Ib2zKDOZ21C7qXTFcrfBSQ9JAwAAxMXg0LAysXn93IvGO+xm0N7BMObjaWUjlzR887G09HRvQpQbkgYAAIiLpod3KBN1TrsZzj9RebgsZ2D8ylVfnL6k1pvgwgBJAwAAxEL/wJAycfu1c7OzbHcMHN3/p3/5423K9OjPJtXkLY7eE5WWkDQAAEAs3PiNnYSQaUXj19QmbC2oHY9IOZ0z6ejsO576J+/jCwMkDQAAEH0Dg2eVietWlNla8HRHx/d+de4RytwP5iyd2zjnjms8Di48kDQAAED0bXzkdUJIVfnExZfaeCRSvYNhzEfTiwdLG+6+b2xhoS/xhQSSBgAAiLjzP4Fdy/sT2Gq6QAgZ92HFurrbE3V1ngcWOkgaAAAgFmqrJ88rL7CcbWhg4Kl/P/cTU1ntM0tTKtc89FD62GyfowsHJA0AABBlajfDVZdNG52Wyp5Z7WAYe7g8e3DcqpXxeqLSEpIGAACIvgWzC2fNyGPMoH2iMq2rcH7eFTF8otISkgYAAIgstZvhC1eV0boZtE9UjjqVm99ZtvlvfxCTb3i0C0kDAABEXG31lMoZF5u+pb3hMfeDOcvmfWHuvV8IKq7wQdIAAADRpHYzrKsrNZ1BzRgyj5ZM66+45u57Y/5EpSUkDQAAEGX1i6cnpubqXtR2MOQcLl+/7Mu44ZEHkgYAAIggtZth1eLpurfO/+jUkbKZqRWr7v/amPHjAw0utJA0AABA1AwPjygTjXUzSyadTwjOpwsflo0dHHf11RvxlU22IGkAAICo2fD115SJa5bOVCYueKLyWEFNfhx/o9I9JA0AABApajdDw5JEXu4Y7Tc8pp3Iyz+WuNzeylYAAAUzSURBVPXRZ/ANj864ShoSifO/LtrW1uY6GAAAALfUboYbV1dqb3gc/8HsZXPWzbv/OkFxRYHzpCGRSGgTBd2fAAAAAt24YuYzLYuU6fSOKdPPzFr71Qez81lfCgmWMDwBAADR8c0XDhJC5lU99Zdj514Ze7h8w4p7ShZfITKsqEDSAAAAkTKv6illIudwRSKtYsVXvowOBq+EPmn4190YnZLCG++JjgBABu+IDiD25lWdm5j415qVK/BEpce8Txr27t2r/fPgwYOzZs3yvBYAAABTo47nze1dOnn9ym5C3n33XdHhyGj+/PnOFvQ+aViwYAHjT8/9vmXh2dShrJGxvtbiq46Jh8Z1Tc4cCfHzPx1T/5TXXpGSYvFD9XJKSSHJtJN940/kd80UHYtzJ7M7zo4ayuuZKjoQ57omfJiezBk/EOJuZHyWhRskA8mLPrtx9VMlc3Gx6ovQD0+svvvhrKysgoIC0YHE2t69e6vvrh41apToQOKrs7Ozt7d3+nT91+VCkN5///3i4uKcnBzRgcRXT09Pe3t7yWxkDH5xnjS0tbXhexoAAADiw1VPAxIFAACA+AjrwBUAAAAELGVkZER0DF7CF1Oq0BSBQVMLoQyP6r6XljjqAWUs6GDjmo7b8g/mGuekLethC1jyqi6XjcMo1vFau9k07Bd1pfm3dYJkMTzhx5Zwv6s5WNy0qPDuH161Bo6Vljxpam8PlN6uvuOPg60PuMyHS2VX121o9S1npRkL5/zSfeOcxNC8avvrwmasiCRcNg67WGdnKzebhha86YaQf+vwGmGaMWMGewbOBdU/lQkHxXIuYjmbs3JMw9a+yDO/h3hK5mwK09lmzJhhN3j+FuNcnH8X8rW13Te1y5YxLdCyufiLcjCbra1De9E9XbHGP7VxWsZgfMuTsF1ubkZT04ry9YPgVWszZnN8djDW7jgkB5UaF6cdWjnLl5aNGyF1VyS6vEmXndGSNW8vNdjXOsbq+FNR/jhN5wz+ispuU5i+oi7iICN2ucpuGjzg1rbb1H6Ep73EMb3i1FZNuw6L8MdBW6muoTgXx5CTLS5b23Pa2iUJKTJsJA3sbRD89qB1K7GjiuRjos6agqco0PGwqf3Df7iM5MeBJviMwWU5oe7QtlxxtXHa3D29rytHnbYVEucgnbHSGPL3kUu7W4KzNHaB7LocDJ7JuX/wHEocf/xcitix0sOm9upAaRdPz5+tj4M8W0cNhnF54IDxXgF2yd7ewyHtLSCetLauBPZdBTyt7R5/xi/tpgmMk+EJfrauvSx3DmMJfh+5ZN4/dJ8rr5oCx0ojT5ra8wMl7fBNW9w9ObeOKV3Hj93F2bkU/zW0M3JepTDYam27a8eZyPIX6EboNo0feJMGlx9CHg42hq/bL1z7hyeh4ljJw0GQfhwoeery8KMq89aRKjD+hjKdU+Z2Vkj1GWcPQLsJyc09QNHm129PCL/FweWyod4/hAQf+WOlKc4uNJ9WzY9io7F1bA2gqHN61ZWiq7qtrc3WaJRxcdNljWF7viKcnLW2uqwfQ3X8BbrcNKaLm24IUVvHcxZf7kS7amnjeLiWvaPrXrdEO5bpirIsnxaVZbpqLJ9Ro+PV5MTT2raawjiD3fOErRbj6VG3PFaazka8bm33Tc3fMo5DInY+qrTYfNo6tBchdKlYWHjSsNg6NDaShgiLyWpKAq0tM2ydYKCd/eO+bbF1GJA0xGId5YHWlhm2DgCwUZOGsI+7AAAAgLei9oNVAAAA4BP8NDYAAABw+T+d+RKBGhYdPgAAAABJRU5ErkJggg=="
                                height="200"
                width="700"
                margin="0 auto"/>
    
    
        <p style="width: 100%; text-align:center;">
      <a style="color:#0d0d0d;font-family:-apple-system, BlinkMacSystemFont, &#039;Segoe UI&#039;, Roboto, Oxygen-Sans, Cantarell, &#039;Helvetica Neue&#039;, sans-serif;; text-decoration:none; font-size: 9pt;" href="#reportTop">
          Back to top &#8593;
    </a></p>

    <hr style=" border: 0; margin-top: 50px;  height: 1px; background-image: linear-gradient(to right, rgba(231, 231, 231, 0), rgba(231, 231, 231, 1), rgba(2311, 2311, 231, 0));">

    <p style='font-size:15px;line-height:24px;margin:0 0 16px;color:&#x23;212121;font-family:-apple-system,&#x20;BlinkMacSystemFont,&#x20;&#x27;Segoe&#x20;UI&#x27;,&#x20;Roboto,&#x20;Oxygen-Sans,&#x20;Cantarell,&#x20;&#x27;Helvetica&#x20;Neue&#x27;,&#x20;sans-serif;text-align:center;font-size:13px; color:#666;padding-top:30px;margin-bottom:0;'>
        Powered by
        <a style="color:#439fe0;" rel="noreferrer" href="https://matomo.org/" title="Matomo Analytics">Matomo Analytics</a>
        <br />
        The leading open analytics platform that respects your privacy.
    </p>

        <p style='font-size:15px;line-height:24px;margin:0 0 16px;color:&#x23;212121;font-family:-apple-system,&#x20;BlinkMacSystemFont,&#x20;&#x27;Segoe&#x20;UI&#x27;,&#x20;Roboto,&#x20;Oxygen-Sans,&#x20;Cantarell,&#x20;&#x27;Helvetica&#x20;Neue&#x27;,&#x20;sans-serif;text-align:center;font-size:13px; color:#666;'>To unsubscribe from this report please follow this link: <a style="color:#439fe0;" href="__unsubscribeLink__">Unsubscribe</a>.</p>

</div>
</body>
</html>
