<html style="background-color:#edecec">

<head>
    <meta charset="utf-8">
    <meta name="robots" content="noindex,nofollow">
    <meta name="generator" content="Matomo Analytics">
</head>

<body style="color:#212121;font-family:-apple-system, BlinkMacSystemFont, 'Segoe UI', Roboto, Oxygen-Sans, Cantarell, 'Helvetica Neue', sans-serif; line-height: 24px; margin:0 auto; max-width:1000px; background-color:rgb(255, 255, 255);box-shadow: 0px 0px 5px 1px rgba(0,0,0,0.75);">

<a name="reportTop"></a>

<table style="width:100%; background-color: &#x23;3450A3; color: &#x23;fff; padding:10px 0; margin: 0 0 25px 0; height:64px;">
    <tr>
        <td>
            <a style="color:#212121;font-family:-apple-system, BlinkMacSystemFont, 'Segoe UI', Roboto, Oxygen-Sans, Cantarell, 'Helvetica Neue', sans-serif;; font-size:16px;padding:0 15px;padding-bottom: 8px;color: &#x23;fff;height: 22px;display: inline-block;vertical-align: inherit;" rel="noreferrer noopener" target="_blank" href="http://example.com/piwik/tests/PHPUnit/proxy/">
                                    <img src="http://example.com/piwik/tests/PHPUnit/proxy//plugins/Morpheus/images/logo-email.png" height="30px" width="auto" alt="Matomo,&#x20;free&#x2F;libre&#x20;analytics&#x20;platform" />
                            </a>
        </td>
        <td align="right">
                        <a style="color:#212121;font-family:-apple-system, BlinkMacSystemFont, 'Segoe UI', Roboto, Oxygen-Sans, Cantarell, 'Helvetica Neue', sans-serif;; font-size:16px; padding:0 15px; color: &#x23;fff" title="View Web Analytics reports for A very long name for a very tiny test site, that also reaches the 90 character limit fully." target="_blank" href="http://example.com/piwik/tests/PHPUnit/proxy/index.php?module=CoreHome&action=redirectToCoreHomeIndex&idSite=1&period=week&date=today-date-removed-in-tests">
                Dashboard
            </a>
                    </td>
    </tr>
</table>

<div style="margin:0 20px 25px 20px;">

    <h2 style='color:#212121;font-family:-apple-system, BlinkMacSystemFont, &#039;Segoe UI&#039;, Roboto, Oxygen-Sans, Cantarell, &#039;Helvetica Neue&#039;, sans-serif; color:#37474f; line-height:30px; margin:25px 0 15px 0;'>
        Hello,
    </h2>

    <p style='font-size:15px;line-height:24px;margin:0 0 16px;color:#212121;font-family:-apple-system, BlinkMacSystemFont, &#039;Segoe UI&#039;, Roboto, Oxygen-Sans, Cantarell, &#039;Helvetica Neue&#039;, sans-serif;'>
                Please find below your week report for A very long name for a very tiny test site, that also reaches the 90 character limit fully.
                <br />Mail Test report (each in period)
        <br />Date range: week April 4 – 10, 2011
        <br />Sent from http://example.com/piwik/tests/PHPUnit/proxy/.
    </p>

    
    
<h2 id="Actions_getPageTitles" style=" color:#0d0d0d;font-family:-apple-system, BlinkMacSystemFont, &#039;Segoe UI&#039;, Roboto, Oxygen-Sans, Cantarell, &#039;Helvetica Neue&#039;, sans-serif; font-size: 24pt; font-weight:normal; margin:45px 0 30px 0;">
    Page titles
</h2>

            <img alt=""
                                    src="data:image/png;base64,iVBORw0KGgoAAAANSUhEUgAAArwAAADICAIAAACF9KXqAAAACXBIWXMAAA7EAAAOxAGVKw4bAAAgAElEQVR4nO2deXwTVdfHT9s0aZu2abpvdEs36AotaykFyr6DYEGKrAKCiIggKktBUBB5fAHFDVAEhIKKIiqIRVn0YSsgArJvXaAVKLVQ2lDo+8fwDCGzZDIzyUzS8/30A5PJvef+5s7k3jPnzr3jUF9fDwiCIAiCIKZwlFoAgiAIgiC2AToNCIIgCIJwAp0GBEEQBEE4gU4DgiAIgiCcQKcBQRAEQRBOoNOAIAiCIAgn0GlAEARBEIQT6DQgCIIgCMIJhZDMOp2O3L5w4YJgMQiCIAiCyBf+ToNOpzN0FIw+isuJc/9YyDKCIOwkxvhJLQFBELnAf3gCQwsIgiAI0qDAZxqsTd9uraxvrW+3VsSfiEVbB1vUbHNgJSMIwhFxnAaLjk1QoW3jiJ3Y/FHp263Vd9v3E39GX81esW/2in3VNfdBllVHKGcSxi7Y0odD+mHW9MYsVBBLJSMIghgi6EFI+N+zkIYew6FDhwwTnD59ukmTJgJLuXK9xmjP2bNnqcnOnj27eNkXtF/JCh4Kp7347OJlX/C2ZpiGNLXul3Jiz8LVB4Z08LNy1bEckWECQhKTMBbBVjgcQ/19u7ViPxyxSrTQQS1e9gXTIdT+e9USJSIIIiFpaWn8MgqdPUENMDRv3pzlIz9UTz4ISdwYGd43G32kpbik2MtL665WC9cjkNjYWBFzcbFmlObRx/85DQCw4dd/XhjczN/bjYcw3phUTiYQcuw8KCsvd3Z29tZq2ZMZlk69Jm0R2vokH4QsLCzk3dDYK2VlZbW1tWFhYVILkRcnTpyIjo52cXGRWoiMqKysLC8vj4mJkVqIUESbPSETqM4EsUHuNEzAtG1kjckIsZ+9OKP9TDqpYgztGI28sPdMLHlJzX27tUrp8y6RrG2SZt9flQDw/sYjE3OaBvioqQfOXiht/RhlNKoxk0fEvQNmksp0JbCkAdazYBZMVUcrg1oWkzBRLm8mbfbh9yAIYlFEW6cB5Defwqih/GDVV8KNsDgZHFOaHDym5uXempvMS36cvWIfAIQFekQGu7VuFrd4zUEA+CD/6Ig+iVGhXrSyaQVQS2TKSCvD5BFxwaRUc08BAIwc0p3doeShh0mGSefVZCn8cpmVEUEQBAROuTRCRFkmMby5ZAkSGKafOHogNYHJ/oN6K0bdT1sceTMtpL8RmJfp6AiPAQCy0kIVTo4eauXscW3Kz/0KAJ9vPTF7xT5wcDTXRyHVMmW0XOdkMvRibtFjn+3z2YafDO2b5eqZ9K5Y9pPulGGJJt0gqkIelzeCIIhJhD4IKWdoW0zae1y7ud/i9gy8A/Ffapx/eJBHSem/AKBwcrz29w9PPZ2792gJAKT0fsfyMmTNyCHdTaZhGb4xqwb4VRe/y5t2WA1BEIQjEjgNA6Zs4Z74m/f68y7IqFksLinmbcpW4NITpPRZTGxkpIYYfZXdKsJX67Zl1zkgZmOOa6NwMjsWxWMsQIZ8tuEnkw9CMtW2uTVAa8cw5MCUgN0se3HoOiAIwgO5L+6Ul5fH9BXRnvILEpC5uIRw7QlyYKJ9eiPimUdDHB0cmsYH5PZ4NEV23sd/3KutM8u+3cRseCOHGuByeZPPu1hXGoIgto0ETsM37/VP1vzZN/VfLn+8S6E2iOQzDdQ2nd9DZCzFMbXaTG204aMSXNJz0cCSPbqRV7PGAUx2osO1Z/csJbbfXrVff/8BxxKpxYnSJ9H2bdz7Zu5VSn71yRdbjYYneB+IyTPLctbYwwwsuaiJqckQBEF4IM0zDSzxAxExalh5z54wNMixOJbHJ8mwsJFl2l6EOhTNLoNq1vBbMszw2w+rv/7gDwDYvHUP1Yijg8O920XPD0r9cPMxAJj/6X8nDWnG/aiZjstkRuq3tIfPlIUFluplUvvZhp+4n3qmsjgWzX7WuBckMJccYiQIgsgch/r6eqk1mEaUt1zyWNzJzppRwmnw8XIZP7CpSukEAHq9vqS0JDIikjZ9rb5uwcpHh2/9pZ8sV/kmLXNc3MnSMqwMkx5c3IkFXNyJFlzciYrdLO4k92caELEgwwzd2kQSHoNJVErFK8MfLej5/sYjl0puW0ocHfY34s4+i1Ja5KYHQRB5gk5DwyI+QhsX4cM9vadaNWd8RqukIAD47LsTJy/cePDQeqEpO/MbyEd35dZDy00PgiCyxZ7XaRCO3bSkZJghs1kjc/M6OTp0zYhSKBz3HS3J33EaAOZNaCuyPmYscQokPK3yvKLkqQpBEBliG04DOaoqBBXc9vfXajQa4aZslB6ZUd0zn1j5u6amRllfwaV6k2L8kmP9V+QfBYDZK/ZtfKeP0pnTGIct4qm6p1KpAgJEuOoQBEHsCRyesH/I1bR6PukxmIWjo0OnVhGvjmxBfBw8fau5SzggCIIgto5tRBrqincLN6K8WQwPtHVV0r8a25o8veQWsTGojYtfbWHdk6tiPtTrVRUldcU3OVprqq1/c7DHrI1VADB0xvdrJmldlQ6i6pUFin/KHZ2d6+5bdvaEtChCs6SWgCCI7YGRhgaBpyv0SnMVbsfRwSEuxHlhrifxcfjyitJbjEs/IQiCIHYGOg1PEJc1SmoJbJgrjwwzDO+gFjEkEBWg+PwFL2L7pc8qr1WYPU4h83q2D7CSEQQRHdt2GuKyRsm5ZSTkkX9SyUhs5JTZWCWuTTeV44djvVpEOwPA5NX/niq6zz1vXNaoM7tXM1UIe0VZuhqJM5X59IxW/ada7ZRZqCCWSkYQBOGHbTsNomDRhvXM7tXkn5VbcDLM8F3+CkvY9/FwfLmPe+cUJQDkbao6eK72IYfVRQmPgXehQvJyL2LvpoX7tyyx2imz3EGh34AgiLjYsNNAdD821CxKIrVDovLOjXMWMu7o4DC8vbp3ugoA3t16d9dftRYqSCps6OpCEASxArYxe4I71NC34W1cs56TjHYSKY06Bqbs5H7D7GRx3O8XaXNRjVPFGGZn2kOkT+nzLvHxw2XzmYzHZY36a+dH3Ua8SVsuMNSDkZ4zu1cPy1IHa50+3ln9yc7qvKWbd32cq1TQPz/BPczAdB6NLFDF0JZCrR/gdX/PsUKo6dmFMR2U0WVmcptWA9U+giAIb+zNaQC6foX42HHo7CM/LFe7qw13GjWpxJA2bXYuDbdwkezGTd71EunJgYkezVSbpi5kUZjUefz2z2dFRkaySwJT3duESRNWfrRi+Y/VwU165i6tWDdZy+Q3cIddD20Cs2yae+LMqhDeZQnPZVZGBEEQs7Dh4QkmaJvLuKxRu9bPM0zD1McwZafevbGkp8XQCEsTTxoX2Ks5O0JOhon3Uv618yNquVSFtPaN9mc2dpmb40HsyV1aUV0r9BUV7MfOo19kOYlcsnCvEKayjEo06QZRFbI/Q2qYkT0BgiAIP2w10mDUmlvh1orf2DZ7N2wJyDBDbntXgdMsuR8ymdJVExKbNQUARrxfsXy0JsBLXktNc4xGkNsmh4oElsUxF+0VTv0JALoLCIJYGAmchqqlZrxk3WNyDdNXVn5CjV9zLFUjHhvk1DVV0MvszQr+G6asuvdw9IrbADBpVeUHYzR+Ghn5DVxOx5ndq8vLyp2dnbXeT6wIae5oCG1ZhiEHpgQmFbIUh64DgiAWRe7DE3l5eUxfnTGYzWhFRbKGDDP0SndxdOAfZhASufFwdfzgOU26zhkAJq6s/LvYjCUcZIscnhIwehCHNs0Zm5pPhCCIzSGB0+AxuWZJxYxvvD7m8kdrgdqCm2woz+xe3XHobBYL7NCOLnPPbpZxpr6BqUTq0xUZ8crm0UpzFbKP0LPooVZO297PTe/n0TFRCQBz8qsOnddTl3CgPWXczwvHymHXyfskslcIe1nsYQaWXNTEtEUjCIJYDmmeaWCJH1iOXevnUadcAue5+CafExQC05OVRvtp+yryIxlm+PyTd1e8c5U64E2VndR5PO0RMRVBq4c2PQCM7Kh2UzlsK6xd/N2dCd3c2ie4GPWX1Jrn7cmxi2HXaW5ZwKFCeJclei45xEgQBLEbHOo5rOInOaK85bKkuNjLS0tMubRLCKehfRPluK5qJ0fTYxNxWaP+2vlRSUkJMeWSB1w6pJ+P1awsqAaA3Hau3Zq6JGWPtlAfJmLvSPtMg5U1iAWTJB5vuSwsLExLSxNDlP1QVlZWW1sbFhYmtRB5ceLEiejoaBcXQY9V2RmVlZXl5eUxMTFSCxGK3J9pQDhChhmeznDl4jHwg33GIC1dUl3Gd3UDgHV77q3dXX3q11X2FEvnUSHWRIaSEASxaWx1yiViCOkxDGrt4utpwdkKLCMdLHRMdAnQOM3dVLXjWO2OY7VHdqy0m86MX4VYB7upZARB5AM6DfZDUphTt6ZmxAPP7F6t1+vNLYVfP5TQyPntoZ6vrf8XAEZ+cHvf95/yMMKOVB2kbDtm2QpDEMR2sQ2ngcf4KxX9vXPg76/QaISbkhUDpmwhNjJbJ2tjIszKW1dTU1t9XhGaKL4sCnGhsDLm3qdf/3ngr2sTP61cmdfNW+NqhXJ5UPfwqpNKpQgIkFoIgiCIvMBnGuyEtk1D2qSGSK3CBN4a15F9k9IaBwDAmLztpy/dlFoRgiAIYga2EWmoOlwq3EhdcUV1KTiq7wo3JR+Grz9AbLTQqB+c+KfKzOx6vf5hSWVVjQjVyxFXgBebRXxyr+73yzdfX7ZnSvvY1BCzJylYGn35zXpnZZX2gdRCZMbZqqp6610qNkFNRcX9+/qqcqs2pB7pwdYsDkEMwUiDPdAsVJsQaEvDLsOaR3SNDwCA9347e+AKxhsQBEFsA3QaniA1J1NqCWwYySPDDP2TQxROtnQqXZWKZ9IictPDAWDFvvPb/76mf/CQKbEVToqQImR+zVgZrA0EsW9sqaehkpqTKedGipBH/olrnPQYusQHhmltcsWqznGBw5tHAMCGI1c3Hb0qw1MpQ0miI+IxpuZkHsvfy2KTvSyL1rZFf4wshVqnIASxGrbtNIiCRX/Yx/L3kn+WKCglWNMlLpA9jZxbro6xAa90iAOAnWfKXnjp87v6OmK/hJoNiya6QAmxQj2IdYykxyC5Ehb7Fv0x0pZohVIQxJrYsNNANFJW+/0LR0SpZJihcYDGz10lik2pSAr2yuuWoFY67b14Y8Lmwopqs5eOQBBzsaF2A0FkhW3MnuAO4Ukw3Sy2HdXNaCeR0qj5YMpO7jfMThbH/a6CNhfVOFUMuSelz7sAkN5ImxHlC0/e5BnZMTpAo8M5uLag/4xnacsFhnow0mNSv9FRM23P65E0+oPPvUJSX9py9OSOudSCuAQAjM6+Uaic+IpavdRT3HXSQNoDpBqn1cCegCkZ9QBpzx3H64TlvBhdfrQ1AAxXPtNxcQ8zsPxCmZSQydhPH8eaZ1JF1UOrwWj/ro+20oon05isWwSxLezNaQC6pof42GvqkH2rt7ur1YY7jVoiYryTNjt7nyeWSHbjRKNDeAwAkNbI29PFmcmsYSSGSWGLYdlbFn5BvLCKRRIYtPW0jaDwCvFVq679/WNGs8yTZVUJXeec27vsj4/WkwbZtRlC7UWY3B1aiGPcsfwrZ2elt1ZLdVzYD5NjPVCT0R4g036TZZk8L0zaaNOQG2fPno2NjRU+DMHlbLI7EByVC9TDsVZ3LP/K3FKE1yGCSIUND08wwdQabluywTANUzPE5UaKyx0nuxGWRpM0zt6yxPi5pzV6YoUDqh2Tkg6uLaCWy5SdS09DtcOUnppGX31reqcmLcO9ASAm88XjpbfNOhbalOI2zeyHybEeaE8TF53mXifmXrQc9QuvUpMWBPb6Jq9AYP4xmtRgtH/XR1uJuJRRoeyOEReFCCJPbDXSYPSbt4Lnzu9HbjKuay7k0wxPpzRSKZyEG2SB+yFzv4lnCS8TDG8R6enivPNM2ZJfz0xsG90i3Ie7YMkR0hNwyWvpnobJSyD2b3pzlUVLF4K5tUc7lCBiWWLlQhC5IYHTUJj+CffEaYfHMn1l5R8hvy5fbFfm0Tuv20b6xgZ4imrZGLPiwyIeplqpyE2P+PzrT0IS+36w7/zte3oHR5txbXnXA8fatrRnzGSfDNdbQQM/uKjiMloEHBoWw8S3Kiru39eT+2kHm7grRBD5I/fhiby8PKavjhlMoLKiIilJ6bOY2OjeJMiiBVkuckNaZo/Q3ri4d2haGACsL7waGN/VEkrkg62McG96c5X9xdVtpfIRRCZI4DSkHR77fa/SE5NUXP5oLVB/5ybbsmP5e3tNHcJigR3aAWzu2c0yztStkgMT18/sDPVyoyqh2jFLBvuDeyz2uVeOWbdfXeKDXm4fCwD+0R1WH7hILuEgIgJHE0xehOzRfqY0LLVHa5/jeTF5zTPZ51FLtL9H7j86jlcyjyvQJCZ/TdSyjObaMIUZWBRy/wpBJEeawC9L/MBybFuygTrlEjg/lGTyOUEhMD2kZrifmDSRFOT5Xr9pRkpoWzSjZz5oZbcYlm1oh9am4UeWssStHNKgqyY0qvXY3ef/efCwPqdpmNFsEd5maT+y7CQweYwc64F6RjieUCb7XM4LxwA+1T6Xg6J2ltRq5O2m015+TGnMLYujTZayOM6esGgDgiBWw6G+vl5qDaYR5S2XxcXFXlotMeXS5iDDDLlp4Z3jTSwByZHUnMyDawtKSkqIKZf8LFih7SurqvnqWNHBq7cA4P/6N9W6KS1eYnkZMeXScKcNxbEtJJWYcmnlQq1gXIgG4pmGAP8AayqR/1suT5w4ER0d7eLiIrUQGVFZWVleXh4TEyO1EKHI/ZkGxJAAd1W7aD8JBZgV7haLAA+XQamNGvt7AMBLW45eunnHCoXaFpKcFyPs8nEHw23JvRYEkQM281x6Q4YMMwxND7f0NEt2zA13i4W/h8uMzk2W7zl3uOhW3vaT0zvGJwTZ0qvALY1U54VWht10rjKpVQSRFeg02AzNQrxSQrSm03HmWP5evd7sFz1I2HqObBmpcVEUnCt/Z9fpSZkx6WHe1ixd5t2GTORZSIZURyeTWkUQ+WAbToMoY3gKzV03f38PjY3doQ6YsoXYGDQwxSNC5G6ypqbG0fOOR6Lch0gJPAAmZoQFF5xdu+3k8r3nRvdP7tIm0lkh/hBbxdU6lUrlEWDVgWobwOGaR5ptXCpWo7rMyaG21iMMqwVpKOAzDbKG9Bh6ttPFie0x2Ch9O8SM6JMIAKu2HN+842+p5SAIgjQgbCPSUHq4SriRiuI6KK2+q7Y9PynCx7O5V4AolWCEXq+vLHlYWiO+ZYuS7hGozHLae+bqV7+cLbtS3TtV56YUNBXTiJvleqVz/QOtjVWLpak6C6X1WCdPUFFRo79/X1FeBQDB6R5Sy0EQi2MbTkPD5IX1vxAbCSG+vh5u7IkbGsmhfu4q50s3j+49V3z/wYP+zWLVKjH9BgRBEISK7d12W5TMnFSpJRjjoXLuGB9GbMtQnhVgOuooP6+pXZo3CwvYf/Hah78evV1da2VhsqJhXhtWBisZQWzbacjMSZXzz5iQR/6ZlZcMMwxIi1U5N4iAEI9TGeTl3jtVF+njefnmvzO37C2+1UCD55k5qXvzjzFVIHvFWvoXJORXIKRQS5hlqWQEaSDYttMgChZtBfbmHyP/eBQUF6BtHin03VS20sztzT9GbnPX7OfhNrlzemojPwBY+NOBc2W3LCLuSWRVpYTHwDu7kLzcixDyK+BXouUsy+rsI4iVsWGngWgrbeg3zF0qGWbokshzgecGhcLJcXCLxm1jQgBg6S9H/iwql1oRwogN/WARBKFib3FvapzW8J6j26i2RjuJlEatGFN2cr9hdrI47jc3tLlI48SLqQCgtS44LtCb2sJS7ywN9xiJNDpAo8MpWHvw2Rn9qV8ZmaLVybSfqR6MRFK3DTeoBTGdFAJ3F+UHS4a8PvObH45f/HTP8eI/v7p19dCejYXU7CyniUzz1fIdLOXSVilTDRvaZ7mWqJcE+1lm38l0dLQ/DSMLtJrNuuTMwqxrjFoWkzCmg2K/ApmOy0gD1T6CNBzszWkAukaQ+Dhkaq/tq/ep1e6GO41+/8SwK212Lq2McJHwvzBDgKdbduNw9gad3axhJIZJYfawFl8s3EK8sIpFEphqi4VXiCHcT4oRby0YOGf2N98ePR+aMnDcsOkmz50hRmm2frSLmpipStl9IHK/WektgclqNPd6A2Gn3qxrjHdZwnOZlRFB7BsbHp5ggqlL2LBkm2EapgbRZI9ilN3cAAM1F9VjAIDGQT6DxmYIaYK55C1Ye9AwPfvdPJfulmqHKT2XDolFDH2yjUc6NYkYk5kc6+/1w/GLwYl9q/X3ucgzSkNGGriUS2ufpY9h0mOU3kinKJ0WuwUeRZh76oH5V2BSA21ZJmvJpEKOVyN6DAhCYKuRBqOmxzp3aQJzcVf4oK62T2r0Uh7liQr3Q+aSkvY0WeLEpYb5u6mcr//+F0Rlfl141lGhEmKN4922kCJsGnPrh3oBiFsWx1wmr0YmZw5BGjgSOA2fpBeaTvQ/xh5OY/rKyi01v7bDrFxkmOHaqR+Vip48ihMRsyLVcmtYYwO0Ezs0nf7pxwcAIlqMqrhbo1W78LDDsRJo75h5FEc1SxuxlxVchHEMHvC73TdZS7yrjhw2EmIEQewMuQ9P5OXlMX2112AelxUVWZwoX8+bV/4rrQbL9VJGT5NYogiCEK3H9dM/hXl7ePjqvjlytvT2HXMtyLmrtgPkUL1crsa9NjVFC0EsjQROw9jDaaW9vldNOsHlj9YCtbkx+avem39syNReLBbYoR0K5Z6di3EyzFDw49K9G49QC2Uq0fDpCi7pmWAfTmaxz71yqPYt2m3o796c3CmtWXjA0avlq/cdv3zjNjAcptEhDJzUlWqN5aBMDpMbxee5P6xgVpiBy+Ma3LOzXD88Tr1J2K8x9rLYwwwsuaiJaYtGEIREmmcaWOIHlmPDkm3UKZfA+ZbX5HOCQtibf4xwGm4VFW59by1toYaDrEyNKe0TmrQ7CbKHtaA9IqYiWMoSt3LEurdTOSueTo9zUTj9caH03R2HLx1YxaTNsETiQUju9Ux7+Oz1w9J1mYVRf0mtN97OMXf9/E69udcY77JEzyWHGAmCSIVDfX291BpMI8oLHouLi7VaL2LKpdwgwwyvdE2P8PWyTqGZOakFaw+WlJQQUy75WbCV1nPrsfM/n7wMAINbxLfWBTs5ssXYysrLlM7OWq2Y7yLnXVcmM1phLIng7NmzsbGxliiIuwY5YCipouKW/v79AP8AwLdcGnDixIno6GgXFz4PEtkrlZWV5eXlMTExUgsRityfaWgIkB5Di8igRt6e0ophh3tcXW70SIrq1zQ6NkC78eDpXX9ftUKJotQVl4x2NuIu82tMhpIQxJrY6pRL+0PjquydomO/A5YcEePqVkbh5NipSYRW7XK/7sF3x87/e6+2e3KUm9KCb9O2Zl3JfIaFWcj5GrObSkYQ3qDTIDFkmCEjOpTftEDe7M0/ptfreeSyhBjrkBYe6KpU5B888+uZomp93eCW8c5OTpYrTpRnO6xWlnVsyrlck8hWGIJYDdtwGkQZLLyrUfj7u2k0Mht3XA8AkBzrl5PT2EOttHLhNTU1dzwdgxNlVieWJBg8IlK8vv317B/HSqsVdZOeSfP1cjVKU3e1QqVSBQQ0oGrhwjUHCE7DOnkCp7Lq2lqH4DCsFqShIOtguN0zYMoWYqNt01DrewwNlugw7dAeCeHBnn+d+2fNd38Vl4nwmC2CIEhDwDYiDZevHxZupKyyuNahtOKeWrgpcWka7xoaVH75+g3rF63X6/+pKrl8vcb6RUvOmIHuW3be//1Yyd+Xro/o7xsa8NhpK6sod3Z2vlevFb3QiMB00W0iCIJYDaGRBp1Op9PpRJHS0Hh5URGxkZ6odlFhyMfaqF2d+mZrmye63ap88G1BxakL96RWhCAIIncE9VU6ne7ChQtiSZEt2Rk5Jvew76dCegwJ0S4xESaef+Ru1jp27AYPtdOQnj7tm7tfLNKv/OrG/mN3HoqxbAnWM4Ig9oogp0Eqj0GSRtkShQb6OPVop1E4OQi3bzJ7dkZOwe/5LCnZLVi6zrMzcgz/LFoWWSKx0b2dV68sTVyky6YdFfsKRXi+oeD3fPQbEASxS2wyKk50frZbKBlmiIlwze03jNa+uL0O6THwxgp1XvB7PvlnhU6XPCJnhUPHVp7pCW6hgYpvCyq///V2rV5ovAH9BgRB7BKbdBrsg4Rol6zmOFOLHut3umkJ6q4ZXkG+Tr8erPp5f93DhzawvDqCIIiVEX/2RElJieHHsrKywMBAgTZv3Lpp+DGn74T871aQGzl9J5BfEfsNU5L7h+dMXbv5//p2HWWUzDANdecjATdukoUa7qFmvHHjsVTaBG+tqiY2Ar0fDOoxFAyCCmQyIqNhr2nSrFEaQwjlht8S2/p/bu+8uhgArv/QMWZwNlEiU30aHb5R/RC5qJVvdERUzez6iT1M55eqgaksWm1UMS8On+CmDfPTtT8Fyacu3j3184x1+W/THgu1LKq1/O9WEPVpuFP5sJTu0G2G0lLb1i86d+/eraurw2oxoq6urry8XKGwjdl51qGmpqa2tlY+l0pwcDC/jDZ/UqmdGUvjPmzQS+wdm6EvYpiGvVxqn2QyQVy4Y2K0wrCvNep+mHomk+Vyh/AYAOBszK76jfW0Nk0eGjDUD1N6czUz6WHSwLssMvGtyocfbq52cHAMatzzVuVDbw1jNI5LXSEIgtgT4jsNISEhLB/5oXc09s58fX2IDepYO/GV0Sg+Ee7+bsdqd/fH6zTQpmGxSRZqlIbISOxhKb3g9/zH0yyTvMIbqY2OxdC+0Ud2s7TZmUwBgGNpxffX3gUA9eVYdY1HeXzhuZhfX+yR9eWuA/kFa5jy0mow/IoqwNfXh10zk0gyDW1ZTBqYyqOv/Z4AAB39SURBVDIqlNjOzsghS3yyGmHS4LJ57/7h3Sh9/Y+14wf75/YbxlTVTJcE7UEBQHAgT+9eDly7do333Ym9UlZWVltbi9VixK1bt/z9/fEtl4ZUVlY+ePDADi4VQU4DuUIDsWGL0y8tN3DOYjkiWJkc5ya6WY60DAomPAbH2z6t4jvcD/Py3q49HfXL7fTjQ1yaCzROC0fNhskMO2CzDpl3/RhlVCjdO3drV3iy+rtdFe5+sYbJSG0sXiaCIIhdIshp4OclzF1jxqJ4c4aLsBYkC9TmXiw3gmqZDDP07qBxVjiIZdYs1uwYH/ccAIDXhcS2rTt7JESWlJS0fH6g53rPg77fVCae+PbD5VmZvbSJkUJKMYKjZtpkRsEDk2eHqSwyVMAU5zDcWVZW7uzs7O2t3b51B0CmrvXY/X/eYSkOXQcEQRoIcp89kZeXJ7UEcSA9hhZJ6shQ8aN2XHqsNTvGA4Dr1UiPi/Ht2vX0aRpHftV4aJeiL7wcqjwro05uLVlUceKS6Ap5IHymqECunf7x2t8/No5SbdpeMe/9VUwui9WmiSIIgkiLBE7DnOGH6y/1ioBJXP54l2LUiNM26NSGnrwZZc9oBLVvY+pCkmJcspq7mzTIBK1gjjoJj8GlJMKtVvPBuv8axRKyM3Jmrl94YXO95mICAGwtWVS6+08uGkwuFcWi2VyYbHIsiz3MYJRxUO/xAPDLnnXl53Y1bawO8HH6+ueKwPjuP+zaIPxAEARBbBRpZk9YJ35g2BMw9eJG+8mH70xmZBqAp7Wc0uddYiPQzznIT8mUjMd+LjfiBb/nEx6D+lKsl967zaDevV4Yb2ScsLOv+OrkjHEF/9VXR5zbWfNhxteDmQxS64cqjKkOuQcPONq0RFmbv/+I3E5PVDs7O+za/y9A9je/VDzT04c2C3V5LhywQBDEznCoF2OxfUsjylsui4uLvby0hrMnrAYxNhEbrhrcw9vL06qOWvW1m5uPvwEAThXe0RXNWj0/0PBbvV5fUlISGflE1OGB/v62lZ/c1v0FACnFvVJH92IvQg69o7gayGcaDHdeLKot2F/598XahGiXpzprTZ5HWkk2/ZbLwsLCtLQ0qVXIC2L2RFhYmNRC5MWJEyeio6Nx9oQhlZWV5eXlMTExUgsRityfabADHr+bKsbVyh4DABAeg6okTHkkwMhjYMJJ6dy5z6CgMy0A4M/QbYc+/sayEnlhNDxhBa8lqpGqf2dvPy+nk+drtu2uvFVZxy5PckcKQRBEdNBpsBK+WseWyVYNctw6fv7Rk49FUamuLZ5+ZzL3MXi3UP8uL47Snc0CgFMRP+9a9kVtxb8W1Go+xNAA8We17tnXS/H8EP+0Jm5HTlUvX1d2/cZ92mToMSAIYq/Y/IqQMocMM/TL9lY6W89FqzhxiViMwaHSKyu+W0DbZDB/TmDrcQMVKxVndAVFcX/8ura224vP0SaTqoOUpFwvT0Wfjl4PHj48drpm22+3s5p7xIQbx2DRY0AQxF6xDadBlJHg+1Uafz9/jUYj3BRHBkzZQmy0TArqkdHKauWSK2F4XUzskTksplM2U8qamhr9v54RgYlMCXTzWv+6fPkezzVlcYVbV9x/qs/EkHT7H9V21F9VqVQBAQFMCZJ08NGmoz//9/KpCzUvPpPWvjkOaSMI0iDA4QmLk9YkoF/HWNPpRILwGFyKotSXYgf2nsTiMXCkw6RJfVxmOFX4VOiOrzw57p/TZ8SQafOM7JeU0y0eAJZ9Wbjzv5clVoMgCGIV0GmwFGSYIdBHHRfhbZ1CCY/BtTjKTe/x0uufixUVaJozcIBukuZiIgCsODD09E8/iWLWplEpFTldG78wuJm/j9uHm46u/+HkvVq2RyMRBEHsAHQaLEtsmFfPdtHWKYvwGNSXY72rA599bq5CqTSZhTtNevca0GOC6xUdAOSXzzr0xVoRjdsuHVuG5/ZIaBzp/fUvZz/79rjUchAEQSwLOg0WgQwzNEsIDPS1+KSJO9evEx6D021tWH3UmAXLNI1CRS8lrGWLic9/4H0+BQB+rF+6873/iF6ELdK2WeiQ7k1SY/1/2X/lnc8O3Kq8J7UiBEEQS4FOgwXx8lD2bW+NpTyW7OgFAK7FUQn/Zgx4fbblClL7+eaOmhV0riUA/OH95fdvvWW5smyIxBi/sYNS/b1d9x8v/XzrCfQbEASxV9BpEB8yzDCib7JKadn5KSWHCx89+VgS0cIrq/+sPHFHJahoIyPGzv8g6nwHADgS8s2amVPvVVZatESbINBXPW9CZru00H1Hil9buqfouryWtUAQBBEFdBosRXKMX7u0RhYtYu6a9JUnxwGA4y3fngkj2k+caNHiDMl5NS/hcncAuByze907b1itXDnj76Me0TepVVLQPxXVkxcVnLxwQ2pFCIIgIoNOg8iQYYYBnSw7zZJcjEFzMXFQ/OTEvibeECEuSnf1wDlvZtzKBYDS2P3vzx5degwfAwQvD5dXRrTMbhkOALPe37v3SJHUihAEQcQEnQYxIT2G7BbhybH+liuI8Bjcrka7XYke1HtSfPfuliuLhU5TXurp9JLiRsBN3Z+f/jmqsqhYEhmywtHRYVT/5Jyu8QDw3trDv+y/LLUiBEEQ0UCnQXyC/NR9O1rw+cdHHkOxzlWvnvD8+9Iu0Ziem9s78jnNpSYA8H+7+uESDgDgqlLkdGs8flAqAKzIP7rhx1O1elzCAUEQewCdBtF4PM0yPjA0wMNCpTxajOFSrLbab+ioWWo/XwsVxJ3kAf0GdH/BpTgSAPLLZx3N3yy1IlnQqVXE5KFpALB555k1W09ILQdBEEQE0GkQGZXSMbdXE0tYvvvPjUeLMVT4Bj8MG7PgfW1khCUK4kFYyxbjn33P53wqAGytWfTr+yukViQ9jo4OWelhec9nNI7y2f77pSVrDuJUTARBbB10GsSBDDMM65VooWmW7/7YDQDUV6ObVLUeOH2WJYoQgqZR6ODhMwLPtQCAPR6rf1i0UGpFsiA51n9iTtNgP/Xvx0pWf3v83zu1UitCEAThDzoNYtI4yrtrm0jRzZKLMSivhTT1bDNg1hylu8VXmeSBb3T0uPkrws9mAsDhwK++mDlVf+eu1KKkJ9jf443n2rRtGvrHsdIZS3fjEg4Igtgu6DSIABlm6J0V4+QkcpWSizEoygO7RjyTPflFce2LTs70vCaXugHApZjd695+XWo5siDIz31U/6T0JgHXb9ydvKjgzOVbUitCEAThAzoNQiE9hsxmoc0TAsU1/ngxhktN+saMbTY4R1z7lsBVoxmUN7/NzWcAoCj29w9mjSn766TUoqTHy8Nl2shWnVqFA8BrS3f/988SqRUhCIKYDToN4hDir+7ZTidumIH0GFyLdIN6TU7s10dE45am88svd3n4AgDciD720ZHhuNQ0ADgrHEf2Sx7YJQ4AFn9+8NdDV6VWhCAIYh7oNAiCDDPEhvvoQr1EtPxoMYYinc/51HHDl0i7GAM/Wo8c0c/tNc/LjQHgnW+zcQkHAHBVKZ7p3mR0/2QAWP5l4cbtf+vvP5BaFIIgCFfQaRABH43LkO6NRQwzEB6D+5VoTY3P0FEzLfGea+uQMuipp3u+pCoJB4D88lnHv/lWakWyoFtGJLGEw6Ydp9dtw7EbBEFsBnQa+EOGGTq3jvDVuoliU3/nLuExKG76+elDx85fIZ/FGPgRkp42esBbPudTAGBL1fw/Vq6SWpH0ODk5ZqWHzR7XBgC27bnwf+sOV/xbI7UoBEEQ06DTIJTUOL/ubXViWXv76ywAcL8cF/dv88Ez5oplVlr84uMGD38t4Fw6AOx0/nD74sVSK5IFqfEB703vGB7suaew6NNv/qyuuS+1IgRBEBOg08ATMsyQkRrqoVYKNzh3TToRY3D+JzDFs/nAvHnyXIyBH77R0ePnf9TobBsAOOCfv3bWK3V6vdSipCc8SDP12RZtUkP2/1ma+9o2XMIBQRCZg04DHww8hpDWqSHCDZITJZyvhXbyy+k05SXhNmXIkOlvxl/sAgAXo39bP+81qeXIgtAAjzEDkpvG+QHA5EUF569WSK0IQRCEEXQa+BMZ4tmheZibi7NAO6TH4Hk5vqduWIvhwwRLkymuGk3O3LdalucAwOWY3R/Meu6f02ekFiU9Xh4u00e16tw6HACmv/fb4VPXpFaEIAhCDzoNZkOGGbw1rkmx/gKtkR6DS3FETt/pKYOeEmhQ/nSbNq1j7VgAuBF9dMWBoVLLkQUqpWJE3+T+2TEA8Nan+/cUFkmtCEEQhAZ0GngSHuQxrHeCs0JQBf5vMYZonwupo3MWBqcmi6RO7mSOHdtb+Yr6SiwAzF2TfnbHz1Irkh5XlWJYr8ThfRIB4P/WHd604+/7dQ+lFoUgCPIE6DSYBxlmSI4NCAvUCDH1yGO4Gu1xTzt05Ezf6GgR9NkOzYYMHtJjqvJaKABsuP46Lv1E0Kud7oXBzQBg4/bTG3/6W2o5CIIgT4BOAx9aJAb2zIzinb1Or3+0GMONAN/awPELPrT1xRj4EZKeNrzbPO8LKQCQXz7r0BdrpVYkPU5Ojh1bhs8c2wYAtuw6u2w9LuGAIIiMQKfBDMgwQ+MoX38f/vMhF2xoAwAel+Jjq5oOnmYnizHwIzg1OXfkLN9zzQDgx/qlO//zH6kVyYJmjQMWT+0AAL8dLho95ydcahpBEJmAToPZtEwKykpvxC8vuRiD4pZPkmezQXnzXTWCxjjsAG1kxMT5nwSfbQUAf/h8uX72dKkVyQJdqNd70zu2Sg4GgMHTt+ISDgiCyAF0GrhChhlaJQd7ebjwsEBOlFAVh3f0eLrzyy+LJs72yZ2+IO5CFwA4r9uFfgNBeJBm/KDUpBhfAJi8qOByKb4pFEEQiUGngRMGb7PUtk7hs5oT6TG4X4ntGj249ZjRoomzC1w1msHz3mpR9jQAnNft+nDWuBvnz0stSno83VXTR7Ts1CocAF5evOvYmTKpFSEI0qBBp8EMEnQ+I/slK52dzM34OMZQGjakz4ymOYPElmYndJ8+vV3VSAAojy5ct26e1HJkgdpNObJfcr+OMQAw76M/fj9aLLUiBEEaLug0mIYMMwT4usdFeJub/dHUyivRPhdSRvZ6s+EsxsCPDi9M7OEw2bVIVxl5CpdwIHBVKZ7tnfhMj8YAsOSLQ5t+Pv3wYb3UohAEaYig08CVVklBvbPMfpvl/xZj0KlrNUNHzgpISrCANHuj+bPDcnu94VwWDAAbrr9+4bffpFYkC/p2iH1hcFMA2PjT35t/Pi21HARBGiLoNJiADDOEBXmGB5k30+HRWyvLA71rAiYs+LhhLsbAj+DU5NysmdoLSQCw7soruIQDADgrHDu2jHjjudYAkL/j9PsbCm9X4RIOCIJYFXQaOJES69epdST39OTUSveL8bq7Kc9Mf9Ni0uyWsJYtho2c430uFQB+rF9asHSZ1IpkQVqTwIWT2wHAroNXR83+CccpEASxJug0sEGGGZonBvt6uXLMRT726FilSfRsmpO3ABdj4Ic2MmLS/JWBZ1sAwD6vLzbOxrdpAwDERvj8Z1pHYnvg1G+Ly6qk1YMgSMMBnQZGSI8h2F+d3TKMY67Hb628GtVe8XTXqVMtIq4hkfvSvJgLnQDgjG7nl7NflVqOLIgI1nz+Zo8mUd4A8OLCX3DpJwRBrAM6DSZIivEb2TdZpVRwSUx6DK7FUdmR/TLHj7OktIaC2s/3mXkL068PBIBzuoIPZ46ruHRZalHS4+mumj6yVXbLcACYvKjg1MUbUitCEMT+QaeBHjLM4OaiSGsSyCUL6TE4Xwsd3mdOeu4zlhLXIOn56oy2lc8CQHlM4ZrP86SWIws83VWj+if3bqcDgJnL9x44Xiq1IgRB7Bx0Gtho1iRgQHYsl5Tke669LyQP74RTKy1C9osvdqufpCoJq4w6MXdN+rlfCqRWJD2uKsXI/smDusQBwKLPDny984zUihAEsWfQaaDh8dMMvu4x4aZXcyI8BteiSLcaz2efmxeSnmZZfQ2YliOGD+s2S1EeBABflrx69cBBqRXJgoGd48cPSgWA9T+e+voX9BsQBLEU6DQwEt3Iq0emidWcyKmVyushXjX+Exd8omkUahV1DZeQZk2faTldezEJAD47PQGXcAAAZ4VjlzaRr41pBQDrfzg1YMqWqrt6qUUhCGKHoNNgDBlmSE8ICvRVs6R8/A6qi/ERdxOGTXvL4uIQAACIbJc5bMQcr3MpAPBj/dLdKz6UWpEsaJ4QtGBSO2J7+MwfpBWDIIhdgk4DPVpPVd8O0SwJSI8BalwS3FOGzHsLF2OwJtrIiOdnLAs4lw4Av6lXbZ47S2pFsqBxlM/ilzsQ2wOmbCkpxyUcEAQRE3QanoAMMwzvk8QyzfLx1MorMe3qBnebNs0a4pAnUbqrh02eH30+GwBORfyUn/eG1Ipkga6R15r5PYntSW//cu2fO9LqQRDEnkCn4TGkx5AS69curRFTMsP3XHeI6NFh4gvWEIfQofbzHfrmotSivgBwOnLHRzOfryzCN0eDh1q5am73ji3CAGDiWztxCQcEQcQCnQZjkmP8+jNPsyQ9BkVZ8Ihec5s/O8xauhBGek5/tc2tXAAoizn0xaezpZYjC7SeLqMHpPTIjAKAmcv3Hjp5TWpFCILYA+g0PIIMM/h5uyXH+tOmIT0G7YWk3IwZgUlJVhKHsKJQKjtPealL3UQAuKU7PndNOr5NGwBcVYoxA1L6d4wBgLdX7v9u1zmpFSEIYvOg0/AEgb7qfh1jqPvr9PpHizEUR3qfSxn+3JvhGW2srg5ho/XokSOilymvNQKAdVdeKT16VGpFsmBw9yZjB6YAwJrvT2wpOItvxUQQRAjoNAAYhBnSGgeE+HsYfTt3TfqCDW0AQHW9keae7/OzP8TFGORJeEabp1tN9rqUAACfHn/u8LovpVYkPc4Kx24ZUTNGtwKAtdtODpz67d1qXMIBQRCeoNPwGFeV07DeiUY7Hy/GcDk+7G7cs9MWKpRKq0tDuKJr337E6AXaC0kA8MOD/+z75JM6PfaR0CIx6M2JbYntYW/8gPEGBEH4gU7D4zBDbq9EpbOT4VePF2O45xLr3PiZeQtxMQb5o2kUOnrSYmIJhwLVJ9+/s1BqRbIgIdrvnSntie2BU7/FJRwQBOFBQ3caSI+hSZRPl9YRhl+RHoPHlfi295/u/gouxmAzqP18h02eH3W+AwAcb7R1U95MjDcAQHSYdu2Cx0s4lN+8K60eBEFsjobuNBAkRvv0bh/t5PS4Nh6/57o8KCOsc/akF3FUwrZQ+/kOe3Nxk8s9AODvyO2r5k6++w8uVwBqN+XKvG7E9vj5P5++dFNaPQiC2BYN2mkgwwzenq7NGgeS+w2Wbwof3mFOyxHDJRCHiEH/12a2uTEEAK7HHvps6Wv6O3hvDd4a1w2LehPbry/bU3jqOj7igCAIRxq000AQ7Kfu0U7nrHhUFaTHoLmUMKj1pJD0dOasiNxRKJWdp07tdP95ALgZc/Ttr7Mu7dkrtSjpUSkVXy3p1ztLBwALPv3vjt8vSq0IQRDboOE6DWSYISbcWxfqBQbvuXYrjvI+nzxm/CJd+/YSKkTEImPM6GdCFrmWRALAF5emlJ36W2pF0uPo6JDbK3HMgGQA+PSb4wOmbMF4A4IgJmm4TgOBn9Z1WM8EJyfHx0MS18I97vmMeeU998BA9ryIDRHTKbtf2nOelxsDwEeHhuESDgDgrHDskambNqIF8XHg1G+ra+5LKwlBEJnTQJ0GMszQqVWEt5fr48UYrsSF3okaPg2nVtohsV27PDdusefFBHi0hMOnOKUCAFomBc99PoPYzn1t24MHD6XVgyCInGmgTgNB03j/bhlRjxdjuKuOcojNnb8YPQZ7xT0wcNSYBf6PlnD4ePuS/0itSHocHR2SYv0XvZRFfBz0ynfXb+DjogiC0NMQnQYyzJCRGvqfrx69QsLzcuO2+qd6v/qadLoQa6BpFDpi2qLIc1kAUBj81ea5szDeAAAx4d6fvdmD2J6w4OcbFfek1YMgiDxpcE7DY4+hacje008R24qbfq1CO2a/hIsxNAhcNZpn5y+Jv9gVAE5F/LR63hScigkAGnfVx7O7Ettj523HJRwQBKHS4JwGgogQzzv1E4ht1+Kooa1mtx49UlpJiJV56o05LctzAOBazIFVC1++V1kptSLp8dO6bXynD7H9+rI9R0+X4ZQKBEEMEeQ06AwQS5BFGZm3i9jQ+L1KbHheju/fclxEm9bSiUKkQaFUdps2rVPtOAAojyl859vsK7//IbUo6VE6O+Uv7ktsv/nxHwUHLksqB0EQecHfadDpdBcMsBW/ISV1QUrqAgBwK4r2Op84dsL/xXTKlloUIhkZY5/LCXrLrUgHAJ+ff/HGhUtSK5IeZ4Xj5nf7ju6fDAAfbjo2YMoWnFKBIAhBAxqeeHXFCcJdAACX0gj3Gq/RExeq/XylVYVITnyXLr3TRrhfjQWAD/YNOrJho9SKpMfJybFnO93kZ9KIj4Ne+a5WXyetJARB5EADchpIj0F9NTq4OnLEtEW4fBNCEN+9+/jxyzwuxwHA9/p3z23d9gCnVABkpjWaM/7REg5DXv3+wQN8vgFBGjoO9fU8GwJieILpo9wgF2NwqPKMv9Hm6bz50uqRCTU1NefPn09MTJRaiCyouHT5y1Vv3Yg5IrUQBEHsEO2ZlBffWiW1CqEoRLd46NAhw4+nT59u0qSJ6KWYS3OvBYduv+FxMT7MITa8a5fCwkKpFcmC2traoqKi2tpaqYXIhfQuuSd+dClujE9EIggiMvc8bsun60lLS+OXUXynoXnz5iwfJSMNnD65dtelYsBrU6SWIiPu3bvn4eGRlJQktRAZ0bJdu/fmDHO+76J10kqtRUbcu3+/JOxowBUMSj3Bba8SxwdKn39DpBYiL66FnvAqjVTVu0gtREbUOtS4PnDn3VXLB/GdBtkSkdXa399fahWIDTBg1HwXF5eAgACphciLQ4cONZ8gj3sA2VBWVlZTUxMeHi61EHnx119/RUdHu7q6Si1ERlRUVJSXl0utQgT4Ow1G0yzl/EADgiAIgiDCERRpQEcBQRAEQRoODWjKJYIgCIIgQuA/5dJyEKMeRvM5QbzAhiizQyWZYkq77KaEx0LVY0PBJ5lPErYEDfCQEe5wGW7mfgkJudgkHPi2UNECf3pGPaC0DwY0oAchCYiTJ8optD6GF424LhRvgxJ2QuwrhcjBNSSvE5n4l2JZtgMX00iMkRKOx2ij/SIt4v58hLQqEq4AZKGiBbaxZHaLiuSOTIcn2OvI8C1Z5L+835tFtWD4L216OfzIgaLQsMZ4VwhtfbJXiL1i9Fvll51AXGFcMCxaRBlC6uTCkwgXIxAWMdw9Bt5tjsxf3EPUAFM7YK5gG21VqKdGlE7H3NqQw4/FEBuLNFAdCKOdwn1bqk0WATJEuB9KW58sFUJuW7lmDJ13I1+e2qCT+3kXZ2STtlyjxLzLsiiGhyDwajGrTqgZ+ai3GIayef9qeFSFnDFqB4TfLhtt227NCOx0bLo2bMxpoIV7RZNnxejq53irYSsnlTu0FUJ7jFx2yqp+aP1L6h7eNuXsTrFA9Y/FNWhbzZ8RAmXbdFXQOtn8ENiqSAj3ShDY6dhEbTAhX6eBPH+yqkrDS0q2zYGcI362gvCfusB4j4WQQ2cgk9qgdg9W6wlE7KFFhHrFStKSSDteI/C+oiEgX6fBQgi5DuTZDVAxN8JsOSXWgSmAZAeHhlgOCX+/wscQrYCQn5LAn56d9dx2cAiGyNppECtUyH2P7cJ0XbKMqtJWiLmFSluBtDclLM8ZmGXczn7qoiC8TiS/ZsTCzi4PgQPzLDuFP0jEO7u4xZk8EI6djhCFckDWTgMValhPrHFZ0W1aAaMHr8jRHIGRT+7ZZRJlNSyX6fQZ7WQfZrLLn7pJsE5oaSBVQftbph4X71FjsxoKo+dJrQZ7JYjYNfCrDbFaeIHI0WlgHxo0+pb9I/tXHG1yF2k1aJUzHY5JI4Z7aH1tUR4IsjKW+P3bnDtlElq/0yzMbf5kWxXCsfXLg+MP3+ShUffYUKvCrpP24RVzOx3htSHtBSPHFSGFY1bbZN8NGWBtmILjITeomsE6IcGqoAVbFSO4H6Ot14Z9Og0IwpGG81PnDtYJCVYFghiBTgOCIAiCIJyQ6TLSCIIgCILIDXQaEARBEAThxP8Drr+gVDZcrCMAAAAASUVORK5CYII="
                                height="200"
                width="700"
                margin="0 auto"/>
    
    
        <p style="width: 100%; text-align:center;">
      <a style="color:#0d0d0d;font-family:-apple-system, BlinkMacSystemFont, &#039;Segoe UI&#039;, Roboto, Oxygen-Sans, Cantarell, &#039;Helvetica Neue&#039;, sans-serif;; text-decoration:none; font-size: 9pt;" href="#reportTop">
          Back to top &#8593;
    </a></p>

    <hr style=" border: 0; margin-top: 50px;  height: 1px; background-image: linear-gradient(to right, rgba(231, 231, 231, 0), rgba(231, 231, 231, 1), rgba(2311, 2311, 231, 0));">

    <p style='font-size:15px;line-height:24px;margin:0 0 16px;color:&#x23;212121;font-family:-apple-system,&#x20;BlinkMacSystemFont,&#x20;&#x27;Segoe&#x20;UI&#x27;,&#x20;Roboto,&#x20;Oxygen-Sans,&#x20;Cantarell,&#x20;&#x27;Helvetica&#x20;Neue&#x27;,&#x20;sans-serif;text-align:center;font-size:13px; color:#666;padding-top:30px;margin-bottom:0;'>
        Powered by
        <a style="color:#439fe0;" rel="noreferrer" href="https://matomo.org/" title="Matomo Analytics">Matomo Analytics</a>
        <br />
        The leading open analytics platform that respects your privacy.
    </p>

        <p style='font-size:15px;line-height:24px;margin:0 0 16px;color:&#x23;212121;font-family:-apple-system,&#x20;BlinkMacSystemFont,&#x20;&#x27;Segoe&#x20;UI&#x27;,&#x20;Roboto,&#x20;Oxygen-Sans,&#x20;Cantarell,&#x20;&#x27;Helvetica&#x20;Neue&#x27;,&#x20;sans-serif;text-align:center;font-size:13px; color:#666;'>To unsubscribe from this report please follow this link: <a style="color:#439fe0;" href="__unsubscribeLink__">Unsubscribe</a>.</p>

</div>
</body>
</html>
