<?xml version="1.0" encoding="utf-8" ?>
<result>
	<row>-123.13</row>
	<row>-97</row>
	<row>21.32</row>
	<row>22.23</row>
	<row>6.02</row>
	<row>91.1</row>
	<row>2</row>
</result>