<?xml version="1.0" encoding="utf-8" ?>
<result>
	<row>
		<label>Others</label>
		<nb_visits>85</nb_visits>
		<nb_hits>85</nb_hits>
		<sum_time_spent>0</sum_time_spent>
		<sum_bandwidth>0</sum_bandwidth>
		<nb_hits_with_bandwidth>0</nb_hits_with_bandwidth>
		<min_bandwidth />
		<max_bandwidth />
		<entry_nb_visits>37</entry_nb_visits>
		<entry_nb_actions>138</entry_nb_actions>
		<entry_sum_visit_length>11</entry_sum_visit_length>
		<entry_bounce_count>26</entry_bounce_count>
		<exit_nb_visits>30</exit_nb_visits>
		<avg_bandwidth>0</avg_bandwidth>
		<avg_page_load_time>0</avg_page_load_time>
		<avg_time_on_page>0</avg_time_on_page>
		<bounce_rate>70%</bounce_rate>
		<exit_rate>35%</exit_rate>
		<is_summary>1</is_summary>
		<Actions_PageUrl>Others</Actions_PageUrl>
	</row>
	<row>
		<label>/8/ - Others</label>
		<nb_visits>24</nb_visits>
		<nb_hits>24</nb_hits>
		<sum_time_spent>0</sum_time_spent>
		<sum_bandwidth>0</sum_bandwidth>
		<nb_hits_with_bandwidth>0</nb_hits_with_bandwidth>
		<min_bandwidth />
		<max_bandwidth />
		<entry_nb_visits>2</entry_nb_visits>
		<entry_nb_actions>3</entry_nb_actions>
		<entry_sum_visit_length>1</entry_sum_visit_length>
		<entry_bounce_count>1</entry_bounce_count>
		<exit_nb_visits>10</exit_nb_visits>
		<avg_bandwidth>0</avg_bandwidth>
		<avg_page_load_time>0</avg_page_load_time>
		<avg_time_on_page>0</avg_time_on_page>
		<bounce_rate>50%</bounce_rate>
		<exit_rate>42%</exit_rate>
		<segment>pageUrl=^http%253A%252F%252Fpiwik.net%252F8</segment>
		<Actions_PageUrl>/8/ - Others</Actions_PageUrl>
		<is_summary>1</is_summary>
	</row>
	<row>
		<label>/7/ - Others</label>
		<nb_visits>21</nb_visits>
		<nb_hits>21</nb_hits>
		<sum_time_spent>0</sum_time_spent>
		<sum_bandwidth>0</sum_bandwidth>
		<nb_hits_with_bandwidth>0</nb_hits_with_bandwidth>
		<min_bandwidth />
		<max_bandwidth />
		<entry_nb_visits>2</entry_nb_visits>
		<entry_nb_actions>10</entry_nb_actions>
		<entry_sum_visit_length>2</entry_sum_visit_length>
		<entry_bounce_count>0</entry_bounce_count>
		<avg_bandwidth>0</avg_bandwidth>
		<avg_page_load_time>0</avg_page_load_time>
		<avg_time_on_page>0</avg_time_on_page>
		<bounce_rate>0%</bounce_rate>
		<exit_rate>0%</exit_rate>
		<segment>pageUrl=^http%253A%252F%252Fpiwik.net%252F7</segment>
		<Actions_PageUrl>/7/ - Others</Actions_PageUrl>
		<is_summary>1</is_summary>
	</row>
	<row>
		<label>/6/ - Others</label>
		<nb_visits>18</nb_visits>
		<nb_hits>18</nb_hits>
		<sum_time_spent>0</sum_time_spent>
		<sum_bandwidth>0</sum_bandwidth>
		<nb_hits_with_bandwidth>0</nb_hits_with_bandwidth>
		<min_bandwidth />
		<max_bandwidth />
		<entry_nb_visits>2</entry_nb_visits>
		<entry_nb_actions>18</entry_nb_actions>
		<entry_sum_visit_length>2</entry_sum_visit_length>
		<entry_bounce_count>0</entry_bounce_count>
		<avg_bandwidth>0</avg_bandwidth>
		<avg_page_load_time>0</avg_page_load_time>
		<avg_time_on_page>0</avg_time_on_page>
		<bounce_rate>0%</bounce_rate>
		<exit_rate>0%</exit_rate>
		<segment>pageUrl=^http%253A%252F%252Fpiwik.net%252F6</segment>
		<Actions_PageUrl>/6/ - Others</Actions_PageUrl>
		<is_summary>1</is_summary>
	</row>
	<row>
		<label>/8/32</label>
		<nb_visits>8</nb_visits>
		<nb_uniq_visitors>8</nb_uniq_visitors>
		<nb_hits>8</nb_hits>
		<sum_time_spent>0</sum_time_spent>
		<sum_bandwidth>0</sum_bandwidth>
		<nb_hits_with_bandwidth>0</nb_hits_with_bandwidth>
		<min_bandwidth />
		<max_bandwidth />
		<exit_nb_uniq_visitors>1</exit_nb_uniq_visitors>
		<exit_nb_visits>1</exit_nb_visits>
		<avg_bandwidth>0</avg_bandwidth>
		<avg_page_load_time>0</avg_page_load_time>
		<avg_time_on_page>0</avg_time_on_page>
		<bounce_rate>0%</bounce_rate>
		<exit_rate>13%</exit_rate>
		<url>http://piwik.net/8/32</url>
		<Actions_PageUrl>/8/32</Actions_PageUrl>
		<segment>pageUrl==http%253A%252F%252Fpiwik.net%252F8%252F32</segment>
	</row>
	<row>
		<label>/7/28</label>
		<nb_visits>7</nb_visits>
		<nb_uniq_visitors>7</nb_uniq_visitors>
		<nb_hits>7</nb_hits>
		<sum_time_spent>0</sum_time_spent>
		<sum_bandwidth>0</sum_bandwidth>
		<nb_hits_with_bandwidth>0</nb_hits_with_bandwidth>
		<min_bandwidth />
		<max_bandwidth />
		<exit_nb_uniq_visitors>1</exit_nb_uniq_visitors>
		<exit_nb_visits>1</exit_nb_visits>
		<avg_bandwidth>0</avg_bandwidth>
		<avg_page_load_time>0</avg_page_load_time>
		<avg_time_on_page>0</avg_time_on_page>
		<bounce_rate>0%</bounce_rate>
		<exit_rate>14%</exit_rate>
		<url>http://piwik.net/7/28</url>
		<Actions_PageUrl>/7/28</Actions_PageUrl>
		<segment>pageUrl==http%253A%252F%252Fpiwik.net%252F7%252F28</segment>
	</row>
	<row>
		<label>/6/24</label>
		<nb_visits>6</nb_visits>
		<nb_uniq_visitors>6</nb_uniq_visitors>
		<nb_hits>6</nb_hits>
		<sum_time_spent>0</sum_time_spent>
		<sum_bandwidth>0</sum_bandwidth>
		<nb_hits_with_bandwidth>0</nb_hits_with_bandwidth>
		<min_bandwidth />
		<max_bandwidth />
		<exit_nb_uniq_visitors>1</exit_nb_uniq_visitors>
		<exit_nb_visits>1</exit_nb_visits>
		<avg_bandwidth>0</avg_bandwidth>
		<avg_page_load_time>0</avg_page_load_time>
		<avg_time_on_page>0</avg_time_on_page>
		<bounce_rate>0%</bounce_rate>
		<exit_rate>17%</exit_rate>
		<url>http://piwik.net/6/24</url>
		<Actions_PageUrl>/6/24</Actions_PageUrl>
		<segment>pageUrl==http%253A%252F%252Fpiwik.net%252F6%252F24</segment>
	</row>
</result>