<?xml version="1.0" encoding="utf-8" ?>
<result>
	<row>
		<label>Firefox 6.0</label>
		<nb_uniq_visitors>6</nb_uniq_visitors>
		<nb_visits>30</nb_visits>
		<nb_actions>30</nb_actions>
		<nb_users>6</nb_users>
		<max_actions>1</max_actions>
		<sum_visit_length>0</sum_visit_length>
		<bounce_count>30</bounce_count>
		<nb_visits_converted>0</nb_visits_converted>
		<segment>browserCode==FF;browserVersion==6.0</segment>
		<logo>plugins/Morpheus/icons/dist/browsers/FF.png</logo>
	</row>
	<row>
		<label>Chrome 3.0</label>
		<nb_uniq_visitors>4</nb_uniq_visitors>
		<nb_visits>20</nb_visits>
		<nb_actions>20</nb_actions>
		<nb_users>4</nb_users>
		<max_actions>1</max_actions>
		<sum_visit_length>0</sum_visit_length>
		<bounce_count>20</bounce_count>
		<nb_visits_converted>0</nb_visits_converted>
		<segment>browserCode==CH;browserVersion==3.0</segment>
		<logo>plugins/Morpheus/icons/dist/browsers/CH.png</logo>
	</row>
	<row>
		<label>Others</label>
		<nb_uniq_visitors>33</nb_uniq_visitors>
		<nb_visits>93</nb_visits>
		<nb_actions>244</nb_actions>
		<nb_users>33</nb_users>
		<max_actions>15</max_actions>
		<sum_visit_length>81</sum_visit_length>
		<bounce_count>27</bounce_count>
		<nb_visits_converted>0</nb_visits_converted>
		<logo>plugins/Morpheus/icons/dist/browsers/UNK.png</logo>
	</row>
</result>