<?xml version="1.0" encoding="utf-8" ?>
<result>
	<row>
		<label>custom sku</label>
		<nb_visits>5</nb_visits>
		<nb_actions>6</nb_actions>
		<sum_daily_nb_uniq_visitors>6</sum_daily_nb_uniq_visitors>
		<avg_price>1500</avg_price>
		<avg_quantity>0</avg_quantity>
		<conversion_rate>0%</conversion_rate>
		<segment>productSku==custom+sku</segment>
	</row>
</result>