<?xml version="1.0" encoding="utf-8" ?>
<result>
	<row>
		<label>custom sku</label>
		<nb_visits>1</nb_visits>
		<nb_uniq_visitors>2</nb_uniq_visitors>
		<nb_actions>2</nb_actions>
		<avg_price>500</avg_price>
		<avg_quantity>0</avg_quantity>
		<conversion_rate>0%</conversion_rate>
		<segment>productSku==custom+sku</segment>
	</row>
</result>