<?xml version="1.0" encoding="utf-8" ?>
<result>
	<row>
		<label>GNU/Linux / Firefox / 1920x1080</label>
		<nb_uniq_visitors>4</nb_uniq_visitors>
		<nb_visits>20</nb_visits>
		<nb_actions>20</nb_actions>
		<nb_users>4</nb_users>
		<max_actions>1</max_actions>
		<sum_visit_length>0</sum_visit_length>
		<bounce_count>20</bounce_count>
		<nb_visits_converted>0</nb_visits_converted>
	</row>
	<row>
		<label>Unknown / Unknown / 1024x768</label>
		<nb_uniq_visitors>17</nb_uniq_visitors>
		<nb_visits>17</nb_visits>
		<nb_actions>143</nb_actions>
		<nb_users>17</nb_users>
		<max_actions>15</max_actions>
		<sum_visit_length>16</sum_visit_length>
		<bounce_count>1</bounce_count>
		<nb_visits_converted>0</nb_visits_converted>
	</row>
	<row>
		<label>Others</label>
		<nb_uniq_visitors>22</nb_uniq_visitors>
		<nb_visits>106</nb_visits>
		<nb_actions>131</nb_actions>
		<nb_users>22</nb_users>
		<max_actions>2</max_actions>
		<sum_visit_length>65</sum_visit_length>
		<bounce_count>56</bounce_count>
		<nb_visits_converted>0</nb_visits_converted>
	</row>
</result>