<?xml version="1.0" encoding="utf-8" ?>
<result>
	<row>
		<label> title_8 / title_32</label>
		<nb_visits>8</nb_visits>
		<nb_uniq_visitors>8</nb_uniq_visitors>
		<nb_hits>8</nb_hits>
		<sum_time_spent>0</sum_time_spent>
		<sum_bandwidth>0</sum_bandwidth>
		<nb_hits_with_bandwidth>0</nb_hits_with_bandwidth>
		<min_bandwidth />
		<max_bandwidth />
		<exit_nb_uniq_visitors>1</exit_nb_uniq_visitors>
		<exit_nb_visits>1</exit_nb_visits>
		<avg_bandwidth>0</avg_bandwidth>
		<avg_page_load_time>0</avg_page_load_time>
		<avg_time_on_page>0</avg_time_on_page>
		<bounce_rate>0%</bounce_rate>
		<exit_rate>13%</exit_rate>
		<segment>pageTitle==title_8%2B%252F%2Btitle_32</segment>
	</row>
	<row>
		<label> title_8 / title_33</label>
		<nb_visits>8</nb_visits>
		<nb_uniq_visitors>8</nb_uniq_visitors>
		<nb_hits>8</nb_hits>
		<sum_time_spent>0</sum_time_spent>
		<sum_bandwidth>0</sum_bandwidth>
		<nb_hits_with_bandwidth>0</nb_hits_with_bandwidth>
		<min_bandwidth />
		<max_bandwidth />
		<exit_nb_uniq_visitors>1</exit_nb_uniq_visitors>
		<exit_nb_visits>1</exit_nb_visits>
		<avg_bandwidth>0</avg_bandwidth>
		<avg_page_load_time>0</avg_page_load_time>
		<avg_time_on_page>0</avg_time_on_page>
		<bounce_rate>0%</bounce_rate>
		<exit_rate>13%</exit_rate>
		<segment>pageTitle==title_8%2B%252F%2Btitle_33</segment>
	</row>
	<row>
		<label> title_8 / title_34</label>
		<nb_visits>8</nb_visits>
		<nb_uniq_visitors>8</nb_uniq_visitors>
		<nb_hits>8</nb_hits>
		<sum_time_spent>0</sum_time_spent>
		<sum_bandwidth>0</sum_bandwidth>
		<nb_hits_with_bandwidth>0</nb_hits_with_bandwidth>
		<min_bandwidth />
		<max_bandwidth />
		<entry_nb_uniq_visitors>1</entry_nb_uniq_visitors>
		<entry_nb_visits>1</entry_nb_visits>
		<entry_nb_actions>2</entry_nb_actions>
		<entry_sum_visit_length>1</entry_sum_visit_length>
		<entry_bounce_count>0</entry_bounce_count>
		<exit_nb_uniq_visitors>1</exit_nb_uniq_visitors>
		<exit_nb_visits>1</exit_nb_visits>
		<avg_bandwidth>0</avg_bandwidth>
		<avg_page_load_time>0</avg_page_load_time>
		<avg_time_on_page>0</avg_time_on_page>
		<bounce_rate>0%</bounce_rate>
		<exit_rate>13%</exit_rate>
		<segment>pageTitle==title_8%2B%252F%2Btitle_34</segment>
	</row>
	<row>
		<label>Others</label>
		<nb_visits>145</nb_visits>
		<nb_hits>145</nb_hits>
		<sum_time_spent>0</sum_time_spent>
		<sum_bandwidth>0</sum_bandwidth>
		<nb_hits_with_bandwidth>0</nb_hits_with_bandwidth>
		<min_bandwidth />
		<max_bandwidth />
		<entry_nb_visits>42</entry_nb_visits>
		<entry_nb_actions>167</entry_nb_actions>
		<entry_sum_visit_length>15</entry_sum_visit_length>
		<entry_bounce_count>27</entry_bounce_count>
		<exit_nb_visits>40</exit_nb_visits>
		<avg_bandwidth>0</avg_bandwidth>
		<avg_page_load_time>0</avg_page_load_time>
		<avg_time_on_page>0</avg_time_on_page>
		<bounce_rate>64%</bounce_rate>
		<exit_rate>28%</exit_rate>
	</row>
</result>