<?xml version="1.0" encoding="utf-8" ?>
<result>
	<row>
		<label>GNU/Linux / Firefox / 1920x1080</label>
		<nb_visits>40</nb_visits>
		<nb_actions>40</nb_actions>
		<max_actions>2</max_actions>
		<sum_visit_length>15</sum_visit_length>
		<bounce_count>30</bounce_count>
		<nb_visits_converted>0</nb_visits_converted>
		<sum_daily_nb_uniq_visitors>8</sum_daily_nb_uniq_visitors>
		<sum_daily_nb_users>8</sum_daily_nb_users>
	</row>
	<row>
		<label>Windows / Firefox / 1024x768</label>
		<nb_visits>25</nb_visits>
		<nb_actions>25</nb_actions>
		<max_actions>1</max_actions>
		<sum_visit_length>0</sum_visit_length>
		<bounce_count>25</bounce_count>
		<nb_visits_converted>0</nb_visits_converted>
		<sum_daily_nb_uniq_visitors>25</sum_daily_nb_uniq_visitors>
		<sum_daily_nb_users>25</sum_daily_nb_users>
	</row>
	<row>
		<label>Others</label>
		<nb_visits>353</nb_visits>
		<nb_actions>554</nb_actions>
		<max_actions>15</max_actions>
		<sum_visit_length>196</sum_visit_length>
		<bounce_count>197</bounce_count>
		<nb_visits_converted>0</nb_visits_converted>
		<sum_daily_nb_uniq_visitors>85</sum_daily_nb_uniq_visitors>
		<sum_daily_nb_users>85</sum_daily_nb_users>
	</row>
</result>