<?xml version="1.0" encoding="utf-8" ?>
<result>
	<row>
		<label>category</label>
		<nb_visits>3</nb_visits>
		<nb_events>6</nb_events>
		<nb_events_with_value>0</nb_events_with_value>
		<sum_event_value>0</sum_event_value>
		<min_event_value />
		<max_event_value />
		<sum_daily_nb_uniq_visitors>6</sum_daily_nb_uniq_visitors>
		<avg_event_value>0</avg_event_value>
		<segment>eventCategory==category</segment>
		<subtable>
			<row>
				<label>action</label>
				<nb_visits>3</nb_visits>
				<nb_events>6</nb_events>
				<nb_events_with_value>0</nb_events_with_value>
				<sum_event_value>0</sum_event_value>
				<min_event_value />
				<max_event_value />
				<sum_daily_nb_uniq_visitors>6</sum_daily_nb_uniq_visitors>
				<avg_event_value>0</avg_event_value>
			</row>
		</subtable>
	</row>
</result>