<?xml version="1.0" encoding="utf-8" ?>
<result>
	<row>
		<label>Movie - playTrailer</label>
		<nb_uniq_visitors>6</nb_uniq_visitors>
		<nb_visits>6</nb_visits>
		<nb_events>6</nb_events>
		<nb_events_with_value>0</nb_events_with_value>
		<sum_event_value>0</sum_event_value>
		<min_event_value />
		<max_event_value />
		<Events_EventCategory>Movie</Events_EventCategory>
		<Events_EventAction>playTrailer</Events_EventAction>
		<avg_event_value>0</avg_event_value>
	</row>
	<row>
		<label>Movie - Search</label>
		<nb_uniq_visitors>4</nb_uniq_visitors>
		<nb_visits>6</nb_visits>
		<nb_events>6</nb_events>
		<nb_events_with_value>0</nb_events_with_value>
		<sum_event_value>0</sum_event_value>
		<min_event_value />
		<max_event_value />
		<Events_EventCategory>Movie</Events_EventCategory>
		<Events_EventAction>Search</Events_EventAction>
		<avg_event_value>0</avg_event_value>
	</row>
	<row>
		<label>event category Extremely long Extremely long Extremely long Extremely long Extremely long Extremely long Extremely long Extremely long Extremely long Extremely long ---&gt; SHOULD APPEAR IN TEST OUTPUT NOT TRUNCATED &lt;--- - event action Extremely long Extremely long Extremely long Extremely long Extremely long Extremely long Extremely long Extremely long Extremely long Extremely long ---&gt; SHOULD APPEAR IN TEST OUTPUT NOT TRUNCATED &lt;---</label>
		<nb_uniq_visitors>2</nb_uniq_visitors>
		<nb_visits>2</nb_visits>
		<nb_events>2</nb_events>
		<nb_events_with_value>2</nb_events_with_value>
		<sum_event_value>19.32</sum_event_value>
		<min_event_value>9.66</min_event_value>
		<max_event_value>9.66</max_event_value>
		<Events_EventCategory>event category Extremely long Extremely long Extremely long Extremely long Extremely long Extremely long Extremely long Extremely long Extremely long Extremely long ---&gt; SHOULD APPEAR IN TEST OUTPUT NOT TRUNCATED &lt;---</Events_EventCategory>
		<Events_EventAction>event action Extremely long Extremely long Extremely long Extremely long Extremely long Extremely long Extremely long Extremely long Extremely long Extremely long ---&gt; SHOULD APPEAR IN TEST OUTPUT NOT TRUNCATED &lt;---</Events_EventAction>
		<avg_event_value>9.66</avg_event_value>
	</row>
	<row>
		<label>Movie - clickBuyNow</label>
		<nb_uniq_visitors>2</nb_uniq_visitors>
		<nb_visits>2</nb_visits>
		<nb_events>2</nb_events>
		<nb_events_with_value>0</nb_events_with_value>
		<sum_event_value>0</sum_event_value>
		<min_event_value />
		<max_event_value />
		<Events_EventCategory>Movie</Events_EventCategory>
		<Events_EventAction>clickBuyNow</Events_EventAction>
		<avg_event_value>0</avg_event_value>
	</row>
	<row>
		<label>Movie - play25%</label>
		<nb_uniq_visitors>2</nb_uniq_visitors>
		<nb_visits>2</nb_visits>
		<nb_events>2</nb_events>
		<nb_events_with_value>0</nb_events_with_value>
		<sum_event_value>0</sum_event_value>
		<min_event_value />
		<max_event_value />
		<Events_EventCategory>Movie</Events_EventCategory>
		<Events_EventAction>play25%</Events_EventAction>
		<avg_event_value>0</avg_event_value>
	</row>
	<row>
		<label>Movie - play50%</label>
		<nb_uniq_visitors>2</nb_uniq_visitors>
		<nb_visits>2</nb_visits>
		<nb_events>2</nb_events>
		<nb_events_with_value>0</nb_events_with_value>
		<sum_event_value>0</sum_event_value>
		<min_event_value />
		<max_event_value />
		<Events_EventCategory>Movie</Events_EventCategory>
		<Events_EventAction>play50%</Events_EventAction>
		<avg_event_value>0</avg_event_value>
	</row>
	<row>
		<label>Movie - play75%</label>
		<nb_uniq_visitors>2</nb_uniq_visitors>
		<nb_visits>2</nb_visits>
		<nb_events>2</nb_events>
		<nb_events_with_value>0</nb_events_with_value>
		<sum_event_value>0</sum_event_value>
		<min_event_value />
		<max_event_value />
		<Events_EventCategory>Movie</Events_EventCategory>
		<Events_EventAction>play75%</Events_EventAction>
		<avg_event_value>0</avg_event_value>
	</row>
	<row>
		<label>Movie - playEnd</label>
		<nb_uniq_visitors>2</nb_uniq_visitors>
		<nb_visits>2</nb_visits>
		<nb_events>2</nb_events>
		<nb_events_with_value>0</nb_events_with_value>
		<sum_event_value>0</sum_event_value>
		<min_event_value />
		<max_event_value />
		<Events_EventCategory>Movie</Events_EventCategory>
		<Events_EventAction>playEnd</Events_EventAction>
		<avg_event_value>0</avg_event_value>
	</row>
	<row>
		<label>Movie - playStart</label>
		<nb_uniq_visitors>2</nb_uniq_visitors>
		<nb_visits>2</nb_visits>
		<nb_events>2</nb_events>
		<nb_events_with_value>0</nb_events_with_value>
		<sum_event_value>0</sum_event_value>
		<min_event_value />
		<max_event_value />
		<Events_EventCategory>Movie</Events_EventCategory>
		<Events_EventAction>playStart</Events_EventAction>
		<avg_event_value>0</avg_event_value>
	</row>
	<row>
		<label>Movie - Purchase</label>
		<nb_uniq_visitors>2</nb_uniq_visitors>
		<nb_visits>2</nb_visits>
		<nb_events>2</nb_events>
		<nb_events_with_value>0</nb_events_with_value>
		<sum_event_value>0</sum_event_value>
		<min_event_value />
		<max_event_value />
		<Events_EventCategory>Movie</Events_EventCategory>
		<Events_EventAction>Purchase</Events_EventAction>
		<avg_event_value>0</avg_event_value>
	</row>
	<row>
		<label>Movie - rating</label>
		<nb_uniq_visitors>2</nb_uniq_visitors>
		<nb_visits>2</nb_visits>
		<nb_events>2</nb_events>
		<nb_events_with_value>2</nb_events_with_value>
		<sum_event_value>19.32</sum_event_value>
		<min_event_value>9.66</min_event_value>
		<max_event_value>9.66</max_event_value>
		<Events_EventCategory>Movie</Events_EventCategory>
		<Events_EventAction>rating</Events_EventAction>
		<avg_event_value>9.66</avg_event_value>
	</row>
	<row>
		<label>Music - play</label>
		<nb_uniq_visitors>2</nb_uniq_visitors>
		<nb_visits>2</nb_visits>
		<nb_events>2</nb_events>
		<nb_events_with_value>0</nb_events_with_value>
		<sum_event_value>0</sum_event_value>
		<min_event_value />
		<max_event_value />
		<Events_EventCategory>Music</Events_EventCategory>
		<Events_EventAction>play</Events_EventAction>
		<avg_event_value>0</avg_event_value>
	</row>
	<row>
		<label>Music - play25%</label>
		<nb_uniq_visitors>2</nb_uniq_visitors>
		<nb_visits>2</nb_visits>
		<nb_events>2</nb_events>
		<nb_events_with_value>0</nb_events_with_value>
		<sum_event_value>0</sum_event_value>
		<min_event_value />
		<max_event_value />
		<Events_EventCategory>Music</Events_EventCategory>
		<Events_EventAction>play25%</Events_EventAction>
		<avg_event_value>0</avg_event_value>
	</row>
	<row>
		<label>Music - play50%</label>
		<nb_uniq_visitors>2</nb_uniq_visitors>
		<nb_visits>2</nb_visits>
		<nb_events>2</nb_events>
		<nb_events_with_value>0</nb_events_with_value>
		<sum_event_value>0</sum_event_value>
		<min_event_value />
		<max_event_value />
		<Events_EventCategory>Music</Events_EventCategory>
		<Events_EventAction>play50%</Events_EventAction>
		<avg_event_value>0</avg_event_value>
	</row>
	<row>
		<label>Music - play75%</label>
		<nb_uniq_visitors>2</nb_uniq_visitors>
		<nb_visits>2</nb_visits>
		<nb_events>2</nb_events>
		<nb_events_with_value>0</nb_events_with_value>
		<sum_event_value>0</sum_event_value>
		<min_event_value />
		<max_event_value />
		<Events_EventCategory>Music</Events_EventCategory>
		<Events_EventAction>play75%</Events_EventAction>
		<avg_event_value>0</avg_event_value>
	</row>
	<row>
		<label>Music - playEnd</label>
		<nb_uniq_visitors>2</nb_uniq_visitors>
		<nb_visits>2</nb_visits>
		<nb_events>2</nb_events>
		<nb_events_with_value>0</nb_events_with_value>
		<sum_event_value>0</sum_event_value>
		<min_event_value />
		<max_event_value />
		<Events_EventCategory>Music</Events_EventCategory>
		<Events_EventAction>playEnd</Events_EventAction>
		<avg_event_value>0</avg_event_value>
	</row>
	<row>
		<label>Music - rating</label>
		<nb_uniq_visitors>2</nb_uniq_visitors>
		<nb_visits>2</nb_visits>
		<nb_events>4</nb_events>
		<nb_events_with_value>4</nb_events_with_value>
		<sum_event_value>38</sum_event_value>
		<min_event_value>9</min_event_value>
		<max_event_value>10</max_event_value>
		<Events_EventCategory>Music</Events_EventCategory>
		<Events_EventAction>rating</Events_EventAction>
		<avg_event_value>9.5</avg_event_value>
	</row>
	<row>
		<label>CategoryTriggersGoal here - This is an event without a URL</label>
		<nb_uniq_visitors>1</nb_uniq_visitors>
		<nb_visits>1</nb_visits>
		<nb_events>3</nb_events>
		<nb_events_with_value>2</nb_events_with_value>
		<sum_event_value>23</sum_event_value>
		<min_event_value>0</min_event_value>
		<max_event_value>23</max_event_value>
		<Events_EventCategory>CategoryTriggersGoal here</Events_EventCategory>
		<Events_EventAction>This is an event without a URL</Events_EventAction>
		<avg_event_value>11.5</avg_event_value>
	</row>
</result>