<?xml version="1.0" encoding="utf-8" ?>
<result>
	<row>
		<label>8</label>
		<nb_visits>32</nb_visits>
		<nb_hits>32</nb_hits>
		<sum_time_spent>0</sum_time_spent>
		<sum_bandwidth>0</sum_bandwidth>
		<nb_hits_with_bandwidth>0</nb_hits_with_bandwidth>
		<min_bandwidth />
		<max_bandwidth />
		<exit_nb_visits>11</exit_nb_visits>
		<entry_nb_visits>2</entry_nb_visits>
		<entry_nb_actions>3</entry_nb_actions>
		<entry_sum_visit_length>1</entry_sum_visit_length>
		<entry_bounce_count>1</entry_bounce_count>
		<avg_bandwidth>0</avg_bandwidth>
		<avg_page_load_time>0</avg_page_load_time>
		<avg_time_on_page>0</avg_time_on_page>
		<bounce_rate>50%</bounce_rate>
		<exit_rate>34%</exit_rate>
		<segment>pageUrl=^http%253A%252F%252Fpiwik.net%252F8</segment>
		<subtable>
			<row>
				<label>/32</label>
				<nb_visits>8</nb_visits>
				<nb_uniq_visitors>8</nb_uniq_visitors>
				<nb_hits>8</nb_hits>
				<sum_time_spent>0</sum_time_spent>
				<sum_bandwidth>0</sum_bandwidth>
				<nb_hits_with_bandwidth>0</nb_hits_with_bandwidth>
				<min_bandwidth />
				<max_bandwidth />
				<exit_nb_uniq_visitors>1</exit_nb_uniq_visitors>
				<exit_nb_visits>1</exit_nb_visits>
				<avg_time_on_page>0</avg_time_on_page>
				<bounce_rate>0%</bounce_rate>
				<exit_rate>13%</exit_rate>
				<url>http://piwik.net/8/32</url>
				<segment>pageUrl==http%253A%252F%252Fpiwik.net%252F8%252F32</segment>
			</row>
			<row>
				<label>/33</label>
				<nb_visits>8</nb_visits>
				<nb_uniq_visitors>8</nb_uniq_visitors>
				<nb_hits>8</nb_hits>
				<sum_time_spent>0</sum_time_spent>
				<sum_bandwidth>0</sum_bandwidth>
				<nb_hits_with_bandwidth>0</nb_hits_with_bandwidth>
				<min_bandwidth />
				<max_bandwidth />
				<exit_nb_uniq_visitors>1</exit_nb_uniq_visitors>
				<exit_nb_visits>1</exit_nb_visits>
				<avg_time_on_page>0</avg_time_on_page>
				<bounce_rate>0%</bounce_rate>
				<exit_rate>13%</exit_rate>
				<url>http://piwik.net/8/33</url>
				<segment>pageUrl==http%253A%252F%252Fpiwik.net%252F8%252F33</segment>
			</row>
			<row>
				<label>/34</label>
				<nb_visits>8</nb_visits>
				<nb_uniq_visitors>8</nb_uniq_visitors>
				<nb_hits>8</nb_hits>
				<sum_time_spent>0</sum_time_spent>
				<sum_bandwidth>0</sum_bandwidth>
				<nb_hits_with_bandwidth>0</nb_hits_with_bandwidth>
				<min_bandwidth />
				<max_bandwidth />
				<entry_nb_uniq_visitors>1</entry_nb_uniq_visitors>
				<entry_nb_visits>1</entry_nb_visits>
				<entry_nb_actions>2</entry_nb_actions>
				<entry_sum_visit_length>1</entry_sum_visit_length>
				<entry_bounce_count>0</entry_bounce_count>
				<exit_nb_uniq_visitors>1</exit_nb_uniq_visitors>
				<exit_nb_visits>1</exit_nb_visits>
				<avg_time_on_page>0</avg_time_on_page>
				<bounce_rate>0%</bounce_rate>
				<exit_rate>13%</exit_rate>
				<url>http://piwik.net/8/34</url>
				<segment>pageUrl==http%253A%252F%252Fpiwik.net%252F8%252F34</segment>
			</row>
			<row>
				<label>/35</label>
				<nb_visits>8</nb_visits>
				<nb_uniq_visitors>8</nb_uniq_visitors>
				<nb_hits>8</nb_hits>
				<sum_time_spent>0</sum_time_spent>
				<sum_bandwidth>0</sum_bandwidth>
				<nb_hits_with_bandwidth>0</nb_hits_with_bandwidth>
				<min_bandwidth />
				<max_bandwidth />
				<entry_nb_uniq_visitors>1</entry_nb_uniq_visitors>
				<entry_nb_visits>1</entry_nb_visits>
				<entry_nb_actions>1</entry_nb_actions>
				<entry_sum_visit_length>0</entry_sum_visit_length>
				<entry_bounce_count>1</entry_bounce_count>
				<exit_nb_uniq_visitors>8</exit_nb_uniq_visitors>
				<exit_nb_visits>8</exit_nb_visits>
				<avg_time_on_page>0</avg_time_on_page>
				<bounce_rate>100%</bounce_rate>
				<exit_rate>100%</exit_rate>
				<url>http://piwik.net/8/35</url>
				<segment>pageUrl==http%253A%252F%252Fpiwik.net%252F8%252F35</segment>
			</row>
		</subtable>
	</row>
	<row>
		<label>7</label>
		<nb_visits>28</nb_visits>
		<nb_hits>28</nb_hits>
		<sum_time_spent>0</sum_time_spent>
		<sum_bandwidth>0</sum_bandwidth>
		<nb_hits_with_bandwidth>0</nb_hits_with_bandwidth>
		<min_bandwidth />
		<max_bandwidth />
		<exit_nb_visits>1</exit_nb_visits>
		<entry_nb_visits>2</entry_nb_visits>
		<entry_nb_actions>10</entry_nb_actions>
		<entry_sum_visit_length>2</entry_sum_visit_length>
		<entry_bounce_count>0</entry_bounce_count>
		<avg_bandwidth>0</avg_bandwidth>
		<avg_page_load_time>0</avg_page_load_time>
		<avg_time_on_page>0</avg_time_on_page>
		<bounce_rate>0%</bounce_rate>
		<exit_rate>4%</exit_rate>
		<segment>pageUrl=^http%253A%252F%252Fpiwik.net%252F7</segment>
		<subtable>
			<row>
				<label>/28</label>
				<nb_visits>7</nb_visits>
				<nb_uniq_visitors>7</nb_uniq_visitors>
				<nb_hits>7</nb_hits>
				<sum_time_spent>0</sum_time_spent>
				<sum_bandwidth>0</sum_bandwidth>
				<nb_hits_with_bandwidth>0</nb_hits_with_bandwidth>
				<min_bandwidth />
				<max_bandwidth />
				<exit_nb_uniq_visitors>1</exit_nb_uniq_visitors>
				<exit_nb_visits>1</exit_nb_visits>
				<avg_time_on_page>0</avg_time_on_page>
				<bounce_rate>0%</bounce_rate>
				<exit_rate>14%</exit_rate>
				<url>http://piwik.net/7/28</url>
				<segment>pageUrl==http%253A%252F%252Fpiwik.net%252F7%252F28</segment>
			</row>
			<row>
				<label>/29</label>
				<nb_visits>7</nb_visits>
				<nb_uniq_visitors>7</nb_uniq_visitors>
				<nb_hits>7</nb_hits>
				<sum_time_spent>0</sum_time_spent>
				<sum_bandwidth>0</sum_bandwidth>
				<nb_hits_with_bandwidth>0</nb_hits_with_bandwidth>
				<min_bandwidth />
				<max_bandwidth />
				<avg_time_on_page>0</avg_time_on_page>
				<bounce_rate>0%</bounce_rate>
				<exit_rate>0%</exit_rate>
				<url>http://piwik.net/7/29</url>
				<segment>pageUrl==http%253A%252F%252Fpiwik.net%252F7%252F29</segment>
			</row>
			<row>
				<label>/30</label>
				<nb_visits>7</nb_visits>
				<nb_uniq_visitors>7</nb_uniq_visitors>
				<nb_hits>7</nb_hits>
				<sum_time_spent>0</sum_time_spent>
				<sum_bandwidth>0</sum_bandwidth>
				<nb_hits_with_bandwidth>0</nb_hits_with_bandwidth>
				<min_bandwidth />
				<max_bandwidth />
				<entry_nb_uniq_visitors>1</entry_nb_uniq_visitors>
				<entry_nb_visits>1</entry_nb_visits>
				<entry_nb_actions>6</entry_nb_actions>
				<entry_sum_visit_length>1</entry_sum_visit_length>
				<entry_bounce_count>0</entry_bounce_count>
				<avg_time_on_page>0</avg_time_on_page>
				<bounce_rate>0%</bounce_rate>
				<exit_rate>0%</exit_rate>
				<url>http://piwik.net/7/30</url>
				<segment>pageUrl==http%253A%252F%252Fpiwik.net%252F7%252F30</segment>
			</row>
			<row>
				<label>/31</label>
				<nb_visits>7</nb_visits>
				<nb_uniq_visitors>7</nb_uniq_visitors>
				<nb_hits>7</nb_hits>
				<sum_time_spent>0</sum_time_spent>
				<sum_bandwidth>0</sum_bandwidth>
				<nb_hits_with_bandwidth>0</nb_hits_with_bandwidth>
				<min_bandwidth />
				<max_bandwidth />
				<entry_nb_uniq_visitors>1</entry_nb_uniq_visitors>
				<entry_nb_visits>1</entry_nb_visits>
				<entry_nb_actions>4</entry_nb_actions>
				<entry_sum_visit_length>1</entry_sum_visit_length>
				<entry_bounce_count>0</entry_bounce_count>
				<avg_time_on_page>0</avg_time_on_page>
				<bounce_rate>0%</bounce_rate>
				<exit_rate>0%</exit_rate>
				<url>http://piwik.net/7/31</url>
				<segment>pageUrl==http%253A%252F%252Fpiwik.net%252F7%252F31</segment>
			</row>
		</subtable>
	</row>
	<row>
		<label>6</label>
		<nb_visits>24</nb_visits>
		<nb_hits>24</nb_hits>
		<sum_time_spent>0</sum_time_spent>
		<sum_bandwidth>0</sum_bandwidth>
		<nb_hits_with_bandwidth>0</nb_hits_with_bandwidth>
		<min_bandwidth />
		<max_bandwidth />
		<exit_nb_visits>1</exit_nb_visits>
		<entry_nb_visits>2</entry_nb_visits>
		<entry_nb_actions>18</entry_nb_actions>
		<entry_sum_visit_length>2</entry_sum_visit_length>
		<entry_bounce_count>0</entry_bounce_count>
		<avg_bandwidth>0</avg_bandwidth>
		<avg_page_load_time>0</avg_page_load_time>
		<avg_time_on_page>0</avg_time_on_page>
		<bounce_rate>0%</bounce_rate>
		<exit_rate>4%</exit_rate>
		<segment>pageUrl=^http%253A%252F%252Fpiwik.net%252F6</segment>
		<subtable>
			<row>
				<label>/24</label>
				<nb_visits>6</nb_visits>
				<nb_uniq_visitors>6</nb_uniq_visitors>
				<nb_hits>6</nb_hits>
				<sum_time_spent>0</sum_time_spent>
				<sum_bandwidth>0</sum_bandwidth>
				<nb_hits_with_bandwidth>0</nb_hits_with_bandwidth>
				<min_bandwidth />
				<max_bandwidth />
				<exit_nb_uniq_visitors>1</exit_nb_uniq_visitors>
				<exit_nb_visits>1</exit_nb_visits>
				<avg_time_on_page>0</avg_time_on_page>
				<bounce_rate>0%</bounce_rate>
				<exit_rate>17%</exit_rate>
				<url>http://piwik.net/6/24</url>
				<segment>pageUrl==http%253A%252F%252Fpiwik.net%252F6%252F24</segment>
			</row>
			<row>
				<label>/25</label>
				<nb_visits>6</nb_visits>
				<nb_uniq_visitors>6</nb_uniq_visitors>
				<nb_hits>6</nb_hits>
				<sum_time_spent>0</sum_time_spent>
				<sum_bandwidth>0</sum_bandwidth>
				<nb_hits_with_bandwidth>0</nb_hits_with_bandwidth>
				<min_bandwidth />
				<max_bandwidth />
				<avg_time_on_page>0</avg_time_on_page>
				<bounce_rate>0%</bounce_rate>
				<exit_rate>0%</exit_rate>
				<url>http://piwik.net/6/25</url>
				<segment>pageUrl==http%253A%252F%252Fpiwik.net%252F6%252F25</segment>
			</row>
			<row>
				<label>/26</label>
				<nb_visits>6</nb_visits>
				<nb_uniq_visitors>6</nb_uniq_visitors>
				<nb_hits>6</nb_hits>
				<sum_time_spent>0</sum_time_spent>
				<sum_bandwidth>0</sum_bandwidth>
				<nb_hits_with_bandwidth>0</nb_hits_with_bandwidth>
				<min_bandwidth />
				<max_bandwidth />
				<entry_nb_uniq_visitors>1</entry_nb_uniq_visitors>
				<entry_nb_visits>1</entry_nb_visits>
				<entry_nb_actions>10</entry_nb_actions>
				<entry_sum_visit_length>1</entry_sum_visit_length>
				<entry_bounce_count>0</entry_bounce_count>
				<avg_time_on_page>0</avg_time_on_page>
				<bounce_rate>0%</bounce_rate>
				<exit_rate>0%</exit_rate>
				<url>http://piwik.net/6/26</url>
				<segment>pageUrl==http%253A%252F%252Fpiwik.net%252F6%252F26</segment>
			</row>
			<row>
				<label>/27</label>
				<nb_visits>6</nb_visits>
				<nb_uniq_visitors>6</nb_uniq_visitors>
				<nb_hits>6</nb_hits>
				<sum_time_spent>0</sum_time_spent>
				<sum_bandwidth>0</sum_bandwidth>
				<nb_hits_with_bandwidth>0</nb_hits_with_bandwidth>
				<min_bandwidth />
				<max_bandwidth />
				<entry_nb_uniq_visitors>1</entry_nb_uniq_visitors>
				<entry_nb_visits>1</entry_nb_visits>
				<entry_nb_actions>8</entry_nb_actions>
				<entry_sum_visit_length>1</entry_sum_visit_length>
				<entry_bounce_count>0</entry_bounce_count>
				<avg_time_on_page>0</avg_time_on_page>
				<bounce_rate>0%</bounce_rate>
				<exit_rate>0%</exit_rate>
				<url>http://piwik.net/6/27</url>
				<segment>pageUrl==http%253A%252F%252Fpiwik.net%252F6%252F27</segment>
			</row>
		</subtable>
	</row>
	<row>
		<label>4</label>
		<nb_visits>21</nb_visits>
		<nb_hits>21</nb_hits>
		<sum_time_spent>0</sum_time_spent>
		<sum_bandwidth>0</sum_bandwidth>
		<nb_hits_with_bandwidth>0</nb_hits_with_bandwidth>
		<min_bandwidth />
		<max_bandwidth />
		<entry_nb_visits>7</entry_nb_visits>
		<entry_nb_actions>35</entry_nb_actions>
		<entry_sum_visit_length>2</entry_sum_visit_length>
		<entry_bounce_count>5</entry_bounce_count>
		<exit_nb_visits>6</exit_nb_visits>
		<avg_bandwidth>0</avg_bandwidth>
		<avg_page_load_time>0</avg_page_load_time>
		<avg_time_on_page>0</avg_time_on_page>
		<bounce_rate>71%</bounce_rate>
		<exit_rate>29%</exit_rate>
		<segment>pageUrl=^http%253A%252F%252Fpiwik.net%252F4</segment>
		<subtable>
			<row>
				<label>/16</label>
				<nb_visits>5</nb_visits>
				<nb_uniq_visitors>5</nb_uniq_visitors>
				<nb_hits>5</nb_hits>
				<sum_time_spent>0</sum_time_spent>
				<sum_bandwidth>0</sum_bandwidth>
				<nb_hits_with_bandwidth>0</nb_hits_with_bandwidth>
				<min_bandwidth />
				<max_bandwidth />
				<entry_nb_uniq_visitors>1</entry_nb_uniq_visitors>
				<entry_nb_visits>1</entry_nb_visits>
				<entry_nb_actions>1</entry_nb_actions>
				<entry_sum_visit_length>0</entry_sum_visit_length>
				<entry_bounce_count>1</entry_bounce_count>
				<exit_nb_uniq_visitors>2</exit_nb_uniq_visitors>
				<exit_nb_visits>2</exit_nb_visits>
				<avg_time_on_page>0</avg_time_on_page>
				<bounce_rate>100%</bounce_rate>
				<exit_rate>40%</exit_rate>
				<url>http://piwik.net/4/16</url>
				<segment>pageUrl==http%253A%252F%252Fpiwik.net%252F4%252F16</segment>
			</row>
			<row>
				<label>/17</label>
				<nb_visits>5</nb_visits>
				<nb_uniq_visitors>5</nb_uniq_visitors>
				<nb_hits>5</nb_hits>
				<sum_time_spent>0</sum_time_spent>
				<sum_bandwidth>0</sum_bandwidth>
				<nb_hits_with_bandwidth>0</nb_hits_with_bandwidth>
				<min_bandwidth />
				<max_bandwidth />
				<entry_nb_uniq_visitors>1</entry_nb_uniq_visitors>
				<entry_nb_visits>1</entry_nb_visits>
				<entry_nb_actions>1</entry_nb_actions>
				<entry_sum_visit_length>0</entry_sum_visit_length>
				<entry_bounce_count>1</entry_bounce_count>
				<exit_nb_uniq_visitors>1</exit_nb_uniq_visitors>
				<exit_nb_visits>1</exit_nb_visits>
				<avg_time_on_page>0</avg_time_on_page>
				<bounce_rate>100%</bounce_rate>
				<exit_rate>20%</exit_rate>
				<url>http://piwik.net/4/17</url>
				<segment>pageUrl==http%253A%252F%252Fpiwik.net%252F4%252F17</segment>
			</row>
			<row>
				<label>/18</label>
				<nb_visits>5</nb_visits>
				<nb_uniq_visitors>5</nb_uniq_visitors>
				<nb_hits>5</nb_hits>
				<sum_time_spent>0</sum_time_spent>
				<sum_bandwidth>0</sum_bandwidth>
				<nb_hits_with_bandwidth>0</nb_hits_with_bandwidth>
				<min_bandwidth />
				<max_bandwidth />
				<entry_nb_uniq_visitors>2</entry_nb_uniq_visitors>
				<entry_nb_visits>2</entry_nb_visits>
				<entry_nb_actions>16</entry_nb_actions>
				<entry_sum_visit_length>1</entry_sum_visit_length>
				<entry_bounce_count>1</entry_bounce_count>
				<exit_nb_uniq_visitors>1</exit_nb_uniq_visitors>
				<exit_nb_visits>1</exit_nb_visits>
				<avg_time_on_page>0</avg_time_on_page>
				<bounce_rate>50%</bounce_rate>
				<exit_rate>20%</exit_rate>
				<url>http://piwik.net/4/18</url>
				<segment>pageUrl==http%253A%252F%252Fpiwik.net%252F4%252F18</segment>
			</row>
			<row>
				<label>/19</label>
				<nb_visits>5</nb_visits>
				<nb_uniq_visitors>5</nb_uniq_visitors>
				<nb_hits>5</nb_hits>
				<sum_time_spent>0</sum_time_spent>
				<sum_bandwidth>0</sum_bandwidth>
				<nb_hits_with_bandwidth>0</nb_hits_with_bandwidth>
				<min_bandwidth />
				<max_bandwidth />
				<entry_nb_uniq_visitors>2</entry_nb_uniq_visitors>
				<entry_nb_visits>2</entry_nb_visits>
				<entry_nb_actions>16</entry_nb_actions>
				<entry_sum_visit_length>1</entry_sum_visit_length>
				<entry_bounce_count>1</entry_bounce_count>
				<exit_nb_uniq_visitors>1</exit_nb_uniq_visitors>
				<exit_nb_visits>1</exit_nb_visits>
				<avg_time_on_page>0</avg_time_on_page>
				<bounce_rate>50%</bounce_rate>
				<exit_rate>20%</exit_rate>
				<url>http://piwik.net/4/19</url>
				<segment>pageUrl==http%253A%252F%252Fpiwik.net%252F4%252F19</segment>
			</row>
			<row>
				<label>/index</label>
				<nb_visits>1</nb_visits>
				<nb_uniq_visitors>1</nb_uniq_visitors>
				<nb_hits>1</nb_hits>
				<sum_time_spent>0</sum_time_spent>
				<sum_bandwidth>0</sum_bandwidth>
				<nb_hits_with_bandwidth>0</nb_hits_with_bandwidth>
				<min_bandwidth />
				<max_bandwidth />
				<entry_nb_uniq_visitors>1</entry_nb_uniq_visitors>
				<entry_nb_visits>1</entry_nb_visits>
				<entry_nb_actions>1</entry_nb_actions>
				<entry_sum_visit_length>0</entry_sum_visit_length>
				<entry_bounce_count>1</entry_bounce_count>
				<exit_nb_uniq_visitors>1</exit_nb_uniq_visitors>
				<exit_nb_visits>1</exit_nb_visits>
				<avg_time_on_page>0</avg_time_on_page>
				<bounce_rate>100%</bounce_rate>
				<exit_rate>100%</exit_rate>
				<url>http://piwik.net/4/</url>
				<segment>pageUrl==http%253A%252F%252Fpiwik.net%252F4%252F</segment>
			</row>
		</subtable>
	</row>
	<row>
		<label>5</label>
		<nb_visits>20</nb_visits>
		<nb_hits>20</nb_hits>
		<sum_time_spent>0</sum_time_spent>
		<sum_bandwidth>0</sum_bandwidth>
		<nb_hits_with_bandwidth>0</nb_hits_with_bandwidth>
		<min_bandwidth />
		<max_bandwidth />
		<exit_nb_visits>1</exit_nb_visits>
		<entry_nb_visits>2</entry_nb_visits>
		<entry_nb_actions>26</entry_nb_actions>
		<entry_sum_visit_length>2</entry_sum_visit_length>
		<entry_bounce_count>0</entry_bounce_count>
		<avg_bandwidth>0</avg_bandwidth>
		<avg_page_load_time>0</avg_page_load_time>
		<avg_time_on_page>0</avg_time_on_page>
		<bounce_rate>0%</bounce_rate>
		<exit_rate>5%</exit_rate>
		<segment>pageUrl=^http%253A%252F%252Fpiwik.net%252F5</segment>
		<subtable>
			<row>
				<label>/20</label>
				<nb_visits>5</nb_visits>
				<nb_uniq_visitors>5</nb_uniq_visitors>
				<nb_hits>5</nb_hits>
				<sum_time_spent>0</sum_time_spent>
				<sum_bandwidth>0</sum_bandwidth>
				<nb_hits_with_bandwidth>0</nb_hits_with_bandwidth>
				<min_bandwidth />
				<max_bandwidth />
				<exit_nb_uniq_visitors>1</exit_nb_uniq_visitors>
				<exit_nb_visits>1</exit_nb_visits>
				<avg_time_on_page>0</avg_time_on_page>
				<bounce_rate>0%</bounce_rate>
				<exit_rate>20%</exit_rate>
				<url>http://piwik.net/5/20</url>
				<segment>pageUrl==http%253A%252F%252Fpiwik.net%252F5%252F20</segment>
			</row>
			<row>
				<label>/21</label>
				<nb_visits>5</nb_visits>
				<nb_uniq_visitors>5</nb_uniq_visitors>
				<nb_hits>5</nb_hits>
				<sum_time_spent>0</sum_time_spent>
				<sum_bandwidth>0</sum_bandwidth>
				<nb_hits_with_bandwidth>0</nb_hits_with_bandwidth>
				<min_bandwidth />
				<max_bandwidth />
				<avg_time_on_page>0</avg_time_on_page>
				<bounce_rate>0%</bounce_rate>
				<exit_rate>0%</exit_rate>
				<url>http://piwik.net/5/21</url>
				<segment>pageUrl==http%253A%252F%252Fpiwik.net%252F5%252F21</segment>
			</row>
			<row>
				<label>/22</label>
				<nb_visits>5</nb_visits>
				<nb_uniq_visitors>5</nb_uniq_visitors>
				<nb_hits>5</nb_hits>
				<sum_time_spent>0</sum_time_spent>
				<sum_bandwidth>0</sum_bandwidth>
				<nb_hits_with_bandwidth>0</nb_hits_with_bandwidth>
				<min_bandwidth />
				<max_bandwidth />
				<entry_nb_uniq_visitors>1</entry_nb_uniq_visitors>
				<entry_nb_visits>1</entry_nb_visits>
				<entry_nb_actions>14</entry_nb_actions>
				<entry_sum_visit_length>1</entry_sum_visit_length>
				<entry_bounce_count>0</entry_bounce_count>
				<avg_time_on_page>0</avg_time_on_page>
				<bounce_rate>0%</bounce_rate>
				<exit_rate>0%</exit_rate>
				<url>http://piwik.net/5/22</url>
				<segment>pageUrl==http%253A%252F%252Fpiwik.net%252F5%252F22</segment>
			</row>
			<row>
				<label>/23</label>
				<nb_visits>5</nb_visits>
				<nb_uniq_visitors>5</nb_uniq_visitors>
				<nb_hits>5</nb_hits>
				<sum_time_spent>0</sum_time_spent>
				<sum_bandwidth>0</sum_bandwidth>
				<nb_hits_with_bandwidth>0</nb_hits_with_bandwidth>
				<min_bandwidth />
				<max_bandwidth />
				<entry_nb_uniq_visitors>1</entry_nb_uniq_visitors>
				<entry_nb_visits>1</entry_nb_visits>
				<entry_nb_actions>12</entry_nb_actions>
				<entry_sum_visit_length>1</entry_sum_visit_length>
				<entry_bounce_count>0</entry_bounce_count>
				<avg_time_on_page>0</avg_time_on_page>
				<bounce_rate>0%</bounce_rate>
				<exit_rate>0%</exit_rate>
				<url>http://piwik.net/5/23</url>
				<segment>pageUrl==http%253A%252F%252Fpiwik.net%252F5%252F23</segment>
			</row>
		</subtable>
	</row>
	<row>
		<label>3</label>
		<nb_visits>17</nb_visits>
		<nb_hits>17</nb_hits>
		<sum_time_spent>0</sum_time_spent>
		<sum_bandwidth>0</sum_bandwidth>
		<nb_hits_with_bandwidth>0</nb_hits_with_bandwidth>
		<min_bandwidth />
		<max_bandwidth />
		<entry_nb_visits>7</entry_nb_visits>
		<entry_nb_actions>31</entry_nb_actions>
		<entry_sum_visit_length>2</entry_sum_visit_length>
		<entry_bounce_count>5</entry_bounce_count>
		<exit_nb_visits>6</exit_nb_visits>
		<avg_bandwidth>0</avg_bandwidth>
		<avg_page_load_time>0</avg_page_load_time>
		<avg_time_on_page>0</avg_time_on_page>
		<bounce_rate>71%</bounce_rate>
		<exit_rate>35%</exit_rate>
		<segment>pageUrl=^http%253A%252F%252Fpiwik.net%252F3</segment>
		<subtable>
			<row>
				<label>/12</label>
				<nb_visits>4</nb_visits>
				<nb_uniq_visitors>4</nb_uniq_visitors>
				<nb_hits>4</nb_hits>
				<sum_time_spent>0</sum_time_spent>
				<sum_bandwidth>0</sum_bandwidth>
				<nb_hits_with_bandwidth>0</nb_hits_with_bandwidth>
				<min_bandwidth />
				<max_bandwidth />
				<entry_nb_uniq_visitors>1</entry_nb_uniq_visitors>
				<entry_nb_visits>1</entry_nb_visits>
				<entry_nb_actions>1</entry_nb_actions>
				<entry_sum_visit_length>0</entry_sum_visit_length>
				<entry_bounce_count>1</entry_bounce_count>
				<exit_nb_uniq_visitors>2</exit_nb_uniq_visitors>
				<exit_nb_visits>2</exit_nb_visits>
				<avg_time_on_page>0</avg_time_on_page>
				<bounce_rate>100%</bounce_rate>
				<exit_rate>50%</exit_rate>
				<url>http://piwik.net/3/12</url>
				<segment>pageUrl==http%253A%252F%252Fpiwik.net%252F3%252F12</segment>
			</row>
			<row>
				<label>/13</label>
				<nb_visits>4</nb_visits>
				<nb_uniq_visitors>4</nb_uniq_visitors>
				<nb_hits>4</nb_hits>
				<sum_time_spent>0</sum_time_spent>
				<sum_bandwidth>0</sum_bandwidth>
				<nb_hits_with_bandwidth>0</nb_hits_with_bandwidth>
				<min_bandwidth />
				<max_bandwidth />
				<entry_nb_uniq_visitors>1</entry_nb_uniq_visitors>
				<entry_nb_visits>1</entry_nb_visits>
				<entry_nb_actions>1</entry_nb_actions>
				<entry_sum_visit_length>0</entry_sum_visit_length>
				<entry_bounce_count>1</entry_bounce_count>
				<exit_nb_uniq_visitors>1</exit_nb_uniq_visitors>
				<exit_nb_visits>1</exit_nb_visits>
				<avg_time_on_page>0</avg_time_on_page>
				<bounce_rate>100%</bounce_rate>
				<exit_rate>25%</exit_rate>
				<url>http://piwik.net/3/13</url>
				<segment>pageUrl==http%253A%252F%252Fpiwik.net%252F3%252F13</segment>
			</row>
			<row>
				<label>/14</label>
				<nb_visits>4</nb_visits>
				<nb_uniq_visitors>4</nb_uniq_visitors>
				<nb_hits>4</nb_hits>
				<sum_time_spent>0</sum_time_spent>
				<sum_bandwidth>0</sum_bandwidth>
				<nb_hits_with_bandwidth>0</nb_hits_with_bandwidth>
				<min_bandwidth />
				<max_bandwidth />
				<entry_nb_uniq_visitors>2</entry_nb_uniq_visitors>
				<entry_nb_visits>2</entry_nb_visits>
				<entry_nb_actions>13</entry_nb_actions>
				<entry_sum_visit_length>1</entry_sum_visit_length>
				<entry_bounce_count>1</entry_bounce_count>
				<exit_nb_uniq_visitors>1</exit_nb_uniq_visitors>
				<exit_nb_visits>1</exit_nb_visits>
				<avg_time_on_page>0</avg_time_on_page>
				<bounce_rate>50%</bounce_rate>
				<exit_rate>25%</exit_rate>
				<url>http://piwik.net/3/14</url>
				<segment>pageUrl==http%253A%252F%252Fpiwik.net%252F3%252F14</segment>
			</row>
			<row>
				<label>/15</label>
				<nb_visits>4</nb_visits>
				<nb_uniq_visitors>4</nb_uniq_visitors>
				<nb_hits>4</nb_hits>
				<sum_time_spent>0</sum_time_spent>
				<sum_bandwidth>0</sum_bandwidth>
				<nb_hits_with_bandwidth>0</nb_hits_with_bandwidth>
				<min_bandwidth />
				<max_bandwidth />
				<entry_nb_uniq_visitors>2</entry_nb_uniq_visitors>
				<entry_nb_visits>2</entry_nb_visits>
				<entry_nb_actions>15</entry_nb_actions>
				<entry_sum_visit_length>1</entry_sum_visit_length>
				<entry_bounce_count>1</entry_bounce_count>
				<exit_nb_uniq_visitors>1</exit_nb_uniq_visitors>
				<exit_nb_visits>1</exit_nb_visits>
				<avg_time_on_page>0</avg_time_on_page>
				<bounce_rate>50%</bounce_rate>
				<exit_rate>25%</exit_rate>
				<url>http://piwik.net/3/15</url>
				<segment>pageUrl==http%253A%252F%252Fpiwik.net%252F3%252F15</segment>
			</row>
			<row>
				<label>/index</label>
				<nb_visits>1</nb_visits>
				<nb_uniq_visitors>1</nb_uniq_visitors>
				<nb_hits>1</nb_hits>
				<sum_time_spent>0</sum_time_spent>
				<sum_bandwidth>0</sum_bandwidth>
				<nb_hits_with_bandwidth>0</nb_hits_with_bandwidth>
				<min_bandwidth />
				<max_bandwidth />
				<entry_nb_uniq_visitors>1</entry_nb_uniq_visitors>
				<entry_nb_visits>1</entry_nb_visits>
				<entry_nb_actions>1</entry_nb_actions>
				<entry_sum_visit_length>0</entry_sum_visit_length>
				<entry_bounce_count>1</entry_bounce_count>
				<exit_nb_uniq_visitors>1</exit_nb_uniq_visitors>
				<exit_nb_visits>1</exit_nb_visits>
				<avg_time_on_page>0</avg_time_on_page>
				<bounce_rate>100%</bounce_rate>
				<exit_rate>100%</exit_rate>
				<url>http://piwik.net/3/</url>
				<segment>pageUrl==http%253A%252F%252Fpiwik.net%252F3%252F</segment>
			</row>
		</subtable>
	</row>
	<row>
		<label>2</label>
		<nb_visits>13</nb_visits>
		<nb_hits>13</nb_hits>
		<sum_time_spent>0</sum_time_spent>
		<sum_bandwidth>0</sum_bandwidth>
		<nb_hits_with_bandwidth>0</nb_hits_with_bandwidth>
		<min_bandwidth />
		<max_bandwidth />
		<entry_nb_visits>7</entry_nb_visits>
		<entry_nb_actions>23</entry_nb_actions>
		<entry_sum_visit_length>2</entry_sum_visit_length>
		<entry_bounce_count>5</entry_bounce_count>
		<exit_nb_visits>6</exit_nb_visits>
		<avg_bandwidth>0</avg_bandwidth>
		<avg_page_load_time>0</avg_page_load_time>
		<avg_time_on_page>0</avg_time_on_page>
		<bounce_rate>71%</bounce_rate>
		<exit_rate>46%</exit_rate>
		<segment>pageUrl=^http%253A%252F%252Fpiwik.net%252F2</segment>
		<subtable>
			<row>
				<label>/8</label>
				<nb_visits>3</nb_visits>
				<nb_uniq_visitors>3</nb_uniq_visitors>
				<nb_hits>3</nb_hits>
				<sum_time_spent>0</sum_time_spent>
				<sum_bandwidth>0</sum_bandwidth>
				<nb_hits_with_bandwidth>0</nb_hits_with_bandwidth>
				<min_bandwidth />
				<max_bandwidth />
				<entry_nb_uniq_visitors>1</entry_nb_uniq_visitors>
				<entry_nb_visits>1</entry_nb_visits>
				<entry_nb_actions>1</entry_nb_actions>
				<entry_sum_visit_length>0</entry_sum_visit_length>
				<entry_bounce_count>1</entry_bounce_count>
				<exit_nb_uniq_visitors>2</exit_nb_uniq_visitors>
				<exit_nb_visits>2</exit_nb_visits>
				<avg_time_on_page>0</avg_time_on_page>
				<bounce_rate>100%</bounce_rate>
				<exit_rate>67%</exit_rate>
				<url>http://piwik.net/2/8</url>
				<segment>pageUrl==http%253A%252F%252Fpiwik.net%252F2%252F8</segment>
			</row>
			<row>
				<label>/9</label>
				<nb_visits>3</nb_visits>
				<nb_uniq_visitors>3</nb_uniq_visitors>
				<nb_hits>3</nb_hits>
				<sum_time_spent>0</sum_time_spent>
				<sum_bandwidth>0</sum_bandwidth>
				<nb_hits_with_bandwidth>0</nb_hits_with_bandwidth>
				<min_bandwidth />
				<max_bandwidth />
				<entry_nb_uniq_visitors>1</entry_nb_uniq_visitors>
				<entry_nb_visits>1</entry_nb_visits>
				<entry_nb_actions>1</entry_nb_actions>
				<entry_sum_visit_length>0</entry_sum_visit_length>
				<entry_bounce_count>1</entry_bounce_count>
				<exit_nb_uniq_visitors>1</exit_nb_uniq_visitors>
				<exit_nb_visits>1</exit_nb_visits>
				<avg_time_on_page>0</avg_time_on_page>
				<bounce_rate>100%</bounce_rate>
				<exit_rate>33%</exit_rate>
				<url>http://piwik.net/2/9</url>
				<segment>pageUrl==http%253A%252F%252Fpiwik.net%252F2%252F9</segment>
			</row>
			<row>
				<label>/10</label>
				<nb_visits>3</nb_visits>
				<nb_uniq_visitors>3</nb_uniq_visitors>
				<nb_hits>3</nb_hits>
				<sum_time_spent>0</sum_time_spent>
				<sum_bandwidth>0</sum_bandwidth>
				<nb_hits_with_bandwidth>0</nb_hits_with_bandwidth>
				<min_bandwidth />
				<max_bandwidth />
				<entry_nb_uniq_visitors>2</entry_nb_uniq_visitors>
				<entry_nb_visits>2</entry_nb_visits>
				<entry_nb_actions>9</entry_nb_actions>
				<entry_sum_visit_length>1</entry_sum_visit_length>
				<entry_bounce_count>1</entry_bounce_count>
				<exit_nb_uniq_visitors>1</exit_nb_uniq_visitors>
				<exit_nb_visits>1</exit_nb_visits>
				<avg_time_on_page>0</avg_time_on_page>
				<bounce_rate>50%</bounce_rate>
				<exit_rate>33%</exit_rate>
				<url>http://piwik.net/2/10</url>
				<segment>pageUrl==http%253A%252F%252Fpiwik.net%252F2%252F10</segment>
			</row>
			<row>
				<label>/11</label>
				<nb_visits>3</nb_visits>
				<nb_uniq_visitors>3</nb_uniq_visitors>
				<nb_hits>3</nb_hits>
				<sum_time_spent>0</sum_time_spent>
				<sum_bandwidth>0</sum_bandwidth>
				<nb_hits_with_bandwidth>0</nb_hits_with_bandwidth>
				<min_bandwidth />
				<max_bandwidth />
				<entry_nb_uniq_visitors>2</entry_nb_uniq_visitors>
				<entry_nb_visits>2</entry_nb_visits>
				<entry_nb_actions>11</entry_nb_actions>
				<entry_sum_visit_length>1</entry_sum_visit_length>
				<entry_bounce_count>1</entry_bounce_count>
				<exit_nb_uniq_visitors>1</exit_nb_uniq_visitors>
				<exit_nb_visits>1</exit_nb_visits>
				<avg_time_on_page>0</avg_time_on_page>
				<bounce_rate>50%</bounce_rate>
				<exit_rate>33%</exit_rate>
				<url>http://piwik.net/2/11</url>
				<segment>pageUrl==http%253A%252F%252Fpiwik.net%252F2%252F11</segment>
			</row>
			<row>
				<label>/index</label>
				<nb_visits>1</nb_visits>
				<nb_uniq_visitors>1</nb_uniq_visitors>
				<nb_hits>1</nb_hits>
				<sum_time_spent>0</sum_time_spent>
				<sum_bandwidth>0</sum_bandwidth>
				<nb_hits_with_bandwidth>0</nb_hits_with_bandwidth>
				<min_bandwidth />
				<max_bandwidth />
				<entry_nb_uniq_visitors>1</entry_nb_uniq_visitors>
				<entry_nb_visits>1</entry_nb_visits>
				<entry_nb_actions>1</entry_nb_actions>
				<entry_sum_visit_length>0</entry_sum_visit_length>
				<entry_bounce_count>1</entry_bounce_count>
				<exit_nb_uniq_visitors>1</exit_nb_uniq_visitors>
				<exit_nb_visits>1</exit_nb_visits>
				<avg_time_on_page>0</avg_time_on_page>
				<bounce_rate>100%</bounce_rate>
				<exit_rate>100%</exit_rate>
				<url>http://piwik.net/2/</url>
				<segment>pageUrl==http%253A%252F%252Fpiwik.net%252F2%252F</segment>
			</row>
		</subtable>
	</row>
	<row>
		<label>1</label>
		<nb_visits>9</nb_visits>
		<nb_hits>9</nb_hits>
		<sum_time_spent>0</sum_time_spent>
		<sum_bandwidth>0</sum_bandwidth>
		<nb_hits_with_bandwidth>0</nb_hits_with_bandwidth>
		<min_bandwidth />
		<max_bandwidth />
		<entry_nb_visits>9</entry_nb_visits>
		<entry_nb_actions>18</entry_nb_actions>
		<entry_sum_visit_length>3</entry_sum_visit_length>
		<entry_bounce_count>6</entry_bounce_count>
		<exit_nb_visits>6</exit_nb_visits>
		<avg_bandwidth>0</avg_bandwidth>
		<avg_page_load_time>0</avg_page_load_time>
		<avg_time_on_page>0</avg_time_on_page>
		<bounce_rate>67%</bounce_rate>
		<exit_rate>67%</exit_rate>
		<segment>pageUrl=^http%253A%252F%252Fpiwik.net%252F1</segment>
		<subtable>
			<row>
				<label>/4</label>
				<nb_visits>2</nb_visits>
				<nb_uniq_visitors>2</nb_uniq_visitors>
				<nb_hits>2</nb_hits>
				<sum_time_spent>0</sum_time_spent>
				<sum_bandwidth>0</sum_bandwidth>
				<nb_hits_with_bandwidth>0</nb_hits_with_bandwidth>
				<min_bandwidth />
				<max_bandwidth />
				<entry_nb_uniq_visitors>2</entry_nb_uniq_visitors>
				<entry_nb_visits>2</entry_nb_visits>
				<entry_nb_actions>2</entry_nb_actions>
				<entry_sum_visit_length>0</entry_sum_visit_length>
				<entry_bounce_count>2</entry_bounce_count>
				<exit_nb_uniq_visitors>2</exit_nb_uniq_visitors>
				<exit_nb_visits>2</exit_nb_visits>
				<avg_time_on_page>0</avg_time_on_page>
				<bounce_rate>100%</bounce_rate>
				<exit_rate>100%</exit_rate>
				<url>http://piwik.net/1/4</url>
				<segment>pageUrl==http%253A%252F%252Fpiwik.net%252F1%252F4</segment>
			</row>
			<row>
				<label>/5</label>
				<nb_visits>2</nb_visits>
				<nb_uniq_visitors>2</nb_uniq_visitors>
				<nb_hits>2</nb_hits>
				<sum_time_spent>0</sum_time_spent>
				<sum_bandwidth>0</sum_bandwidth>
				<nb_hits_with_bandwidth>0</nb_hits_with_bandwidth>
				<min_bandwidth />
				<max_bandwidth />
				<entry_nb_uniq_visitors>2</entry_nb_uniq_visitors>
				<entry_nb_visits>2</entry_nb_visits>
				<entry_nb_actions>3</entry_nb_actions>
				<entry_sum_visit_length>1</entry_sum_visit_length>
				<entry_bounce_count>1</entry_bounce_count>
				<exit_nb_uniq_visitors>1</exit_nb_uniq_visitors>
				<exit_nb_visits>1</exit_nb_visits>
				<avg_time_on_page>0</avg_time_on_page>
				<bounce_rate>50%</bounce_rate>
				<exit_rate>50%</exit_rate>
				<url>http://piwik.net/1/5</url>
				<segment>pageUrl==http%253A%252F%252Fpiwik.net%252F1%252F5</segment>
			</row>
			<row>
				<label>/6</label>
				<nb_visits>2</nb_visits>
				<nb_uniq_visitors>2</nb_uniq_visitors>
				<nb_hits>2</nb_hits>
				<sum_time_spent>0</sum_time_spent>
				<sum_bandwidth>0</sum_bandwidth>
				<nb_hits_with_bandwidth>0</nb_hits_with_bandwidth>
				<min_bandwidth />
				<max_bandwidth />
				<entry_nb_uniq_visitors>2</entry_nb_uniq_visitors>
				<entry_nb_visits>2</entry_nb_visits>
				<entry_nb_actions>5</entry_nb_actions>
				<entry_sum_visit_length>1</entry_sum_visit_length>
				<entry_bounce_count>1</entry_bounce_count>
				<exit_nb_uniq_visitors>1</exit_nb_uniq_visitors>
				<exit_nb_visits>1</exit_nb_visits>
				<avg_time_on_page>0</avg_time_on_page>
				<bounce_rate>50%</bounce_rate>
				<exit_rate>50%</exit_rate>
				<url>http://piwik.net/1/6</url>
				<segment>pageUrl==http%253A%252F%252Fpiwik.net%252F1%252F6</segment>
			</row>
			<row>
				<label>/7</label>
				<nb_visits>2</nb_visits>
				<nb_uniq_visitors>2</nb_uniq_visitors>
				<nb_hits>2</nb_hits>
				<sum_time_spent>0</sum_time_spent>
				<sum_bandwidth>0</sum_bandwidth>
				<nb_hits_with_bandwidth>0</nb_hits_with_bandwidth>
				<min_bandwidth />
				<max_bandwidth />
				<entry_nb_uniq_visitors>2</entry_nb_uniq_visitors>
				<entry_nb_visits>2</entry_nb_visits>
				<entry_nb_actions>7</entry_nb_actions>
				<entry_sum_visit_length>1</entry_sum_visit_length>
				<entry_bounce_count>1</entry_bounce_count>
				<exit_nb_uniq_visitors>1</exit_nb_uniq_visitors>
				<exit_nb_visits>1</exit_nb_visits>
				<avg_time_on_page>0</avg_time_on_page>
				<bounce_rate>50%</bounce_rate>
				<exit_rate>50%</exit_rate>
				<url>http://piwik.net/1/7</url>
				<segment>pageUrl==http%253A%252F%252Fpiwik.net%252F1%252F7</segment>
			</row>
			<row>
				<label>/index</label>
				<nb_visits>1</nb_visits>
				<nb_uniq_visitors>1</nb_uniq_visitors>
				<nb_hits>1</nb_hits>
				<sum_time_spent>0</sum_time_spent>
				<sum_bandwidth>0</sum_bandwidth>
				<nb_hits_with_bandwidth>0</nb_hits_with_bandwidth>
				<min_bandwidth />
				<max_bandwidth />
				<entry_nb_uniq_visitors>1</entry_nb_uniq_visitors>
				<entry_nb_visits>1</entry_nb_visits>
				<entry_nb_actions>1</entry_nb_actions>
				<entry_sum_visit_length>0</entry_sum_visit_length>
				<entry_bounce_count>1</entry_bounce_count>
				<exit_nb_uniq_visitors>1</exit_nb_uniq_visitors>
				<exit_nb_visits>1</exit_nb_visits>
				<avg_time_on_page>0</avg_time_on_page>
				<bounce_rate>100%</bounce_rate>
				<exit_rate>100%</exit_rate>
				<url>http://piwik.net/1/</url>
				<segment>pageUrl==http%253A%252F%252Fpiwik.net%252F1%252F</segment>
			</row>
		</subtable>
	</row>
	<row>
		<label>0</label>
		<nb_visits>5</nb_visits>
		<nb_hits>5</nb_hits>
		<sum_time_spent>0</sum_time_spent>
		<sum_bandwidth>0</sum_bandwidth>
		<nb_hits_with_bandwidth>0</nb_hits_with_bandwidth>
		<min_bandwidth />
		<max_bandwidth />
		<entry_nb_visits>5</entry_nb_visits>
		<entry_nb_actions>5</entry_nb_actions>
		<entry_sum_visit_length>0</entry_sum_visit_length>
		<entry_bounce_count>5</entry_bounce_count>
		<exit_nb_visits>5</exit_nb_visits>
		<avg_bandwidth>0</avg_bandwidth>
		<avg_page_load_time>0</avg_page_load_time>
		<avg_time_on_page>0</avg_time_on_page>
		<bounce_rate>100%</bounce_rate>
		<exit_rate>100%</exit_rate>
		<segment>pageUrl=^http%253A%252F%252Fpiwik.net%252F0</segment>
		<subtable>
			<row>
				<label>/0</label>
				<nb_visits>1</nb_visits>
				<nb_uniq_visitors>1</nb_uniq_visitors>
				<nb_hits>1</nb_hits>
				<sum_time_spent>0</sum_time_spent>
				<sum_bandwidth>0</sum_bandwidth>
				<nb_hits_with_bandwidth>0</nb_hits_with_bandwidth>
				<min_bandwidth />
				<max_bandwidth />
				<entry_nb_uniq_visitors>1</entry_nb_uniq_visitors>
				<entry_nb_visits>1</entry_nb_visits>
				<entry_nb_actions>1</entry_nb_actions>
				<entry_sum_visit_length>0</entry_sum_visit_length>
				<entry_bounce_count>1</entry_bounce_count>
				<exit_nb_uniq_visitors>1</exit_nb_uniq_visitors>
				<exit_nb_visits>1</exit_nb_visits>
				<avg_time_on_page>0</avg_time_on_page>
				<bounce_rate>100%</bounce_rate>
				<exit_rate>100%</exit_rate>
				<url>http://piwik.net/0/0</url>
				<segment>pageUrl==http%253A%252F%252Fpiwik.net%252F0%252F0</segment>
			</row>
			<row>
				<label>/1</label>
				<nb_visits>1</nb_visits>
				<nb_uniq_visitors>1</nb_uniq_visitors>
				<nb_hits>1</nb_hits>
				<sum_time_spent>0</sum_time_spent>
				<sum_bandwidth>0</sum_bandwidth>
				<nb_hits_with_bandwidth>0</nb_hits_with_bandwidth>
				<min_bandwidth />
				<max_bandwidth />
				<entry_nb_uniq_visitors>1</entry_nb_uniq_visitors>
				<entry_nb_visits>1</entry_nb_visits>
				<entry_nb_actions>1</entry_nb_actions>
				<entry_sum_visit_length>0</entry_sum_visit_length>
				<entry_bounce_count>1</entry_bounce_count>
				<exit_nb_uniq_visitors>1</exit_nb_uniq_visitors>
				<exit_nb_visits>1</exit_nb_visits>
				<avg_time_on_page>0</avg_time_on_page>
				<bounce_rate>100%</bounce_rate>
				<exit_rate>100%</exit_rate>
				<url>http://piwik.net/0/1</url>
				<segment>pageUrl==http%253A%252F%252Fpiwik.net%252F0%252F1</segment>
			</row>
			<row>
				<label>/2</label>
				<nb_visits>1</nb_visits>
				<nb_uniq_visitors>1</nb_uniq_visitors>
				<nb_hits>1</nb_hits>
				<sum_time_spent>0</sum_time_spent>
				<sum_bandwidth>0</sum_bandwidth>
				<nb_hits_with_bandwidth>0</nb_hits_with_bandwidth>
				<min_bandwidth />
				<max_bandwidth />
				<entry_nb_uniq_visitors>1</entry_nb_uniq_visitors>
				<entry_nb_visits>1</entry_nb_visits>
				<entry_nb_actions>1</entry_nb_actions>
				<entry_sum_visit_length>0</entry_sum_visit_length>
				<entry_bounce_count>1</entry_bounce_count>
				<exit_nb_uniq_visitors>1</exit_nb_uniq_visitors>
				<exit_nb_visits>1</exit_nb_visits>
				<avg_time_on_page>0</avg_time_on_page>
				<bounce_rate>100%</bounce_rate>
				<exit_rate>100%</exit_rate>
				<url>http://piwik.net/0/2</url>
				<segment>pageUrl==http%253A%252F%252Fpiwik.net%252F0%252F2</segment>
			</row>
			<row>
				<label>/3</label>
				<nb_visits>1</nb_visits>
				<nb_uniq_visitors>1</nb_uniq_visitors>
				<nb_hits>1</nb_hits>
				<sum_time_spent>0</sum_time_spent>
				<sum_bandwidth>0</sum_bandwidth>
				<nb_hits_with_bandwidth>0</nb_hits_with_bandwidth>
				<min_bandwidth />
				<max_bandwidth />
				<entry_nb_uniq_visitors>1</entry_nb_uniq_visitors>
				<entry_nb_visits>1</entry_nb_visits>
				<entry_nb_actions>1</entry_nb_actions>
				<entry_sum_visit_length>0</entry_sum_visit_length>
				<entry_bounce_count>1</entry_bounce_count>
				<exit_nb_uniq_visitors>1</exit_nb_uniq_visitors>
				<exit_nb_visits>1</exit_nb_visits>
				<avg_time_on_page>0</avg_time_on_page>
				<bounce_rate>100%</bounce_rate>
				<exit_rate>100%</exit_rate>
				<url>http://piwik.net/0/3</url>
				<segment>pageUrl==http%253A%252F%252Fpiwik.net%252F0%252F3</segment>
			</row>
			<row>
				<label>/index</label>
				<nb_visits>1</nb_visits>
				<nb_uniq_visitors>1</nb_uniq_visitors>
				<nb_hits>1</nb_hits>
				<sum_time_spent>0</sum_time_spent>
				<sum_bandwidth>0</sum_bandwidth>
				<nb_hits_with_bandwidth>0</nb_hits_with_bandwidth>
				<min_bandwidth />
				<max_bandwidth />
				<entry_nb_uniq_visitors>1</entry_nb_uniq_visitors>
				<entry_nb_visits>1</entry_nb_visits>
				<entry_nb_actions>1</entry_nb_actions>
				<entry_sum_visit_length>0</entry_sum_visit_length>
				<entry_bounce_count>1</entry_bounce_count>
				<exit_nb_uniq_visitors>1</exit_nb_uniq_visitors>
				<exit_nb_visits>1</exit_nb_visits>
				<avg_time_on_page>0</avg_time_on_page>
				<bounce_rate>100%</bounce_rate>
				<exit_rate>100%</exit_rate>
				<url>http://piwik.net/0/</url>
				<segment>pageUrl==http%253A%252F%252Fpiwik.net%252F0%252F</segment>
			</row>
		</subtable>
	</row>
</result>