<?xml version="1.0" encoding="utf-8" ?>
<result>
	<row>
		<label> bought book</label>
		<nb_visits>25</nb_visits>
		<nb_hits>25</nb_hits>
		<sum_time_spent>0</sum_time_spent>
		<sum_bandwidth>0</sum_bandwidth>
		<nb_hits_with_bandwidth>0</nb_hits_with_bandwidth>
		<min_bandwidth />
		<max_bandwidth />
		<entry_nb_visits>25</entry_nb_visits>
		<entry_nb_actions>25</entry_nb_actions>
		<entry_sum_visit_length>0</entry_sum_visit_length>
		<entry_bounce_count>25</entry_bounce_count>
		<exit_nb_visits>25</exit_nb_visits>
		<sum_daily_nb_uniq_visitors>25</sum_daily_nb_uniq_visitors>
		<sum_daily_entry_nb_uniq_visitors>25</sum_daily_entry_nb_uniq_visitors>
		<sum_daily_exit_nb_uniq_visitors>25</sum_daily_exit_nb_uniq_visitors>
		<avg_bandwidth>0</avg_bandwidth>
		<avg_page_load_time>0</avg_page_load_time>
		<avg_time_on_page>0</avg_time_on_page>
		<bounce_rate>100%</bounce_rate>
		<exit_rate>100%</exit_rate>
		<segment>pageTitle==bought%2Bbook</segment>
	</row>
	<row>
		<label> title_8 / title_32</label>
		<nb_visits>8</nb_visits>
		<nb_hits>8</nb_hits>
		<sum_time_spent>0</sum_time_spent>
		<sum_bandwidth>0</sum_bandwidth>
		<nb_hits_with_bandwidth>0</nb_hits_with_bandwidth>
		<min_bandwidth />
		<max_bandwidth />
		<exit_nb_visits>1</exit_nb_visits>
		<sum_daily_nb_uniq_visitors>8</sum_daily_nb_uniq_visitors>
		<sum_daily_exit_nb_uniq_visitors>1</sum_daily_exit_nb_uniq_visitors>
		<avg_bandwidth>0</avg_bandwidth>
		<avg_page_load_time>0</avg_page_load_time>
		<avg_time_on_page>0</avg_time_on_page>
		<bounce_rate>0%</bounce_rate>
		<exit_rate>13%</exit_rate>
		<segment>pageTitle==title_8%2B%252F%2Btitle_32</segment>
	</row>
	<row>
		<label> title_8 / title_33</label>
		<nb_visits>8</nb_visits>
		<nb_hits>8</nb_hits>
		<sum_time_spent>0</sum_time_spent>
		<sum_bandwidth>0</sum_bandwidth>
		<nb_hits_with_bandwidth>0</nb_hits_with_bandwidth>
		<min_bandwidth />
		<max_bandwidth />
		<exit_nb_visits>1</exit_nb_visits>
		<sum_daily_nb_uniq_visitors>8</sum_daily_nb_uniq_visitors>
		<sum_daily_exit_nb_uniq_visitors>1</sum_daily_exit_nb_uniq_visitors>
		<avg_bandwidth>0</avg_bandwidth>
		<avg_page_load_time>0</avg_page_load_time>
		<avg_time_on_page>0</avg_time_on_page>
		<bounce_rate>0%</bounce_rate>
		<exit_rate>13%</exit_rate>
		<segment>pageTitle==title_8%2B%252F%2Btitle_33</segment>
	</row>
	<row>
		<label>Others</label>
		<nb_visits>203</nb_visits>
		<nb_hits>203</nb_hits>
		<sum_time_spent>0</sum_time_spent>
		<sum_bandwidth>0</sum_bandwidth>
		<nb_hits_with_bandwidth>0</nb_hits_with_bandwidth>
		<min_bandwidth />
		<max_bandwidth />
		<entry_nb_visits>93</entry_nb_visits>
		<entry_nb_actions>219</entry_nb_actions>
		<entry_sum_visit_length>16</entry_sum_visit_length>
		<entry_bounce_count>77</entry_bounce_count>
		<exit_nb_visits>91</exit_nb_visits>
		<sum_daily_nb_uniq_visitors>14</sum_daily_nb_uniq_visitors>
		<sum_daily_entry_nb_uniq_visitors>7</sum_daily_entry_nb_uniq_visitors>
		<sum_daily_exit_nb_uniq_visitors>7</sum_daily_exit_nb_uniq_visitors>
		<avg_bandwidth>0</avg_bandwidth>
		<avg_page_load_time>0</avg_page_load_time>
		<avg_time_on_page>0</avg_time_on_page>
		<bounce_rate>83%</bounce_rate>
		<exit_rate>45%</exit_rate>
	</row>
</result>